Archive member included because of file (symbol)

d:/gnu_arm/bin/../lib/gcc/arm-none-eabi/4.9.3/armv7e-m\libgcc.a(_arm_addsubdf3.o)
                              ./stm32f4_mylib/src/USART.o (__aeabi_dadd)
d:/gnu_arm/bin/../lib/gcc/arm-none-eabi/4.9.3/armv7e-m\libgcc.a(_arm_fixunsdfsi.o)
                              ./stm32f4_mylib/src/USART.o (__aeabi_d2uiz)
d:/gnu_arm/bin/../lib/gcc/arm-none-eabi/4.9.3/armv7e-m\libgcc.a(_arm_addsubsf3.o)
                              ./stm32f4_mylib/src/USART.o (__aeabi_fsub)
d:/gnu_arm/bin/../lib/gcc/arm-none-eabi/4.9.3/armv7e-m\libgcc.a(_arm_muldivsf3.o)
                              ./stm32f4_mylib/src/USART.o (__aeabi_fmul)
d:/gnu_arm/bin/../lib/gcc/arm-none-eabi/4.9.3/armv7e-m\libgcc.a(_arm_fixunssfsi.o)
                              ./stm32f4_mylib/src/USART.o (__aeabi_f2uiz)
d:/gnu_arm/bin/../lib/gcc/arm-none-eabi/4.9.3/../../../../arm-none-eabi/lib/armv7e-m\libg_nano.a(lib_a-errno.o)
                              ./system/src/newlib/_sbrk.o (__errno)
d:/gnu_arm/bin/../lib/gcc/arm-none-eabi/4.9.3/../../../../arm-none-eabi/lib/armv7e-m\libg_nano.a(lib_a-impure.o)
                              d:/gnu_arm/bin/../lib/gcc/arm-none-eabi/4.9.3/../../../../arm-none-eabi/lib/armv7e-m\libg_nano.a(lib_a-errno.o) (_impure_ptr)
d:/gnu_arm/bin/../lib/gcc/arm-none-eabi/4.9.3/../../../../arm-none-eabi/lib/armv7e-m\libg_nano.a(lib_a-memcpy.o)
                              ./stm32f4_mylib/src/sd_card_reader.o (memcpy)
d:/gnu_arm/bin/../lib/gcc/arm-none-eabi/4.9.3/../../../../arm-none-eabi/lib/armv7e-m\libg_nano.a(lib_a-memset.o)
                              ./src/main.o (memset)
d:/gnu_arm/bin/../lib/gcc/arm-none-eabi/4.9.3/../../../../arm-none-eabi/lib/armv7e-m\libg_nano.a(lib_a-strlen.o)
                              ./system/src/diag/Trace.o (strlen)
d:/gnu_arm/bin/../lib/gcc/arm-none-eabi/4.9.3/../../../../arm-none-eabi/lib/armv7e-m\libg_nano.a(lib_a-vsnprintf.o)
                              ./system/src/diag/Trace.o (vsnprintf)
d:/gnu_arm/bin/../lib/gcc/arm-none-eabi/4.9.3/../../../../arm-none-eabi/lib/armv7e-m\libg_nano.a(lib_a-nano-svfprintf.o)
                              d:/gnu_arm/bin/../lib/gcc/arm-none-eabi/4.9.3/../../../../arm-none-eabi/lib/armv7e-m\libg_nano.a(lib_a-vsnprintf.o) (_svfprintf_r)
d:/gnu_arm/bin/../lib/gcc/arm-none-eabi/4.9.3/../../../../arm-none-eabi/lib/armv7e-m\libg_nano.a(lib_a-nano-vfprintf_i.o)
                              d:/gnu_arm/bin/../lib/gcc/arm-none-eabi/4.9.3/../../../../arm-none-eabi/lib/armv7e-m\libg_nano.a(lib_a-nano-svfprintf.o) (_printf_i)
d:/gnu_arm/bin/../lib/gcc/arm-none-eabi/4.9.3/../../../../arm-none-eabi/lib/armv7e-m\libg_nano.a(lib_a-memchr.o)
                              d:/gnu_arm/bin/../lib/gcc/arm-none-eabi/4.9.3/../../../../arm-none-eabi/lib/armv7e-m\libg_nano.a(lib_a-nano-svfprintf.o) (memchr)
d:/gnu_arm/bin/../lib/gcc/arm-none-eabi/4.9.3/../../../../arm-none-eabi/lib/armv7e-m\libg_nano.a(lib_a-memmove.o)
                              d:/gnu_arm/bin/../lib/gcc/arm-none-eabi/4.9.3/../../../../arm-none-eabi/lib/armv7e-m\libg_nano.a(lib_a-nano-svfprintf.o) (memmove)
d:/gnu_arm/bin/../lib/gcc/arm-none-eabi/4.9.3/../../../../arm-none-eabi/lib/armv7e-m\libg_nano.a(lib_a-nano-freer.o)
                              d:/gnu_arm/bin/../lib/gcc/arm-none-eabi/4.9.3/../../../../arm-none-eabi/lib/armv7e-m\libg_nano.a(lib_a-nano-svfprintf.o) (_free_r)
d:/gnu_arm/bin/../lib/gcc/arm-none-eabi/4.9.3/../../../../arm-none-eabi/lib/armv7e-m\libg_nano.a(lib_a-nano-mallocr.o)
                              d:/gnu_arm/bin/../lib/gcc/arm-none-eabi/4.9.3/../../../../arm-none-eabi/lib/armv7e-m\libg_nano.a(lib_a-nano-svfprintf.o) (_malloc_r)
d:/gnu_arm/bin/../lib/gcc/arm-none-eabi/4.9.3/../../../../arm-none-eabi/lib/armv7e-m\libg_nano.a(lib_a-nano-reallocr.o)
                              d:/gnu_arm/bin/../lib/gcc/arm-none-eabi/4.9.3/../../../../arm-none-eabi/lib/armv7e-m\libg_nano.a(lib_a-nano-svfprintf.o) (_realloc_r)
d:/gnu_arm/bin/../lib/gcc/arm-none-eabi/4.9.3/../../../../arm-none-eabi/lib/armv7e-m\libg_nano.a(lib_a-sbrkr.o)
                              d:/gnu_arm/bin/../lib/gcc/arm-none-eabi/4.9.3/../../../../arm-none-eabi/lib/armv7e-m\libg_nano.a(lib_a-nano-mallocr.o) (_sbrk_r)
d:/gnu_arm/bin/../lib/gcc/arm-none-eabi/4.9.3/../../../../arm-none-eabi/lib/armv7e-m\libg_nano.a(lib_a-nano-msizer.o)
                              d:/gnu_arm/bin/../lib/gcc/arm-none-eabi/4.9.3/../../../../arm-none-eabi/lib/armv7e-m\libg_nano.a(lib_a-nano-reallocr.o) (_malloc_usable_size_r)

Allocating common symbols
Common symbol       size              file

systick_delay_completed
                    0x1               ./src/main.o
uart_debug_log_buffer
                    0x4               ./stm32f4_mylib/src/USART.o
errno               0x4               ./system/src/newlib/_syscalls.o
remote_command_fifo
                    0xc               ./src/main.o
r1_response         0x1               ./stm32f4_mylib/src/sd_card_reader.o
[...]
Memory Configuration

Name             Origin             Length             Attributes
RAM              0x20000000         0x00020000         xrw
CCMRAM           0x10000000         0x00010000         xrw
FLASH            0x08000000         0x00100000         xr
FLASHB1          0x00000000         0x00000000         xr
EXTMEMB0         0x00000000         0x00000000         xr
EXTMEMB1         0x00000000         0x00000000         xr
EXTMEMB2         0x00000000         0x00000000         xr
EXTMEMB3         0x00000000         0x00000000         xr
MEMORY_ARRAY     0x20002000         0x00000020         xrw
*default*        0x00000000         0xffffffff

Linker script and memory map

LOAD ./system/src/stm32f4-hal/stm32f4xx_hal.o
LOAD ./system/src/stm32f4-hal/stm32f4xx_hal_cec.o
LOAD ./system/src/stm32f4-hal/stm32f4xx_hal_cortex.o
LOAD ./system/src/stm32f4-hal/stm32f4xx_hal_flash.o
LOAD ./system/src/stm32f4-hal/stm32f4xx_hal_flash_ex.o
LOAD ./system/src/stm32f4-hal/stm32f4xx_hal_flash_ramfunc.o
LOAD ./system/src/stm32f4-hal/stm32f4xx_hal_gpio.o
LOAD ./system/src/stm32f4-hal/stm32f4xx_hal_iwdg.o
LOAD ./system/src/stm32f4-hal/stm32f4xx_hal_pwr.o
LOAD ./system/src/stm32f4-hal/stm32f4xx_hal_pwr_ex.o
LOAD ./system/src/stm32f4-hal/stm32f4xx_hal_rcc.o
LOAD ./system/src/stm32f4-hal/stm32f4xx_hal_rcc_ex.o
LOAD ./system/src/newlib/_cxx.o
LOAD ./system/src/newlib/_exit.o
LOAD ./system/src/newlib/_sbrk.o
LOAD ./system/src/newlib/_startup.o
LOAD ./system/src/newlib/_syscalls.o
LOAD ./system/src/newlib/assert.o
LOAD ./system/src/diag/Trace.o
LOAD ./system/src/diag/trace_impl.o
LOAD ./system/src/cortexm/_initialize_hardware.o
LOAD ./system/src/cortexm/_reset_hardware.o
LOAD ./system/src/cortexm/exception_handlers.o
LOAD ./system/src/cmsis/system_stm32f4xx.o
LOAD ./system/src/cmsis/vectors_stm32f4xx.o
LOAD ./stm32f4_mylib/src/EXTI.o
LOAD ./stm32f4_mylib/src/GPIO.o
LOAD ./stm32f4_mylib/src/HD44780.o
LOAD ./stm32f4_mylib/src/I2C.o
LOAD ./stm32f4_mylib/src/NEC_remote_controller.o
LOAD ./stm32f4_mylib/src/RCC.o
LOAD ./stm32f4_mylib/src/TIM.o
LOAD ./stm32f4_mylib/src/USART.o
LOAD ./stm32f4_mylib/src/fifo.o
LOAD ./stm32f4_mylib/src/misc.o
LOAD ./stm32f4_mylib/src/sd_card_reader.o
LOAD ./stm32f4_mylib/src/spi.o
LOAD ./stm32f4_mylib/FatFS/diskio.o
LOAD ./stm32f4_mylib/FatFS/ff.o
LOAD ./src/_initialize_hardware.o
LOAD ./src/_write.o
LOAD ./src/main.o
LOAD d:/gnu_arm/bin/../lib/gcc/arm-none-eabi/4.9.3/../../../../arm-none-eabi/lib/armv7e-m\libstdc++_nano.a
LOAD d:/gnu_arm/bin/../lib/gcc/arm-none-eabi/4.9.3/../../../../arm-none-eabi/lib/armv7e-m\libm.a
START GROUP
LOAD d:/gnu_arm/bin/../lib/gcc/arm-none-eabi/4.9.3/armv7e-m\libgcc.a
LOAD d:/gnu_arm/bin/../lib/gcc/arm-none-eabi/4.9.3/../../../../arm-none-eabi/lib/armv7e-m\libg_nano.a
LOAD d:/gnu_arm/bin/../lib/gcc/arm-none-eabi/4.9.3/../../../../arm-none-eabi/lib/armv7e-m\libc_nano.a
END GROUP
START GROUP
LOAD d:/gnu_arm/bin/../lib/gcc/arm-none-eabi/4.9.3/armv7e-m\libgcc.a
LOAD d:/gnu_arm/bin/../lib/gcc/arm-none-eabi/4.9.3/../../../../arm-none-eabi/lib/armv7e-m\libc_nano.a
END GROUP
                0x20020000                __stack = (ORIGIN (RAM) + 0x20000)
                0x20020000                _estack = __stack
                0x00000400                __Main_Stack_Size = 0x400
                0x00000400                PROVIDE (_Main_Stack_Size, __Main_Stack_Size)
                0x2001fc00                __Main_Stack_Limit = (__stack - __Main_Stack_Size)
                0x2001fc00                PROVIDE (_Main_Stack_Limit, __Main_Stack_Limit)
                0x00000100                _Minimum_Stack_Size = 0x100
                0x200003ac                PROVIDE (_Heap_Begin, _end_noinit)
                0x2001fc00                PROVIDE (_Heap_Limit, (__stack - __Main_Stack_Size))

.isr_vector     0x08000000      0x3ec
 FILL mask 0xff
                0x08000000                __vectors_start = ABSOLUTE (.)
                0x08000000                __vectors_start__ = ABSOLUTE (.)
 *(.isr_vector)
 .isr_vector    0x08000000      0x188 ./system/src/cmsis/vectors_stm32f4xx.o
                0x08000000                __isr_vectors
 *(.cfmconfig)
 *(.after_vectors .after_vectors.*)
 .after_vectors
                0x08000188      0x130 ./system/src/newlib/_startup.o
                0x08000188                _start
 .after_vectors
                0x080002b8      0x130 ./system/src/cortexm/exception_handlers.o
                0x080002b8                Reset_Handler
                0x080002c0                NMI_Handler
                0x080002c4                HardFault_Handler
                0x080002d8                HardFault_Handler_C
                0x08000338                MemManage_Handler
                0x0800033c                BusFault_Handler
                0x08000350                BusFault_Handler_C
                0x08000384                UsageFault_Handler
                0x08000398                UsageFault_Handler_C
                0x080003cc                SVC_Handler
                0x080003d0                DebugMon_Handler
                0x080003d4                PendSV_Handler
 .after_vectors
                0x080003e8        0x4 ./system/src/cmsis/vectors_stm32f4xx.o
                0x080003e8                RTC_Alarm_IRQHandler
                0x080003e8                HASH_RNG_IRQHandler
                0x080003e8                EXTI2_IRQHandler
                0x080003e8                TIM8_CC_IRQHandler
                0x080003e8                TIM1_CC_IRQHandler
                0x080003e8                DMA2_Stream5_IRQHandler
                0x080003e8                DMA1_Stream5_IRQHandler
                0x080003e8                PVD_IRQHandler
                0x080003e8                SDIO_IRQHandler
                0x080003e8                TAMP_STAMP_IRQHandler
                0x080003e8                CAN2_RX1_IRQHandler
                0x080003e8                EXTI3_IRQHandler
                0x080003e8                TIM8_TRG_COM_TIM14_IRQHandler
                0x080003e8                TIM1_UP_TIM10_IRQHandler
                0x080003e8                TIM8_UP_TIM13_IRQHandler
                0x080003e8                I2C3_ER_IRQHandler
                0x080003e8                EXTI0_IRQHandler
                0x080003e8                I2C2_EV_IRQHandler
                0x080003e8                DMA1_Stream2_IRQHandler
                0x080003e8                CAN1_RX0_IRQHandler
                0x080003e8                FPU_IRQHandler
                0x080003e8                OTG_HS_WKUP_IRQHandler
                0x080003e8                CAN2_SCE_IRQHandler
                0x080003e8                DMA2_Stream2_IRQHandler
                0x080003e8                SPI1_IRQHandler
                0x080003e8                TIM6_DAC_IRQHandler
                0x080003e8                TIM1_BRK_TIM9_IRQHandler
                0x080003e8                DCMI_IRQHandler
                0x080003e8                CAN2_RX0_IRQHandler
                0x080003e8                DMA2_Stream3_IRQHandler
                0x080003e8                USART6_IRQHandler
                0x080003e8                USART3_IRQHandler
                0x080003e8                CAN1_RX1_IRQHandler
                0x080003e8                UART5_IRQHandler
                0x080003e8                DMA2_Stream0_IRQHandler
                0x080003e8                TIM4_IRQHandler
                0x080003e8                I2C1_EV_IRQHandler
                0x080003e8                DMA1_Stream6_IRQHandler
                0x080003e8                DMA1_Stream1_IRQHandler
                0x080003e8                UART4_IRQHandler
                0x080003e8                TIM3_IRQHandler
                0x080003e8                RCC_IRQHandler
                0x080003e8                TIM8_BRK_TIM12_IRQHandler
                0x080003e8                Default_Handler
                0x080003e8                ADC_IRQHandler
                0x080003e8                DMA1_Stream7_IRQHandler
                0x080003e8                CAN2_TX_IRQHandler
                0x080003e8                TIM5_IRQHandler
                0x080003e8                DMA2_Stream7_IRQHandler
                0x080003e8                I2C3_EV_IRQHandler
                0x080003e8                EXTI9_5_IRQHandler
                0x080003e8                RTC_WKUP_IRQHandler
                0x080003e8                ETH_WKUP_IRQHandler
                0x080003e8                OTG_HS_EP1_IN_IRQHandler
                0x080003e8                DMA1_Stream0_IRQHandler
                0x080003e8                CAN1_TX_IRQHandler
                0x080003e8                EXTI4_IRQHandler
                0x080003e8                FSMC_IRQHandler
                0x080003e8                ETH_IRQHandler
                0x080003e8                OTG_HS_EP1_OUT_IRQHandler
                0x080003e8                WWDG_IRQHandler
                0x080003e8                TIM2_IRQHandler
                0x080003e8                OTG_FS_WKUP_IRQHandler
                0x080003e8                TIM1_TRG_COM_TIM11_IRQHandler
                0x080003e8                OTG_HS_IRQHandler
                0x080003e8                EXTI1_IRQHandler
                0x080003e8                I2C2_ER_IRQHandler
                0x080003e8                DMA2_Stream1_IRQHandler
                0x080003e8                CAN1_SCE_IRQHandler
                0x080003e8                FLASH_IRQHandler
                0x080003e8                DMA2_Stream4_IRQHandler
                0x080003e8                USART1_IRQHandler
                0x080003e8                OTG_FS_IRQHandler
                0x080003e8                SPI3_IRQHandler
                0x080003e8                DMA1_Stream4_IRQHandler
                0x080003e8                I2C1_ER_IRQHandler
                0x080003e8                DMA2_Stream6_IRQHandler
                0x080003e8                DMA1_Stream3_IRQHandler

.inits          0x080003ec       0x28
                0x080003ec                __data_regions_array_start = .
                0x080003ec        0x4 LONG 0x8004e9c LOADADDR (.data)
                0x080003f0        0x4 LONG 0x20000000 ADDR (.data)
                0x080003f4        0x4 LONG 0x2000008c (ADDR (.data) + SIZEOF (.data))
                0x080003f8        0x4 LONG 0x8004e9c LOADADDR (.data_CCMRAM)
                0x080003fc        0x4 LONG 0x10000000 ADDR (.data_CCMRAM)
                0x08000400        0x4 LONG 0x10000000 (ADDR (.data_CCMRAM) + SIZEOF (.data_CCMRAM))
                0x08000404                __data_regions_array_end = .
                0x08000404                __bss_regions_array_start = .
                0x08000404        0x4 LONG 0x2000008c ADDR (.bss)
                0x08000408        0x4 LONG 0x200003ac (ADDR (.bss) + SIZEOF (.bss))
                0x0800040c        0x4 LONG 0x10000000 ADDR (.bss_CCMRAM)
                0x08000410        0x4 LONG 0x10000000 (ADDR (.bss_CCMRAM) + SIZEOF (.bss_CCMRAM))
                0x08000414                __bss_regions_array_end = .
 *(.init)
 *(.fini)
                0x08000414                . = ALIGN (0x4)
                0x08000414                PROVIDE (__preinit_array_start, .)
 *(.preinit_array_sysinit .preinit_array_sysinit.*)
 *(.preinit_array_platform .preinit_array_platform.*)
 *(.preinit_array .preinit_array.*)
                0x08000414                PROVIDE (__preinit_array_end, .)
                0x08000414                . = ALIGN (0x4)
                0x08000414                PROVIDE (__init_array_start, .)
 *(SORT(.init_array.*))
 *(.init_array)
                0x08000414                PROVIDE (__init_array_end, .)
                0x08000414                . = ALIGN (0x4)
                0x08000414                PROVIDE (__fini_array_start, .)
 *(SORT(.fini_array.*))
 *(.fini_array)
                0x08000414                PROVIDE (__fini_array_end, .)

.flashtext
 *(.flashtext .flashtext.*)

.text           0x08000414     0x4a87
 *(.text .text.*)
 .text.HAL_MspInit
                0x08000414        0x4 ./system/src/stm32f4-hal/stm32f4xx_hal.o
                0x08000414                HAL_MspInit
 .text.HAL_InitTick
                0x08000418       0x28 ./system/src/stm32f4-hal/stm32f4xx_hal.o
                0x08000418                HAL_InitTick
 .text.HAL_Init
                0x08000440       0x34 ./system/src/stm32f4-hal/stm32f4xx_hal.o
                0x08000440                HAL_Init
 .text.HAL_GetTick
                0x08000474        0xc ./system/src/stm32f4-hal/stm32f4xx_hal.o
                0x08000474                HAL_GetTick
 .text.HAL_NVIC_SetPriorityGrouping
                0x08000480       0x3c ./system/src/stm32f4-hal/stm32f4xx_hal_cortex.o
                0x08000480                HAL_NVIC_SetPriorityGrouping
 .text.HAL_NVIC_SetPriority
                0x080004bc       0x84 ./system/src/stm32f4-hal/stm32f4xx_hal_cortex.o
                0x080004bc                HAL_NVIC_SetPriority
 .text.HAL_SYSTICK_Config
                0x08000540       0x2c ./system/src/stm32f4-hal/stm32f4xx_hal_cortex.o
                0x08000540                HAL_SYSTICK_Config
 .text.HAL_SYSTICK_CLKSourceConfig
                0x0800056c       0x38 ./system/src/stm32f4-hal/stm32f4xx_hal_cortex.o
                0x0800056c                HAL_SYSTICK_CLKSourceConfig
 .text.HAL_RCC_OscConfig
                0x080005a4      0x4b4 ./system/src/stm32f4-hal/stm32f4xx_hal_rcc.o
                0x080005a4                HAL_RCC_OscConfig
 .text.HAL_RCC_ClockConfig
                0x08000a58      0x368 ./system/src/stm32f4-hal/stm32f4xx_hal_rcc.o
                0x08000a58                HAL_RCC_ClockConfig
 .text.HAL_RCC_GetSysClockFreq
                0x08000dc0       0x98 ./system/src/stm32f4-hal/stm32f4xx_hal_rcc.o
                0x08000dc0                HAL_RCC_GetSysClockFreq
 .text.HAL_RCC_GetHCLKFreq
                0x08000e58       0x38 ./system/src/stm32f4-hal/stm32f4xx_hal_rcc.o
                0x08000e58                HAL_RCC_GetHCLKFreq
 .text._exit    0x08000e90        0x4 ./system/src/newlib/_exit.o
                0x08000e90                _exit
 .text.abort    0x08000e94       0x14 ./system/src/newlib/_exit.o
                0x08000e94                abort
 .text._sbrk    0x08000ea8       0x44 ./system/src/newlib/_sbrk.o
                0x08000ea8                _sbrk
 .text.__initialize_args
                0x08000eec       0x10 ./system/src/newlib/_syscalls.o
                0x08000eec                __initialize_args
 .text.assert_failed
                0x08000efc       0x18 ./system/src/newlib/assert.o
                0x08000efc                assert_failed
 .text.trace_printf
                0x08000f14       0x34 ./system/src/diag/Trace.o
                0x08000f14                trace_printf
 .text.trace_puts
                0x08000f48       0x20 ./system/src/diag/Trace.o
                0x08000f48                trace_puts
 .text._trace_write_semihosting_debug
                0x08000f68       0x64 ./system/src/diag/trace_impl.o
 .text.trace_write
                0x08000fcc        0x8 ./system/src/diag/trace_impl.o
                0x08000fcc                trace_write
 .text.__initialize_hardware_early
                0x08000fd4        0x8 ./system/src/cortexm/_initialize_hardware.o
                0x08000fd4                __initialize_hardware_early
 .text.dumpExceptionStack
                0x08000fdc       0xf0 ./system/src/cortexm/exception_handlers.o
                0x08000fdc                dumpExceptionStack
 .text.isSemihosting
                0x080010cc       0x20 ./system/src/cortexm/exception_handlers.o
                0x080010cc                isSemihosting
 .text.SystemInit
                0x080010ec       0x40 ./system/src/cmsis/system_stm32f4xx.o
                0x080010ec                SystemInit
 .text.SystemCoreClockUpdate
                0x0800112c       0xa4 ./system/src/cmsis/system_stm32f4xx.o
                0x0800112c                SystemCoreClockUpdate
 .text.EXTI_InterruptFallingEdgeConfigure
                0x080011d0       0x14 ./stm32f4_mylib/src/EXTI.o
                0x080011d0                EXTI_InterruptFallingEdgeConfigure
 .text.Convert_Pin32_t_To_Pin16_t
                0x080011e4       0x28 ./stm32f4_mylib/src/GPIO.o
 .text.GPIO_OutputConfigure
                0x0800120c       0xac ./stm32f4_mylib/src/GPIO.o
                0x0800120c                GPIO_OutputConfigure
 .text.GPIO_InputConfigure
                0x080012b8       0x74 ./stm32f4_mylib/src/GPIO.o
                0x080012b8                GPIO_InputConfigure
 .text.GPIO_AlternateFunctionPrepare
                0x0800132c       0xa4 ./stm32f4_mylib/src/GPIO.o
                0x0800132c                GPIO_AlternateFunctionPrepare
 .text.GPIO_AlternateFunctionSet
                0x080013d0       0x64 ./stm32f4_mylib/src/GPIO.o
                0x080013d0                GPIO_AlternateFunctionSet
 .text.LCD_WriteNibble
                0x08001434       0x2c ./stm32f4_mylib/src/HD44780.o
 .text.LCD_WriteCommand
                0x08001460       0x48 ./stm32f4_mylib/src/HD44780.o
                0x08001460                LCD_WriteCommand
 .text.LCD_WriteData
                0x080014a8       0x34 ./stm32f4_mylib/src/HD44780.o
                0x080014a8                LCD_WriteData
 .text.NEC_Remote_Init
                0x080014dc       0x28 ./stm32f4_mylib/src/NEC_remote_controller.o
                0x080014dc                NEC_Remote_Init
 .text.EXTI15_10_IRQHandler
                0x08001504       0xa8 ./stm32f4_mylib/src/NEC_remote_controller.o
                0x08001504                EXTI15_10_IRQHandler
 .text.ResetRCC
                0x080015ac       0x58 ./stm32f4_mylib/src/RCC.o
                0x080015ac                ResetRCC
 .text.RCC_SetClockFrequency
                0x08001604       0xb0 ./stm32f4_mylib/src/RCC.o
                0x08001604                RCC_SetClockFrequency
 .text.TIM7_IRQHandler
                0x080016b4       0x1c ./stm32f4_mylib/src/TIM.o
                0x080016b4                TIM7_IRQHandler
 .text.TIM_Basic_Continuous_Counting
                0x080016d0       0x74 ./stm32f4_mylib/src/TIM.o
                0x080016d0                TIM_Basic_Continuous_Counting
 .text.TIM_Delay
                0x08001744       0x24 ./stm32f4_mylib/src/TIM.o
                0x08001744                TIM_Delay
 .text.TIM_PWMConfigure
                0x08001768      0x138 ./stm32f4_mylib/src/TIM.o
                0x08001768                TIM_PWMConfigure
 .text.USART2_IRQHandler
                0x080018a0       0x38 ./stm32f4_mylib/src/USART.o
                0x080018a0                USART2_IRQHandler
 .text.UART_DeInit
                0x080018d8        0xc ./stm32f4_mylib/src/USART.o
                0x080018d8                UART_DeInit
 .text.UART_Config
                0x080018e4       0xdc ./stm32f4_mylib/src/USART.o
                0x080018e4                UART_Config
 .text.Log_Uart
                0x080019c0       0x34 ./stm32f4_mylib/src/USART.o
                0x080019c0                Log_Uart
 .text.Fifo_Init
                0x080019f4       0x10 ./stm32f4_mylib/src/fifo.o
                0x080019f4                Fifo_Init
 .text.SysTick_CLKSourceConfig
                0x08001a04       0x3c ./stm32f4_mylib/src/misc.o
                0x08001a04                SysTick_CLKSourceConfig
 .text.SD_Send_Command
                0x08001a40      0x13c ./stm32f4_mylib/src/sd_card_reader.o
                0x08001a40                SD_Send_Command
 .text.SD_Card_Init
                0x08001b7c      0x124 ./stm32f4_mylib/src/sd_card_reader.o
                0x08001b7c                SD_Card_Init
 .text.SD_Read_Single_Block
                0x08001ca0       0xa8 ./stm32f4_mylib/src/sd_card_reader.o
                0x08001ca0                SD_Read_Single_Block
 .text.SPI2_IRQHandler
                0x08001d48       0xb8 ./stm32f4_mylib/src/spi.o
                0x08001d48                SPI2_IRQHandler
 .text.SPI_De_Init
                0x08001e00       0x14 ./stm32f4_mylib/src/spi.o
                0x08001e00                SPI_De_Init
 .text.SPI_Master_Init
                0x08001e14       0xd8 ./stm32f4_mylib/src/spi.o
                0x08001e14                SPI_Master_Init
 .text.SPI_Disable_Periph_Full_Duplex
                0x08001eec       0x48 ./stm32f4_mylib/src/spi.o
                0x08001eec                SPI_Disable_Periph_Full_Duplex
 .text.SPI_Change_Clock
                0x08001f34       0x1c ./stm32f4_mylib/src/spi.o
                0x08001f34                SPI_Change_Clock
 .text.SPI_Send_Data_Only
                0x08001f50       0x78 ./stm32f4_mylib/src/spi.o
                0x08001f50                SPI_Send_Data_Only
 .text.SPI_Receive_Data_Only
                0x08001fc8       0x84 ./stm32f4_mylib/src/spi.o
                0x08001fc8                SPI_Receive_Data_Only
 .text.disk_status
                0x0800204c       0x28 ./stm32f4_mylib/FatFS/diskio.o
                0x0800204c                disk_status
 .text.disk_initialize
                0x08002074       0x38 ./stm32f4_mylib/FatFS/diskio.o
                0x08002074                disk_initialize
 .text.disk_read
                0x080020ac       0x40 ./stm32f4_mylib/FatFS/diskio.o
                0x080020ac                disk_read
 .text.mem_cpy  0x080020ec       0x3c ./stm32f4_mylib/FatFS/ff.o
 .text.mem_set  0x08002128       0x34 ./stm32f4_mylib/FatFS/ff.o
 .text.mem_cmp  0x0800215c       0x50 ./stm32f4_mylib/FatFS/ff.o
 .text.chk_chr  0x080021ac       0x38 ./stm32f4_mylib/FatFS/ff.o
 .text.move_window
                0x080021e4       0x54 ./stm32f4_mylib/FatFS/ff.o
 .text.clust2sect
                0x08002238       0x40 ./stm32f4_mylib/FatFS/ff.o
                0x08002238                clust2sect
 .text.get_fat  0x08002278      0x168 ./stm32f4_mylib/FatFS/ff.o
                0x08002278                get_fat
 .text.dir_sdi  0x080023e0       0xfc ./stm32f4_mylib/FatFS/ff.o
 .text.dir_next
                0x080024dc       0xe8 ./stm32f4_mylib/FatFS/ff.o
 .text.ld_clust
                0x080025c4       0x5c ./stm32f4_mylib/FatFS/ff.o
 .text.dir_find
                0x08002620       0x94 ./stm32f4_mylib/FatFS/ff.o
 .text.create_name
                0x080026b4      0x178 ./stm32f4_mylib/FatFS/ff.o
 .text.follow_path
                0x0800282c       0xd4 ./stm32f4_mylib/FatFS/ff.o
 .text.get_ldnumber
                0x08002900       0x90 ./stm32f4_mylib/FatFS/ff.o
 .text.check_fs
                0x08002990       0xc4 ./stm32f4_mylib/FatFS/ff.o
 .text.find_volume
                0x08002a54      0x418 ./stm32f4_mylib/FatFS/ff.o
 .text.validate
                0x08002e6c       0x5c ./stm32f4_mylib/FatFS/ff.o
 .text.f_mount  0x08002ec8       0x88 ./stm32f4_mylib/FatFS/ff.o
                0x08002ec8                f_mount
 .text.f_open   0x08002f50      0x108 ./stm32f4_mylib/FatFS/ff.o
                0x08002f50                f_open
 .text.f_read   0x08003058      0x1fc ./stm32f4_mylib/FatFS/ff.o
                0x08003058                f_read
 .text.SystemClock_Config
                0x08003254       0x98 ./src/_initialize_hardware.o
                0x08003254                SystemClock_Config
 .text.__initialize_hardware
                0x080032ec       0x10 ./src/_initialize_hardware.o
                0x080032ec                __initialize_hardware
 .text.NVIC_SetPriorityGrouping
                0x080032fc       0x48 ./src/main.o
 .text.NVIC_EnableIRQ
                0x08003344       0x30 ./src/main.o
 .text.NVIC_SetPriority
                0x08003374       0x54 ./src/main.o
 .text.SysTick_Config
                0x080033c8       0x44 ./src/main.o
 .text.SysTick_Delay
                0x0800340c       0x3c ./src/main.o
                0x0800340c                SysTick_Delay
 .text.SysTick_Handler
                0x08003448       0x30 ./src/main.o
                0x08003448                SysTick_Handler
 .text.NVIC_Enable_Interrupts
                0x08003478       0x30 ./src/main.o
                0x08003478                NVIC_Enable_Interrupts
 .text.main     0x080034a8      0x24c ./src/main.o
                0x080034a8                main
 .text          0x080036f4      0x370 d:/gnu_arm/bin/../lib/gcc/arm-none-eabi/4.9.3/armv7e-m\libgcc.a(_arm_addsubdf3.o)
                0x080036f4                __aeabi_drsub
                0x080036fc                __aeabi_dsub
                0x080036fc                __subdf3
                0x08003700                __aeabi_dadd
                0x08003700                __adddf3
                0x08003978                __floatunsidf
                0x08003978                __aeabi_ui2d
                0x08003998                __floatsidf
                0x08003998                __aeabi_i2d
                0x080039bc                __aeabi_f2d
                0x080039bc                __extendsfdf2
                0x080039f8                __floatundidf
                0x080039f8                __aeabi_ul2d
                0x08003a08                __floatdidf
                0x08003a08                __aeabi_l2d
 .text          0x08003a64       0x40 d:/gnu_arm/bin/../lib/gcc/arm-none-eabi/4.9.3/armv7e-m\libgcc.a(_arm_fixunsdfsi.o)
                0x08003a64                __aeabi_d2uiz
                0x08003a64                __fixunsdfsi
 .text          0x08003aa4      0x21c d:/gnu_arm/bin/../lib/gcc/arm-none-eabi/4.9.3/armv7e-m\libgcc.a(_arm_addsubsf3.o)
                0x08003aa4                __aeabi_frsub
                0x08003aac                __subsf3
                0x08003aac                __aeabi_fsub
                0x08003ab0                __aeabi_fadd
                0x08003ab0                __addsf3
                0x08003c10                __aeabi_ui2f
                0x08003c10                __floatunsisf
                0x08003c18                __aeabi_i2f
                0x08003c18                __floatsisf
                0x08003c34                __aeabi_ul2f
                0x08003c34                __floatundisf
                0x08003c44                __aeabi_l2f
                0x08003c44                __floatdisf
 .text          0x08003cc0      0x2a0 d:/gnu_arm/bin/../lib/gcc/arm-none-eabi/4.9.3/armv7e-m\libgcc.a(_arm_muldivsf3.o)
                0x08003cc0                __mulsf3
                0x08003cc0                __aeabi_fmul
                0x08003e28                __aeabi_fdiv
                0x08003e28                __divsf3
 .text          0x08003f60       0x40 d:/gnu_arm/bin/../lib/gcc/arm-none-eabi/4.9.3/armv7e-m\libgcc.a(_arm_fixunssfsi.o)
                0x08003f60                __fixunssfsi
                0x08003f60                __aeabi_f2uiz
 .text.__errno  0x08003fa0        0xc d:/gnu_arm/bin/../lib/gcc/arm-none-eabi/4.9.3/../../../../arm-none-eabi/lib/armv7e-m\libg_nano.a(lib_a-errno.o)
                0x08003fa0                __errno
 .text.memcpy   0x08003fac       0x16 d:/gnu_arm/bin/../lib/gcc/arm-none-eabi/4.9.3/../../../../arm-none-eabi/lib/armv7e-m\libg_nano.a(lib_a-memcpy.o)
                0x08003fac                memcpy
 .text.memset   0x08003fc2       0x10 d:/gnu_arm/bin/../lib/gcc/arm-none-eabi/4.9.3/../../../../arm-none-eabi/lib/armv7e-m\libg_nano.a(lib_a-memset.o)
                0x08003fc2                memset
 .text.strlen   0x08003fd2       0x10 d:/gnu_arm/bin/../lib/gcc/arm-none-eabi/4.9.3/../../../../arm-none-eabi/lib/armv7e-m\libg_nano.a(lib_a-strlen.o)
                0x08003fd2                strlen
 .text._vsnprintf_r
                0x08003fe2       0x52 d:/gnu_arm/bin/../lib/gcc/arm-none-eabi/4.9.3/../../../../arm-none-eabi/lib/armv7e-m\libg_nano.a(lib_a-vsnprintf.o)
                0x08003fe2                _vsniprintf_r
                0x08003fe2                _vsnprintf_r
 .text.vsnprintf
                0x08004034       0x20 d:/gnu_arm/bin/../lib/gcc/arm-none-eabi/4.9.3/../../../../arm-none-eabi/lib/armv7e-m\libg_nano.a(lib_a-vsnprintf.o)
                0x08004034                vsniprintf
                0x08004034                vsnprintf
 .text.__ssputs_r
                0x08004054       0xb2 d:/gnu_arm/bin/../lib/gcc/arm-none-eabi/4.9.3/../../../../arm-none-eabi/lib/armv7e-m\libg_nano.a(lib_a-nano-svfprintf.o)
                0x08004054                __ssputs_r
 *fill*         0x08004106        0x2 
 .text._svfprintf_r
                0x08004108      0x1e4 d:/gnu_arm/bin/../lib/gcc/arm-none-eabi/4.9.3/../../../../arm-none-eabi/lib/armv7e-m\libg_nano.a(lib_a-nano-svfprintf.o)
                0x08004108                _svfiprintf_r
                0x08004108                _svfprintf_r
 .text._printf_common
                0x080042ec       0xea d:/gnu_arm/bin/../lib/gcc/arm-none-eabi/4.9.3/../../../../arm-none-eabi/lib/armv7e-m\libg_nano.a(lib_a-nano-vfprintf_i.o)
                0x080042ec                _printf_common
 *fill*         0x080043d6        0x2 
 .text._printf_i
                0x080043d8      0x240 d:/gnu_arm/bin/../lib/gcc/arm-none-eabi/4.9.3/../../../../arm-none-eabi/lib/armv7e-m\libg_nano.a(lib_a-nano-vfprintf_i.o)
                0x080043d8                _printf_i
 .text.memchr   0x08004618       0x1e d:/gnu_arm/bin/../lib/gcc/arm-none-eabi/4.9.3/../../../../arm-none-eabi/lib/armv7e-m\libg_nano.a(lib_a-memchr.o)
                0x08004618                memchr
 .text.memmove  0x08004636       0x36 d:/gnu_arm/bin/../lib/gcc/arm-none-eabi/4.9.3/../../../../arm-none-eabi/lib/armv7e-m\libg_nano.a(lib_a-memmove.o)
                0x08004636                memmove
 .text._free_r  0x0800466c       0x88 d:/gnu_arm/bin/../lib/gcc/arm-none-eabi/4.9.3/../../../../arm-none-eabi/lib/armv7e-m\libg_nano.a(lib_a-nano-freer.o)
                0x0800466c                _free_r
 .text._malloc_r
                0x080046f4       0xac d:/gnu_arm/bin/../lib/gcc/arm-none-eabi/4.9.3/../../../../arm-none-eabi/lib/armv7e-m\libg_nano.a(lib_a-nano-mallocr.o)
                0x080046f4                _malloc_r
 .text._realloc_r
                0x080047a0       0x4c d:/gnu_arm/bin/../lib/gcc/arm-none-eabi/4.9.3/../../../../arm-none-eabi/lib/armv7e-m\libg_nano.a(lib_a-nano-reallocr.o)
                0x080047a0                _realloc_r
 .text._sbrk_r  0x080047ec       0x20 d:/gnu_arm/bin/../lib/gcc/arm-none-eabi/4.9.3/../../../../arm-none-eabi/lib/armv7e-m\libg_nano.a(lib_a-sbrkr.o)
                0x080047ec                _sbrk_r
 .text._malloc_usable_size_r
                0x0800480c       0x14 d:/gnu_arm/bin/../lib/gcc/arm-none-eabi/4.9.3/../../../../arm-none-eabi/lib/armv7e-m\libg_nano.a(lib_a-nano-msizer.o)
                0x0800480c                _malloc_usable_size_r
 *(.rodata .rodata.* .constdata .constdata.*)
 .rodata.str1.4
                0x08004820       0x31 ./system/src/stm32f4-hal/stm32f4xx_hal_cortex.o
 *fill*         0x08004851        0x3 
 .rodata.APBAHBPrescTable
                0x08004854       0x10 ./system/src/stm32f4-hal/stm32f4xx_hal_rcc.o
                0x08004854                APBAHBPrescTable
 .rodata.str1.4
                0x08004864       0x2e ./system/src/stm32f4-hal/stm32f4xx_hal_rcc.o
 *fill*         0x08004892        0x2 
 .rodata.str1.4
                0x08004894       0x14 ./system/src/newlib/_exit.o
 .rodata.str1.4
                0x080048a8       0x6b ./system/src/newlib/assert.o
                                 0x6f (size before relaxing)
 *fill*         0x08004913        0x1 
 .rodata.str1.4
                0x08004914       0x29 ./system/src/diag/Trace.o
                                 0x2d (size before relaxing)
 *fill*         0x0800493d        0x3 
 .rodata.str1.4
                0x08004940      0x146 ./system/src/cortexm/exception_handlers.o
 *fill*         0x08004a86        0x2 
 .rodata.str1.4
                0x08004a88       0x30 ./stm32f4_mylib/src/misc.o
                                 0x2e (size before relaxing)
 .rodata        0x08004ab8      0x252 ./stm32f4_mylib/src/sd_card_reader.o
 *fill*         0x08004d0a        0x2 
 .rodata        0x08004d0c        0xf ./stm32f4_mylib/FatFS/ff.o
 *fill*         0x08004d1b        0x1 
 .rodata        0x08004d1c      0x14a ./src/main.o
 .rodata.str1.1
                0x08004e66        0x2 d:/gnu_arm/bin/../lib/gcc/arm-none-eabi/4.9.3/../../../../arm-none-eabi/lib/armv7e-m\libg_nano.a(lib_a-impure.o)
 .rodata.str1.1
                0x08004e68       0x11 d:/gnu_arm/bin/../lib/gcc/arm-none-eabi/4.9.3/../../../../arm-none-eabi/lib/armv7e-m\libg_nano.a(lib_a-nano-svfprintf.o)
 .rodata.str1.1
                0x08004e79       0x22 d:/gnu_arm/bin/../lib/gcc/arm-none-eabi/4.9.3/../../../../arm-none-eabi/lib/armv7e-m\libg_nano.a(lib_a-nano-vfprintf_i.o)
 *(vtable)
 *(.eh_frame*)
 *(.glue_7)
 .glue_7        0x00000000        0x0 linker stubs
 *(.glue_7t)
 .glue_7t       0x00000000        0x0 linker stubs

.vfp11_veneer   0x08004e9c        0x0
 .vfp11_veneer  0x00000000        0x0 linker stubs

.v4_bx          0x08004e9c        0x0
 .v4_bx         0x00000000        0x0 linker stubs

.iplt           0x08004e9c        0x0
 .iplt          0x00000000        0x0 ./system/src/stm32f4-hal/stm32f4xx_hal.o

.rel.dyn        0x08004e9c        0x0
 .rel.iplt      0x00000000        0x0 ./system/src/stm32f4-hal/stm32f4xx_hal.o

.ARM.extab
 *(.ARM.extab* .gnu.linkonce.armextab.*)
                0x08004e9c                . = ALIGN (0x4)
                0x08004e9c                __exidx_start = .

.ARM.exidx
 *(.ARM.exidx* .gnu.linkonce.armexidx.*)
                0x08004e9c                __exidx_end = .
                0x08004e9c                . = ALIGN (0x4)
                0x08004e9c                _etext = .
                0x08004e9c                __etext = .

.data_CCMRAM    0x10000000        0x0 load address 0x08004e9c
 FILL mask 0xff
 *(.data.CCMRAM .data.CCMRAM.*)
                0x10000000                . = ALIGN (0x4)
                0x08004e9c                _sidata = LOADADDR (.data)

.data           0x20000000       0x8c load address 0x08004e9c
 FILL mask 0xff
                0x20000000                _sdata = .
                0x20000000                __data_start__ = .
 *(.data_begin .data_begin.*)
 .data_begin    0x20000000        0x4 ./system/src/newlib/_startup.o
 *(.data .data.*)
 .data.argv.4157
                0x20000004        0x8 ./system/src/newlib/_syscalls.o
 .data.AHBPrescTable
                0x2000000c       0x10 ./system/src/cmsis/system_stm32f4xx.o
                0x2000000c                AHBPrescTable
 .data.SystemCoreClock
                0x2000001c        0x4 ./system/src/cmsis/system_stm32f4xx.o
                0x2000001c                SystemCoreClock
 .data.spi_clock_generating_char
                0x20000020        0x1 ./stm32f4_mylib/src/spi.o
                0x20000020                spi_clock_generating_char
 *fill*         0x20000021        0x3 
 .data.impure_data
                0x20000024       0x60 d:/gnu_arm/bin/../lib/gcc/arm-none-eabi/4.9.3/../../../../arm-none-eabi/lib/armv7e-m\libg_nano.a(lib_a-impure.o)
 .data._impure_ptr
                0x20000084        0x4 d:/gnu_arm/bin/../lib/gcc/arm-none-eabi/4.9.3/../../../../arm-none-eabi/lib/armv7e-m\libg_nano.a(lib_a-impure.o)
                0x20000084                _impure_ptr
 *(.data_end .data_end.*)
 .data_end      0x20000088        0x4 ./system/src/newlib/_startup.o
                0x2000008c                . = ALIGN (0x4)
                0x2000008c                _edata = .
                0x2000008c                __data_end__ = .

.igot.plt       0x2000008c        0x0 load address 0x08004f28
 .igot.plt      0x00000000        0x0 ./system/src/stm32f4-hal/stm32f4xx_hal.o

.bss_CCMRAM     0x10000000        0x0
 *(.bss.CCMRAM .bss.CCMRAM.*)

.bss            0x2000008c      0x320
                0x2000008c                __bss_start__ = .
                0x2000008c                _sbss = .
 *(.bss_begin .bss_begin.*)
 .bss_begin     0x2000008c        0x4 ./system/src/newlib/_startup.o
 *(.bss .bss.*)
 .bss.uwTick    0x20000090        0x4 ./system/src/stm32f4-hal/stm32f4xx_hal.o
 .bss.current_heap_end.3862
                0x20000094        0x4 ./system/src/newlib/_sbrk.o
 .bss.name.4156
                0x20000098        0x1 ./system/src/newlib/_syscalls.o
 *fill*         0x20000099        0x3 
 .bss.buf.4998  0x2000009c       0x80 ./system/src/diag/Trace.o
 .bss.starting_edge_timer_counter
                0x2000011c        0x2 ./stm32f4_mylib/src/NEC_remote_controller.o
 .bss.ending_edge_timer_counter
                0x2000011e        0x2 ./stm32f4_mylib/src/NEC_remote_controller.o
 .bss.decoded_command
                0x20000120        0x1 ./stm32f4_mylib/src/NEC_remote_controller.o
 .bss.bit_counter
                0x20000121        0x1 ./stm32f4_mylib/src/NEC_remote_controller.o
 *fill*         0x20000122        0x2 
 .bss.NEC_transmitted_message
                0x20000124        0x4 ./stm32f4_mylib/src/NEC_remote_controller.o
 .bss.TIM_delayFinished
                0x20000128        0x1 ./stm32f4_mylib/src/TIM.o
                0x20000128                TIM_delayFinished
 .bss.uart_transmission_in_progress
                0x20000129        0x1 ./stm32f4_mylib/src/USART.o
                0x20000129                uart_transmission_in_progress
 .bss.rx_byte_counter
                0x2000012a        0x2 ./stm32f4_mylib/src/spi.o
 .bss.tx_byte_counter
                0x2000012c        0x2 ./stm32f4_mylib/src/spi.o
 *fill*         0x2000012e        0x2 
 .bss.FatFs     0x20000130        0x4 ./stm32f4_mylib/FatFS/ff.o
 .bss.Fsid      0x20000134        0x2 ./stm32f4_mylib/FatFS/ff.o
 *fill*         0x20000136        0x2 
 .bss.__malloc_sbrk_start
                0x20000138        0x4 d:/gnu_arm/bin/../lib/gcc/arm-none-eabi/4.9.3/../../../../arm-none-eabi/lib/armv7e-m\libg_nano.a(lib_a-nano-mallocr.o)
                0x20000138                __malloc_sbrk_start
 .bss.__malloc_free_list
                0x2000013c        0x4 d:/gnu_arm/bin/../lib/gcc/arm-none-eabi/4.9.3/../../../../arm-none-eabi/lib/armv7e-m\libg_nano.a(lib_a-nano-mallocr.o)
                0x2000013c                __malloc_free_list
 *(COMMON)
 COMMON         0x20000140        0x4 ./system/src/newlib/_syscalls.o
                0x20000140                errno
 COMMON         0x20000144        0x4 ./stm32f4_mylib/src/USART.o
                0x20000144                uart_debug_log_buffer
 COMMON         0x20000148       0x20 ./stm32f4_mylib/src/sd_card_reader.o
                0x20000148                r1_response
                0x2000014c                error_token
                0x20000150                r3_response
                0x20000158                sd_card_csd_configuration_buffer
 COMMON         0x20000168       0x15 ./stm32f4_mylib/src/spi.o
                0x20000168                spi_rx_buffer
                0x20000170                spi_clock_still_used
                0x20000174                spi_tx_buffer
                0x2000017c                spi_transmission_in_progress
 COMMON         0x2000017d        0x1 ./stm32f4_mylib/FatFS/diskio.o
                0x2000017d                status
 *fill*         0x2000017e        0x2 
 COMMON         0x20000180      0x228 ./src/main.o
                0x20000180                systick_delay_completed
                0x20000184                remote_command_fifo
                0x20000190                systick_delay
                0x20000194                spi_rx_test_buff
                0x200001a0                data
                0x200003a0                remote_command_queue
 *(.bss_end .bss_end.*)
 .bss_end       0x200003a8        0x4 ./system/src/newlib/_startup.o
                0x200003ac                . = ALIGN (0x4)
                0x200003ac                __bss_end__ = .
                0x200003ac                _ebss = .

.noinit_CCMRAM
 *(.noinit.CCMRAM .noinit.CCMRAM.*)

.noinit         0x200003ac        0x0
                0x200003ac                _noinit = .
 *(.noinit .noinit.*)
                0x200003ac                . = ALIGN (0x4)
                0x200003ac                _end_noinit = .
                0x200003ac                PROVIDE (end, _end_noinit)
                0x200003ac                PROVIDE (_end, _end_noinit)
                0x200003ac                PROVIDE (__end, _end_noinit)
                0x200003ac                PROVIDE (__end__, _end_noinit)

._check_stack   0x200003ac      0x100
                0x200004ac                . = (. + _Minimum_Stack_Size)
 *fill*         0x200003ac      0x100 

.b1text
 *(.b1text)
 *(.b1rodata)
 *(.b1rodata.*)

.eb0text
 *(.eb0text)
 *(.eb0rodata)
 *(.eb0rodata.*)

.eb1text
 *(.eb1text)
 *(.eb1rodata)
 *(.eb1rodata.*)

.eb2text
 *(.eb2text)
 *(.eb2rodata)
 *(.eb2rodata.*)

.eb3text
 *(.eb3text)
 *(.eb3rodata)
 *(.eb3rodata.*)

.stab
 *(.stab)

.stabstr
 *(.stabstr)

.stab.excl
 *(.stab.excl)

.stab.exclstr
 *(.stab.exclstr)

.stab.index
 *(.stab.index)

.stab.indexstr
 *(.stab.indexstr)

.comment        0x00000000       0x70
 *(.comment)
 .comment       0x00000000       0x70 ./system/src/stm32f4-hal/stm32f4xx_hal.o
                                 0x71 (size before relaxing)
 .comment       0x00000000       0x71 ./system/src/stm32f4-hal/stm32f4xx_hal_cortex.o
 .comment       0x00000000       0x71 ./system/src/stm32f4-hal/stm32f4xx_hal_rcc.o
 .comment       0x00000000       0x71 ./system/src/newlib/_exit.o
 .comment       0x00000000       0x71 ./system/src/newlib/_sbrk.o
 .comment       0x00000000       0x71 ./system/src/newlib/_startup.o
 .comment       0x00000000       0x71 ./system/src/newlib/_syscalls.o
 .comment       0x00000000       0x71 ./system/src/newlib/assert.o
 .comment       0x00000000       0x71 ./system/src/diag/Trace.o
 .comment       0x00000000       0x71 ./system/src/diag/trace_impl.o
 .comment       0x00000000       0x71 ./system/src/cortexm/_initialize_hardware.o
 .comment       0x00000000       0x71 ./system/src/cortexm/exception_handlers.o
 .comment       0x00000000       0x71 ./system/src/cmsis/system_stm32f4xx.o
 .comment       0x00000000       0x71 ./system/src/cmsis/vectors_stm32f4xx.o
 .comment       0x00000000       0x71 ./stm32f4_mylib/src/EXTI.o
 .comment       0x00000000       0x71 ./stm32f4_mylib/src/GPIO.o
 .comment       0x00000000       0x71 ./stm32f4_mylib/src/HD44780.o
 .comment       0x00000000       0x71 ./stm32f4_mylib/src/NEC_remote_controller.o
 .comment       0x00000000       0x71 ./stm32f4_mylib/src/RCC.o
 .comment       0x00000000       0x71 ./stm32f4_mylib/src/TIM.o
 .comment       0x00000000       0x71 ./stm32f4_mylib/src/USART.o
 .comment       0x00000000       0x71 ./stm32f4_mylib/src/fifo.o
 .comment       0x00000000       0x71 ./stm32f4_mylib/src/misc.o
 .comment       0x00000000       0x71 ./stm32f4_mylib/src/sd_card_reader.o
 .comment       0x00000000       0x71 ./stm32f4_mylib/src/spi.o
 .comment       0x00000000       0x71 ./stm32f4_mylib/FatFS/diskio.o
 .comment       0x00000000       0x71 ./stm32f4_mylib/FatFS/ff.o
 .comment       0x00000000       0x71 ./src/_initialize_hardware.o
 .comment       0x00000000       0x71 ./src/main.o

.ARM.attributes
                0x00000000       0x33
 .ARM.attributes
                0x00000000       0x33 ./system/src/stm32f4-hal/stm32f4xx_hal.o
 .ARM.attributes
                0x00000033       0x33 ./system/src/stm32f4-hal/stm32f4xx_hal_cortex.o
 .ARM.attributes
                0x00000066       0x33 ./system/src/stm32f4-hal/stm32f4xx_hal_rcc.o
 .ARM.attributes
                0x00000099       0x33 ./system/src/newlib/_exit.o
 .ARM.attributes
                0x000000cc       0x33 ./system/src/newlib/_sbrk.o
 .ARM.attributes
                0x000000ff       0x33 ./system/src/newlib/_startup.o
 .ARM.attributes
                0x00000132       0x33 ./system/src/newlib/_syscalls.o
 .ARM.attributes
                0x00000165       0x33 ./system/src/newlib/assert.o
 .ARM.attributes
                0x00000198       0x33 ./system/src/diag/Trace.o
 .ARM.attributes
                0x000001cb       0x33 ./system/src/diag/trace_impl.o
 .ARM.attributes
                0x000001fe       0x33 ./system/src/cortexm/_initialize_hardware.o
 .ARM.attributes
                0x00000231       0x33 ./system/src/cortexm/exception_handlers.o
 .ARM.attributes
                0x00000264       0x33 ./system/src/cmsis/system_stm32f4xx.o
 .ARM.attributes
                0x00000297       0x33 ./system/src/cmsis/vectors_stm32f4xx.o
 .ARM.attributes
                0x000002ca       0x33 ./stm32f4_mylib/src/EXTI.o
 .ARM.attributes
                0x000002fd       0x33 ./stm32f4_mylib/src/GPIO.o
 .ARM.attributes
                0x00000330       0x33 ./stm32f4_mylib/src/HD44780.o
 .ARM.attributes
                0x00000363       0x33 ./stm32f4_mylib/src/NEC_remote_controller.o
 .ARM.attributes
                0x00000396       0x33 ./stm32f4_mylib/src/RCC.o
 .ARM.attributes
                0x000003c9       0x33 ./stm32f4_mylib/src/TIM.o
 .ARM.attributes
                0x000003fc       0x33 ./stm32f4_mylib/src/USART.o
 .ARM.attributes
                0x0000042f       0x33 ./stm32f4_mylib/src/fifo.o
 .ARM.attributes
                0x00000462       0x33 ./stm32f4_mylib/src/misc.o
 .ARM.attributes
                0x00000495       0x33 ./stm32f4_mylib/src/sd_card_reader.o
 .ARM.attributes
                0x000004c8       0x33 ./stm32f4_mylib/src/spi.o
 .ARM.attributes
                0x000004fb       0x33 ./stm32f4_mylib/FatFS/diskio.o
 .ARM.attributes
                0x0000052e       0x33 ./stm32f4_mylib/FatFS/ff.o
 .ARM.attributes
                0x00000561       0x33 ./src/_initialize_hardware.o
 .ARM.attributes
                0x00000594       0x33 ./src/main.o
 .ARM.attributes
                0x000005c7       0x1e d:/gnu_arm/bin/../lib/gcc/arm-none-eabi/4.9.3/armv7e-m\libgcc.a(_arm_addsubdf3.o)
 .ARM.attributes
                0x000005e5       0x1e d:/gnu_arm/bin/../lib/gcc/arm-none-eabi/4.9.3/armv7e-m\libgcc.a(_arm_fixunsdfsi.o)
 .ARM.attributes
                0x00000603       0x1e d:/gnu_arm/bin/../lib/gcc/arm-none-eabi/4.9.3/armv7e-m\libgcc.a(_arm_addsubsf3.o)
 .ARM.attributes
                0x00000621       0x1e d:/gnu_arm/bin/../lib/gcc/arm-none-eabi/4.9.3/armv7e-m\libgcc.a(_arm_muldivsf3.o)
 .ARM.attributes
                0x0000063f       0x1e d:/gnu_arm/bin/../lib/gcc/arm-none-eabi/4.9.3/armv7e-m\libgcc.a(_arm_fixunssfsi.o)
 .ARM.attributes
                0x0000065d       0x2e d:/gnu_arm/bin/../lib/gcc/arm-none-eabi/4.9.3/../../../../arm-none-eabi/lib/armv7e-m\libg_nano.a(lib_a-errno.o)
 .ARM.attributes
                0x0000068b       0x2e d:/gnu_arm/bin/../lib/gcc/arm-none-eabi/4.9.3/../../../../arm-none-eabi/lib/armv7e-m\libg_nano.a(lib_a-impure.o)
 .ARM.attributes
                0x000006b9       0x2e d:/gnu_arm/bin/../lib/gcc/arm-none-eabi/4.9.3/../../../../arm-none-eabi/lib/armv7e-m\libg_nano.a(lib_a-memcpy.o)
 .ARM.attributes
                0x000006e7       0x2e d:/gnu_arm/bin/../lib/gcc/arm-none-eabi/4.9.3/../../../../arm-none-eabi/lib/armv7e-m\libg_nano.a(lib_a-memset.o)
 .ARM.attributes
                0x00000715       0x2e d:/gnu_arm/bin/../lib/gcc/arm-none-eabi/4.9.3/../../../../arm-none-eabi/lib/armv7e-m\libg_nano.a(lib_a-strlen.o)
 .ARM.attributes
                0x00000743       0x2e d:/gnu_arm/bin/../lib/gcc/arm-none-eabi/4.9.3/../../../../arm-none-eabi/lib/armv7e-m\libg_nano.a(lib_a-vsnprintf.o)
 .ARM.attributes
                0x00000771       0x2e d:/gnu_arm/bin/../lib/gcc/arm-none-eabi/4.9.3/../../../../arm-none-eabi/lib/armv7e-m\libg_nano.a(lib_a-nano-svfprintf.o)
 .ARM.attributes
                0x0000079f       0x2e d:/gnu_arm/bin/../lib/gcc/arm-none-eabi/4.9.3/../../../../arm-none-eabi/lib/armv7e-m\libg_nano.a(lib_a-nano-vfprintf_i.o)
 .ARM.attributes
                0x000007cd       0x2e d:/gnu_arm/bin/../lib/gcc/arm-none-eabi/4.9.3/../../../../arm-none-eabi/lib/armv7e-m\libg_nano.a(lib_a-memchr.o)
 .ARM.attributes
                0x000007fb       0x2e d:/gnu_arm/bin/../lib/gcc/arm-none-eabi/4.9.3/../../../../arm-none-eabi/lib/armv7e-m\libg_nano.a(lib_a-memmove.o)
 .ARM.attributes
                0x00000829       0x2e d:/gnu_arm/bin/../lib/gcc/arm-none-eabi/4.9.3/../../../../arm-none-eabi/lib/armv7e-m\libg_nano.a(lib_a-nano-freer.o)
 .ARM.attributes
                0x00000857       0x2e d:/gnu_arm/bin/../lib/gcc/arm-none-eabi/4.9.3/../../../../arm-none-eabi/lib/armv7e-m\libg_nano.a(lib_a-nano-mallocr.o)
 .ARM.attributes
                0x00000885       0x2e d:/gnu_arm/bin/../lib/gcc/arm-none-eabi/4.9.3/../../../../arm-none-eabi/lib/armv7e-m\libg_nano.a(lib_a-nano-reallocr.o)
 .ARM.attributes
                0x000008b3       0x2e d:/gnu_arm/bin/../lib/gcc/arm-none-eabi/4.9.3/../../../../arm-none-eabi/lib/armv7e-m\libg_nano.a(lib_a-sbrkr.o)
 .ARM.attributes
                0x000008e1       0x2e d:/gnu_arm/bin/../lib/gcc/arm-none-eabi/4.9.3/../../../../arm-none-eabi/lib/armv7e-m\libg_nano.a(lib_a-nano-msizer.o)

.debug
 *(.debug)

.line
 *(.line)

.debug_srcinfo
 *(.debug_srcinfo)

.debug_sfnames
 *(.debug_sfnames)

.debug_aranges  0x00000000      0x8c8
 *(.debug_aranges)
 .debug_aranges
                0x00000000       0xc0 ./system/src/stm32f4-hal/stm32f4xx_hal.o
 .debug_aranges
                0x000000c0       0x90 ./system/src/stm32f4-hal/stm32f4xx_hal_cortex.o
 .debug_aranges
                0x00000150       0x88 ./system/src/stm32f4-hal/stm32f4xx_hal_rcc.o
 .debug_aranges
                0x000001d8       0x28 ./system/src/newlib/_exit.o
 .debug_aranges
                0x00000200       0x20 ./system/src/newlib/_sbrk.o
 .debug_aranges
                0x00000220       0x40 ./system/src/newlib/_startup.o
 .debug_aranges
                0x00000260       0x30 ./system/src/newlib/_syscalls.o
 .debug_aranges
                0x00000290       0x28 ./system/src/newlib/assert.o
 .debug_aranges
                0x000002b8       0x38 ./system/src/diag/Trace.o
 .debug_aranges
                0x000002f0       0x30 ./system/src/diag/trace_impl.o
 .debug_aranges
                0x00000320       0x28 ./system/src/cortexm/_initialize_hardware.o
 .debug_aranges
                0x00000348       0x90 ./system/src/cortexm/exception_handlers.o
 .debug_aranges
                0x000003d8       0x28 ./system/src/cmsis/system_stm32f4xx.o
 .debug_aranges
                0x00000400       0x20 ./system/src/cmsis/vectors_stm32f4xx.o
 .debug_aranges
                0x00000420       0x48 ./stm32f4_mylib/src/EXTI.o
 .debug_aranges
                0x00000468       0x40 ./stm32f4_mylib/src/GPIO.o
 .debug_aranges
                0x000004a8       0x48 ./stm32f4_mylib/src/HD44780.o
 .debug_aranges
                0x000004f0       0x38 ./stm32f4_mylib/src/NEC_remote_controller.o
 .debug_aranges
                0x00000528       0x28 ./stm32f4_mylib/src/RCC.o
 .debug_aranges
                0x00000550       0x40 ./stm32f4_mylib/src/TIM.o
 .debug_aranges
                0x00000590       0x38 ./stm32f4_mylib/src/USART.o
 .debug_aranges
                0x000005c8       0x38 ./stm32f4_mylib/src/fifo.o
 .debug_aranges
                0x00000600       0x40 ./stm32f4_mylib/src/misc.o
 .debug_aranges
                0x00000640       0x40 ./stm32f4_mylib/src/sd_card_reader.o
 .debug_aranges
                0x00000680       0xa0 ./stm32f4_mylib/src/spi.o
 .debug_aranges
                0x00000720       0x30 ./stm32f4_mylib/FatFS/diskio.o
 .debug_aranges
                0x00000750       0xf8 ./stm32f4_mylib/FatFS/ff.o
 .debug_aranges
                0x00000848       0x28 ./src/_initialize_hardware.o
 .debug_aranges
                0x00000870       0x58 ./src/main.o

.debug_pubnames
 *(.debug_pubnames)

.debug_info     0x00000000     0xa5e1
 *(.debug_info .gnu.linkonce.wi.*)
 .debug_info    0x00000000      0x9b5 ./system/src/stm32f4-hal/stm32f4xx_hal.o
 .debug_info    0x000009b5      0xe47 ./system/src/stm32f4-hal/stm32f4xx_hal_cortex.o
 .debug_info    0x000017fc     0x1339 ./system/src/stm32f4-hal/stm32f4xx_hal_rcc.o
 .debug_info    0x00002b35      0x100 ./system/src/newlib/_exit.o
 .debug_info    0x00002c35      0x125 ./system/src/newlib/_sbrk.o
 .debug_info    0x00002d5a      0x50f ./system/src/newlib/_startup.o
 .debug_info    0x00003269      0x1a9 ./system/src/newlib/_syscalls.o
 .debug_info    0x00003412      0x1b0 ./system/src/newlib/assert.o
 .debug_info    0x000035c2      0x32b ./system/src/diag/Trace.o
 .debug_info    0x000038ed      0x304 ./system/src/diag/trace_impl.o
 .debug_info    0x00003bf1       0xed ./system/src/cortexm/_initialize_hardware.o
 .debug_info    0x00003cde      0x8f2 ./system/src/cortexm/exception_handlers.o
 .debug_info    0x000045d0      0x4aa ./system/src/cmsis/system_stm32f4xx.o
 .debug_info    0x00004a7a       0xd4 ./system/src/cmsis/vectors_stm32f4xx.o
 .debug_info    0x00004b4e      0x1fd ./stm32f4_mylib/src/EXTI.o
 .debug_info    0x00004d4b      0x3c7 ./stm32f4_mylib/src/GPIO.o
 .debug_info    0x00005112      0x615 ./stm32f4_mylib/src/HD44780.o
 .debug_info    0x00005727      0x546 ./stm32f4_mylib/src/NEC_remote_controller.o
 .debug_info    0x00005c6d      0x342 ./stm32f4_mylib/src/RCC.o
 .debug_info    0x00005faf      0x4af ./stm32f4_mylib/src/TIM.o
 .debug_info    0x0000645e      0x255 ./stm32f4_mylib/src/USART.o
 .debug_info    0x000066b3      0x1da ./stm32f4_mylib/src/fifo.o
 .debug_info    0x0000688d      0x65a ./stm32f4_mylib/src/misc.o
 .debug_info    0x00006ee7      0x679 ./stm32f4_mylib/src/sd_card_reader.o
 .debug_info    0x00007560      0x9d6 ./stm32f4_mylib/src/spi.o
 .debug_info    0x00007f36      0x208 ./stm32f4_mylib/FatFS/diskio.o
 .debug_info    0x0000813e      0xf95 ./stm32f4_mylib/FatFS/ff.o
 .debug_info    0x000090d3      0x554 ./src/_initialize_hardware.o
 .debug_info    0x00009627      0xfba ./src/main.o

.debug_abbrev   0x00000000     0x2ad4
 *(.debug_abbrev)
 .debug_abbrev  0x00000000      0x275 ./system/src/stm32f4-hal/stm32f4xx_hal.o
 .debug_abbrev  0x00000275      0x2d7 ./system/src/stm32f4-hal/stm32f4xx_hal_cortex.o
 .debug_abbrev  0x0000054c      0x2cc ./system/src/stm32f4-hal/stm32f4xx_hal_rcc.o
 .debug_abbrev  0x00000818       0xa4 ./system/src/newlib/_exit.o
 .debug_abbrev  0x000008bc       0xbb ./system/src/newlib/_sbrk.o
 .debug_abbrev  0x00000977      0x211 ./system/src/newlib/_startup.o
 .debug_abbrev  0x00000b88       0xe7 ./system/src/newlib/_syscalls.o
 .debug_abbrev  0x00000c6f       0xc9 ./system/src/newlib/assert.o
 .debug_abbrev  0x00000d38      0x178 ./system/src/diag/Trace.o
 .debug_abbrev  0x00000eb0      0x1bd ./system/src/diag/trace_impl.o
 .debug_abbrev  0x0000106d       0x88 ./system/src/cortexm/_initialize_hardware.o
 .debug_abbrev  0x000010f5      0x23e ./system/src/cortexm/exception_handlers.o
 .debug_abbrev  0x00001333      0x104 ./system/src/cmsis/system_stm32f4xx.o
 .debug_abbrev  0x00001437       0x9d ./system/src/cmsis/vectors_stm32f4xx.o
 .debug_abbrev  0x000014d4       0xb3 ./stm32f4_mylib/src/EXTI.o
 .debug_abbrev  0x00001587      0x145 ./stm32f4_mylib/src/GPIO.o
 .debug_abbrev  0x000016cc      0x179 ./stm32f4_mylib/src/HD44780.o
 .debug_abbrev  0x00001845      0x1ba ./stm32f4_mylib/src/NEC_remote_controller.o
 .debug_abbrev  0x000019ff       0xe6 ./stm32f4_mylib/src/RCC.o
 .debug_abbrev  0x00001ae5      0x131 ./stm32f4_mylib/src/TIM.o
 .debug_abbrev  0x00001c16      0x139 ./stm32f4_mylib/src/USART.o
 .debug_abbrev  0x00001d4f       0xe2 ./stm32f4_mylib/src/fifo.o
 .debug_abbrev  0x00001e31      0x186 ./stm32f4_mylib/src/misc.o
 .debug_abbrev  0x00001fb7      0x1d8 ./stm32f4_mylib/src/sd_card_reader.o
 .debug_abbrev  0x0000218f      0x2a6 ./stm32f4_mylib/src/spi.o
 .debug_abbrev  0x00002435      0x10a ./stm32f4_mylib/FatFS/diskio.o
 .debug_abbrev  0x0000253f      0x197 ./stm32f4_mylib/FatFS/ff.o
 .debug_abbrev  0x000026d6      0x1c4 ./src/_initialize_hardware.o
 .debug_abbrev  0x0000289a      0x23a ./src/main.o

.debug_line     0x00000000     0xd725
 *(.debug_line)
 .debug_line    0x00000000      0x9df ./system/src/stm32f4-hal/stm32f4xx_hal.o
 .debug_line    0x000009df      0xa30 ./system/src/stm32f4-hal/stm32f4xx_hal_cortex.o
 .debug_line    0x0000140f      0xd55 ./system/src/stm32f4-hal/stm32f4xx_hal_rcc.o
 .debug_line    0x00002164      0x216 ./system/src/newlib/_exit.o
 .debug_line    0x0000237a      0x1b9 ./system/src/newlib/_sbrk.o
 .debug_line    0x00002533      0x289 ./system/src/newlib/_startup.o
 .debug_line    0x000027bc      0x2c4 ./system/src/newlib/_syscalls.o
 .debug_line    0x00002a80      0x24d ./system/src/newlib/assert.o
 .debug_line    0x00002ccd      0x271 ./system/src/diag/Trace.o
 .debug_line    0x00002f3e      0x911 ./system/src/diag/trace_impl.o
 .debug_line    0x0000384f      0x879 ./system/src/cortexm/_initialize_hardware.o
 .debug_line    0x000040c8      0x9c0 ./system/src/cortexm/exception_handlers.o
 .debug_line    0x00004a88      0x87a ./system/src/cmsis/system_stm32f4xx.o
 .debug_line    0x00005302       0xda ./system/src/cmsis/vectors_stm32f4xx.o
 .debug_line    0x000053dc      0x8e0 ./stm32f4_mylib/src/EXTI.o
 .debug_line    0x00005cbc      0x951 ./stm32f4_mylib/src/GPIO.o
 .debug_line    0x0000660d      0x947 ./stm32f4_mylib/src/HD44780.o
 .debug_line    0x00006f54      0x948 ./stm32f4_mylib/src/NEC_remote_controller.o
 .debug_line    0x0000789c      0x8c1 ./stm32f4_mylib/src/RCC.o
 .debug_line    0x0000815d      0x922 ./stm32f4_mylib/src/TIM.o
 .debug_line    0x00008a7f      0x8ed ./stm32f4_mylib/src/USART.o
 .debug_line    0x0000936c      0x266 ./stm32f4_mylib/src/fifo.o
 .debug_line    0x000095d2      0x94e ./stm32f4_mylib/src/misc.o
 .debug_line    0x00009f20      0xa61 ./stm32f4_mylib/src/sd_card_reader.o
 .debug_line    0x0000a981      0xa6a ./stm32f4_mylib/src/spi.o
 .debug_line    0x0000b3eb      0x91b ./stm32f4_mylib/FatFS/diskio.o
 .debug_line    0x0000bd06      0x73c ./stm32f4_mylib/FatFS/ff.o
 .debug_line    0x0000c442      0x873 ./src/_initialize_hardware.o
 .debug_line    0x0000ccb5      0xa70 ./src/main.o

.debug_frame    0x00000000     0x17dc
 *(.debug_frame)
 .debug_frame   0x00000000      0x188 ./system/src/stm32f4-hal/stm32f4xx_hal.o
 .debug_frame   0x00000188      0x164 ./system/src/stm32f4-hal/stm32f4xx_hal_cortex.o
 .debug_frame   0x000002ec      0x144 ./system/src/stm32f4-hal/stm32f4xx_hal_rcc.o
 .debug_frame   0x00000430       0x38 ./system/src/newlib/_exit.o
 .debug_frame   0x00000468       0x28 ./system/src/newlib/_sbrk.o
 .debug_frame   0x00000490       0x7c ./system/src/newlib/_startup.o
 .debug_frame   0x0000050c       0x50 ./system/src/newlib/_syscalls.o
 .debug_frame   0x0000055c       0x40 ./system/src/newlib/assert.o
 .debug_frame   0x0000059c       0x94 ./system/src/diag/Trace.o
 .debug_frame   0x00000630       0x60 ./system/src/diag/trace_impl.o
 .debug_frame   0x00000690       0x40 ./system/src/cortexm/_initialize_hardware.o
 .debug_frame   0x000006d0      0x158 ./system/src/cortexm/exception_handlers.o
 .debug_frame   0x00000828       0x30 ./system/src/cmsis/system_stm32f4xx.o
 .debug_frame   0x00000858       0x20 ./system/src/cmsis/vectors_stm32f4xx.o
 .debug_frame   0x00000878       0x70 ./stm32f4_mylib/src/EXTI.o
 .debug_frame   0x000008e8       0xac ./stm32f4_mylib/src/GPIO.o
 .debug_frame   0x00000994       0xa4 ./stm32f4_mylib/src/HD44780.o
 .debug_frame   0x00000a38       0x64 ./stm32f4_mylib/src/NEC_remote_controller.o
 .debug_frame   0x00000a9c       0x40 ./stm32f4_mylib/src/RCC.o
 .debug_frame   0x00000adc       0x70 ./stm32f4_mylib/src/TIM.o
 .debug_frame   0x00000b4c       0x6c ./stm32f4_mylib/src/USART.o
 .debug_frame   0x00000bb8       0x5c ./stm32f4_mylib/src/fifo.o
 .debug_frame   0x00000c14       0x90 ./stm32f4_mylib/src/misc.o
 .debug_frame   0x00000ca4       0xc0 ./stm32f4_mylib/src/sd_card_reader.o
 .debug_frame   0x00000d64      0x170 ./stm32f4_mylib/src/spi.o
 .debug_frame   0x00000ed4       0x80 ./stm32f4_mylib/FatFS/diskio.o
 .debug_frame   0x00000f54      0x424 ./stm32f4_mylib/FatFS/ff.o
 .debug_frame   0x00001378       0x48 ./src/_initialize_hardware.o
 .debug_frame   0x000013c0      0x130 ./src/main.o
 .debug_frame   0x000014f0       0x20 d:/gnu_arm/bin/../lib/gcc/arm-none-eabi/4.9.3/../../../../arm-none-eabi/lib/armv7e-m\libg_nano.a(lib_a-errno.o)
 .debug_frame   0x00001510       0x28 d:/gnu_arm/bin/../lib/gcc/arm-none-eabi/4.9.3/../../../../arm-none-eabi/lib/armv7e-m\libg_nano.a(lib_a-memcpy.o)
 .debug_frame   0x00001538       0x20 d:/gnu_arm/bin/../lib/gcc/arm-none-eabi/4.9.3/../../../../arm-none-eabi/lib/armv7e-m\libg_nano.a(lib_a-memset.o)
 .debug_frame   0x00001558       0x20 d:/gnu_arm/bin/../lib/gcc/arm-none-eabi/4.9.3/../../../../arm-none-eabi/lib/armv7e-m\libg_nano.a(lib_a-strlen.o)
 .debug_frame   0x00001578       0x50 d:/gnu_arm/bin/../lib/gcc/arm-none-eabi/4.9.3/../../../../arm-none-eabi/lib/armv7e-m\libg_nano.a(lib_a-vsnprintf.o)
 .debug_frame   0x000015c8       0x8c d:/gnu_arm/bin/../lib/gcc/arm-none-eabi/4.9.3/../../../../arm-none-eabi/lib/armv7e-m\libg_nano.a(lib_a-nano-svfprintf.o)
 .debug_frame   0x00001654       0x58 d:/gnu_arm/bin/../lib/gcc/arm-none-eabi/4.9.3/../../../../arm-none-eabi/lib/armv7e-m\libg_nano.a(lib_a-nano-vfprintf_i.o)
 .debug_frame   0x000016ac       0x28 d:/gnu_arm/bin/../lib/gcc/arm-none-eabi/4.9.3/../../../../arm-none-eabi/lib/armv7e-m\libg_nano.a(lib_a-memchr.o)
 .debug_frame   0x000016d4       0x28 d:/gnu_arm/bin/../lib/gcc/arm-none-eabi/4.9.3/../../../../arm-none-eabi/lib/armv7e-m\libg_nano.a(lib_a-memmove.o)
 .debug_frame   0x000016fc       0x2c d:/gnu_arm/bin/../lib/gcc/arm-none-eabi/4.9.3/../../../../arm-none-eabi/lib/armv7e-m\libg_nano.a(lib_a-nano-freer.o)
 .debug_frame   0x00001728       0x2c d:/gnu_arm/bin/../lib/gcc/arm-none-eabi/4.9.3/../../../../arm-none-eabi/lib/armv7e-m\libg_nano.a(lib_a-nano-mallocr.o)
 .debug_frame   0x00001754       0x3c d:/gnu_arm/bin/../lib/gcc/arm-none-eabi/4.9.3/../../../../arm-none-eabi/lib/armv7e-m\libg_nano.a(lib_a-nano-reallocr.o)
 .debug_frame   0x00001790       0x2c d:/gnu_arm/bin/../lib/gcc/arm-none-eabi/4.9.3/../../../../arm-none-eabi/lib/armv7e-m\libg_nano.a(lib_a-sbrkr.o)
 .debug_frame   0x000017bc       0x20 d:/gnu_arm/bin/../lib/gcc/arm-none-eabi/4.9.3/../../../../arm-none-eabi/lib/armv7e-m\libg_nano.a(lib_a-nano-msizer.o)

.debug_str      0x00000000    0xa0c95
 *(.debug_str)
 .debug_str     0x00000000    0x98af2 ./system/src/stm32f4-hal/stm32f4xx_hal.o
                              0x98f0e (size before relaxing)
 .debug_str     0x00098af2      0x296 ./system/src/stm32f4-hal/stm32f4xx_hal_cortex.o
                              0x98c60 (size before relaxing)
 .debug_str     0x00098d88      0x40b ./system/src/stm32f4-hal/stm32f4xx_hal_rcc.o
                              0x98927 (size before relaxing)
 .debug_str     0x00099193      0xee6 ./system/src/newlib/_exit.o
                               0x5e72 (size before relaxing)
 .debug_str     0x0009a079      0x4de ./system/src/newlib/_sbrk.o
                               0x45e4 (size before relaxing)
 .debug_str     0x0009a557      0x2c7 ./system/src/newlib/_startup.o
                               0x41f9 (size before relaxing)
 .debug_str     0x0009a81e     0x1174 ./system/src/newlib/_syscalls.o
                               0x65de (size before relaxing)
 .debug_str     0x0009b992       0xd5 ./system/src/newlib/assert.o
                               0x697b (size before relaxing)
 .debug_str     0x0009ba67      0x184 ./system/src/diag/Trace.o
                               0x6793 (size before relaxing)
 .debug_str     0x0009bbeb      0x372 ./system/src/diag/trace_impl.o
                              0x99470 (size before relaxing)
 .debug_str     0x0009bf5d       0x4e ./system/src/cortexm/_initialize_hardware.o
                              0x9839d (size before relaxing)
 .debug_str     0x0009bfab      0x197 ./system/src/cortexm/exception_handlers.o
                              0x995f7 (size before relaxing)
 .debug_str     0x0009c142       0x46 ./system/src/cmsis/system_stm32f4xx.o
                              0x98510 (size before relaxing)
 .debug_str     0x0009c188       0x57 ./system/src/cmsis/vectors_stm32f4xx.o
                               0x3076 (size before relaxing)
 .debug_str     0x0009c1df      0x3e4 ./stm32f4_mylib/src/EXTI.o
                              0x986fc (size before relaxing)
 .debug_str     0x0009c5c3      0x3e7 ./stm32f4_mylib/src/GPIO.o
                              0x98746 (size before relaxing)
 .debug_str     0x0009c9aa      0x63c ./stm32f4_mylib/src/HD44780.o
                              0x98cf0 (size before relaxing)
 .debug_str     0x0009cfe6      0x40c ./stm32f4_mylib/src/NEC_remote_controller.o
                              0x99368 (size before relaxing)
 .debug_str     0x0009d3f2       0x4c ./stm32f4_mylib/src/RCC.o
                              0x98516 (size before relaxing)
 .debug_str     0x0009d43e       0xbe ./stm32f4_mylib/src/TIM.o
                              0x988ac (size before relaxing)
 .debug_str     0x0009d4fc      0x1f3 ./stm32f4_mylib/src/USART.o
                              0x985a5 (size before relaxing)
 .debug_str     0x0009d6ef       0xee ./stm32f4_mylib/src/fifo.o
                               0x57aa (size before relaxing)
 .debug_str     0x0009d7dd      0x5e1 ./stm32f4_mylib/src/misc.o
                              0x989fc (size before relaxing)
 .debug_str     0x0009ddbe      0xee0 ./stm32f4_mylib/src/sd_card_reader.o
                              0x996d0 (size before relaxing)
 .debug_str     0x0009ec9e      0xff7 ./stm32f4_mylib/src/spi.o
                              0x9997e (size before relaxing)
 .debug_str     0x0009fc95       0x8b ./stm32f4_mylib/FatFS/diskio.o
                              0x991c8 (size before relaxing)
 .debug_str     0x0009fd20      0xe4b ./stm32f4_mylib/FatFS/ff.o
                               0x35bc (size before relaxing)
 .debug_str     0x000a0b6b       0x31 ./src/_initialize_hardware.o
                              0x98646 (size before relaxing)
 .debug_str     0x000a0b9c       0xf9 ./src/main.o
                              0x9bc98 (size before relaxing)

.debug_loc      0x00000000     0x27d0
 *(.debug_loc)
 .debug_loc     0x00000000       0xb6 ./system/src/stm32f4-hal/stm32f4xx_hal.o
 .debug_loc     0x000000b6      0x5ef ./system/src/stm32f4-hal/stm32f4xx_hal_cortex.o
 .debug_loc     0x000006a5      0x7f4 ./system/src/stm32f4-hal/stm32f4xx_hal_rcc.o
 .debug_loc     0x00000e99       0x82 ./system/src/newlib/_sbrk.o
 .debug_loc     0x00000f1b      0x36e ./system/src/newlib/_startup.o
 .debug_loc     0x00001289       0x63 ./system/src/newlib/_syscalls.o
 .debug_loc     0x000012ec       0xec ./system/src/newlib/assert.o
 .debug_loc     0x000013d8       0xf7 ./system/src/diag/Trace.o
 .debug_loc     0x000014cf      0x17c ./system/src/diag/trace_impl.o
 .debug_loc     0x0000164b      0x2a8 ./system/src/cortexm/exception_handlers.o
 .debug_loc     0x000018f3      0x137 ./system/src/cmsis/system_stm32f4xx.o
 .debug_loc     0x00001a2a       0xc6 ./stm32f4_mylib/src/EXTI.o
 .debug_loc     0x00001af0      0x45e ./stm32f4_mylib/src/GPIO.o
 .debug_loc     0x00001f4e       0xed ./stm32f4_mylib/src/HD44780.o
 .debug_loc     0x0000203b       0xb9 ./stm32f4_mylib/src/NEC_remote_controller.o
 .debug_loc     0x000020f4       0xb0 ./stm32f4_mylib/src/RCC.o
 .debug_loc     0x000021a4       0x6e ./stm32f4_mylib/src/TIM.o
 .debug_loc     0x00002212      0x10e ./stm32f4_mylib/src/USART.o
 .debug_loc     0x00002320       0xb0 ./stm32f4_mylib/src/fifo.o
 .debug_loc     0x000023d0      0x1d5 ./stm32f4_mylib/src/misc.o
 .debug_loc     0x000025a5      0x22b ./stm32f4_mylib/src/spi.o

.debug_macinfo
 *(.debug_macinfo)

.debug_weaknames
 *(.debug_weaknames)

.debug_funcnames
 *(.debug_funcnames)

.debug_typenames
 *(.debug_typenames)

.debug_varnames
 *(.debug_varnames)
OUTPUT(Eclipse_Wav.elf elf32-littlearm)

.debug_ranges   0x00000000      0x758
 .debug_ranges  0x00000000       0xb0 ./system/src/stm32f4-hal/stm32f4xx_hal.o
 .debug_ranges  0x000000b0       0x80 ./system/src/stm32f4-hal/stm32f4xx_hal_cortex.o
 .debug_ranges  0x00000130       0x78 ./system/src/stm32f4-hal/stm32f4xx_hal_rcc.o
 .debug_ranges  0x000001a8       0x18 ./system/src/newlib/_exit.o
 .debug_ranges  0x000001c0       0x10 ./system/src/newlib/_sbrk.o
 .debug_ranges  0x000001d0       0x30 ./system/src/newlib/_startup.o
 .debug_ranges  0x00000200       0x20 ./system/src/newlib/_syscalls.o
 .debug_ranges  0x00000220       0x18 ./system/src/newlib/assert.o
 .debug_ranges  0x00000238       0x28 ./system/src/diag/Trace.o
 .debug_ranges  0x00000260       0x38 ./system/src/diag/trace_impl.o
 .debug_ranges  0x00000298       0x18 ./system/src/cortexm/_initialize_hardware.o
 .debug_ranges  0x000002b0       0x98 ./system/src/cortexm/exception_handlers.o
 .debug_ranges  0x00000348       0x18 ./system/src/cmsis/system_stm32f4xx.o
 .debug_ranges  0x00000360       0x10 ./system/src/cmsis/vectors_stm32f4xx.o
 .debug_ranges  0x00000370       0x38 ./stm32f4_mylib/src/EXTI.o
 .debug_ranges  0x000003a8       0x60 ./stm32f4_mylib/src/GPIO.o
 .debug_ranges  0x00000408       0x38 ./stm32f4_mylib/src/HD44780.o
 .debug_ranges  0x00000440       0x28 ./stm32f4_mylib/src/NEC_remote_controller.o
 .debug_ranges  0x00000468       0x18 ./stm32f4_mylib/src/RCC.o
 .debug_ranges  0x00000480       0x30 ./stm32f4_mylib/src/TIM.o
 .debug_ranges  0x000004b0       0x28 ./stm32f4_mylib/src/USART.o
 .debug_ranges  0x000004d8       0x28 ./stm32f4_mylib/src/fifo.o
 .debug_ranges  0x00000500       0x30 ./stm32f4_mylib/src/misc.o
 .debug_ranges  0x00000530       0x30 ./stm32f4_mylib/src/sd_card_reader.o
 .debug_ranges  0x00000560       0x90 ./stm32f4_mylib/src/spi.o
 .debug_ranges  0x000005f0       0x20 ./stm32f4_mylib/FatFS/diskio.o
 .debug_ranges  0x00000610       0xe8 ./stm32f4_mylib/FatFS/ff.o
 .debug_ranges  0x000006f8       0x18 ./src/_initialize_hardware.o
 .debug_ranges  0x00000710       0x48 ./src/main.o

.debug_macro    0x00000000    0x1dbb0
 .debug_macro   0x00000000      0x474 ./system/src/stm32f4-hal/stm32f4xx_hal.o
 .debug_macro   0x00000474      0x898 ./system/src/stm32f4-hal/stm32f4xx_hal.o
 .debug_macro   0x00000d0c      0x250 ./system/src/stm32f4-hal/stm32f4xx_hal.o
 .debug_macro   0x00000f5c       0x2e ./system/src/stm32f4-hal/stm32f4xx_hal.o
 .debug_macro   0x00000f8a       0x28 ./system/src/stm32f4-hal/stm32f4xx_hal.o
 .debug_macro   0x00000fb2       0x3b ./system/src/stm32f4-hal/stm32f4xx_hal.o
 .debug_macro   0x00000fed      0x34e ./system/src/stm32f4-hal/stm32f4xx_hal.o
 .debug_macro   0x0000133b       0x2d ./system/src/stm32f4-hal/stm32f4xx_hal.o
 .debug_macro   0x00001368       0x26 ./system/src/stm32f4-hal/stm32f4xx_hal.o
 .debug_macro   0x0000138e      0xd39 ./system/src/stm32f4-hal/stm32f4xx_hal.o
 .debug_macro   0x000020c7     0x9255 ./system/src/stm32f4-hal/stm32f4xx_hal.o
 .debug_macro   0x0000b31c       0x43 ./system/src/stm32f4-hal/stm32f4xx_hal.o
 .debug_macro   0x0000b35f     0x296e ./system/src/stm32f4-hal/stm32f4xx_hal.o
 .debug_macro   0x0000dccd       0x58 ./system/src/stm32f4-hal/stm32f4xx_hal.o
 .debug_macro   0x0000dd25       0x22 ./system/src/stm32f4-hal/stm32f4xx_hal.o
 .debug_macro   0x0000dd47       0x35 ./system/src/stm32f4-hal/stm32f4xx_hal.o
 .debug_macro   0x0000dd7c       0x9c ./system/src/stm32f4-hal/stm32f4xx_hal.o
 .debug_macro   0x0000de18       0x16 ./system/src/stm32f4-hal/stm32f4xx_hal.o
 .debug_macro   0x0000de2e       0x4a ./system/src/stm32f4-hal/stm32f4xx_hal.o
 .debug_macro   0x0000de78       0x97 ./system/src/stm32f4-hal/stm32f4xx_hal.o
 .debug_macro   0x0000df0f      0x27a ./system/src/stm32f4-hal/stm32f4xx_hal.o
 .debug_macro   0x0000e189       0xf6 ./system/src/stm32f4-hal/stm32f4xx_hal.o
 .debug_macro   0x0000e27f       0x10 ./system/src/stm32f4-hal/stm32f4xx_hal.o
 .debug_macro   0x0000e28f       0x52 ./system/src/stm32f4-hal/stm32f4xx_hal.o
 .debug_macro   0x0000e2e1       0x16 ./system/src/stm32f4-hal/stm32f4xx_hal.o
 .debug_macro   0x0000e2f7       0x43 ./system/src/stm32f4-hal/stm32f4xx_hal.o
 .debug_macro   0x0000e33a      0x180 ./system/src/stm32f4-hal/stm32f4xx_hal.o
 .debug_macro   0x0000e4ba       0x10 ./system/src/stm32f4-hal/stm32f4xx_hal.o
 .debug_macro   0x0000e4ca       0x22 ./system/src/stm32f4-hal/stm32f4xx_hal.o
 .debug_macro   0x0000e4ec       0x22 ./system/src/stm32f4-hal/stm32f4xx_hal.o
 .debug_macro   0x0000e50e       0xbe ./system/src/stm32f4-hal/stm32f4xx_hal.o
 .debug_macro   0x0000e5cc       0x16 ./system/src/stm32f4-hal/stm32f4xx_hal.o
 .debug_macro   0x0000e5e2      0x197 ./system/src/stm32f4-hal/stm32f4xx_hal.o
 .debug_macro   0x0000e779       0x57 ./system/src/stm32f4-hal/stm32f4xx_hal.o
 .debug_macro   0x0000e7d0      0x432 ./system/src/stm32f4-hal/stm32f4xx_hal.o
 .debug_macro   0x0000ec02      0xbb0 ./system/src/stm32f4-hal/stm32f4xx_hal.o
 .debug_macro   0x0000f7b2      0x11e ./system/src/stm32f4-hal/stm32f4xx_hal.o
 .debug_macro   0x0000f8d0      0x13e ./system/src/stm32f4-hal/stm32f4xx_hal.o
 .debug_macro   0x0000fa0e       0x27 ./system/src/stm32f4-hal/stm32f4xx_hal.o
 .debug_macro   0x0000fa35      0x272 ./system/src/stm32f4-hal/stm32f4xx_hal.o
 .debug_macro   0x0000fca7       0x5f ./system/src/stm32f4-hal/stm32f4xx_hal.o
 .debug_macro   0x0000fd06       0x5d ./system/src/stm32f4-hal/stm32f4xx_hal.o
 .debug_macro   0x0000fd63      0x31a ./system/src/stm32f4-hal/stm32f4xx_hal.o
 .debug_macro   0x0001007d      0x15b ./system/src/stm32f4-hal/stm32f4xx_hal.o
 .debug_macro   0x000101d8       0xd6 ./system/src/stm32f4-hal/stm32f4xx_hal.o
 .debug_macro   0x000102ae      0x360 ./system/src/stm32f4-hal/stm32f4xx_hal.o
 .debug_macro   0x0001060e       0x23 ./system/src/stm32f4-hal/stm32f4xx_hal.o
 .debug_macro   0x00010631       0xe6 ./system/src/stm32f4-hal/stm32f4xx_hal.o
 .debug_macro   0x00010717       0xa1 ./system/src/stm32f4-hal/stm32f4xx_hal.o
 .debug_macro   0x000107b8       0x3c ./system/src/stm32f4-hal/stm32f4xx_hal.o
 .debug_macro   0x000107f4      0x1af ./system/src/stm32f4-hal/stm32f4xx_hal.o
 .debug_macro   0x000109a3      0xda8 ./system/src/stm32f4-hal/stm32f4xx_hal.o
 .debug_macro   0x0001174b      0x133 ./system/src/stm32f4-hal/stm32f4xx_hal.o
 .debug_macro   0x0001187e      0x217 ./system/src/stm32f4-hal/stm32f4xx_hal.o
 .debug_macro   0x00011a95       0x2e ./system/src/stm32f4-hal/stm32f4xx_hal.o
 .debug_macro   0x00011ac3      0x4ef ./system/src/stm32f4-hal/stm32f4xx_hal.o
 .debug_macro   0x00011fb2       0x88 ./system/src/stm32f4-hal/stm32f4xx_hal.o
 .debug_macro   0x0001203a       0xd5 ./system/src/stm32f4-hal/stm32f4xx_hal.o
 .debug_macro   0x0001210f      0x183 ./system/src/stm32f4-hal/stm32f4xx_hal.o
 .debug_macro   0x00012292      0x17d ./system/src/stm32f4-hal/stm32f4xx_hal.o
 .debug_macro   0x0001240f       0x9e ./system/src/stm32f4-hal/stm32f4xx_hal.o
 .debug_macro   0x000124ad      0x1a7 ./system/src/stm32f4-hal/stm32f4xx_hal.o
 .debug_macro   0x00012654       0x43 ./system/src/stm32f4-hal/stm32f4xx_hal.o
 .debug_macro   0x00012697       0x97 ./system/src/stm32f4-hal/stm32f4xx_hal.o
 .debug_macro   0x0001272e      0x12c ./system/src/stm32f4-hal/stm32f4xx_hal.o
 .debug_macro   0x0001285a       0x71 ./system/src/stm32f4-hal/stm32f4xx_hal.o
 .debug_macro   0x000128cb       0x90 ./system/src/stm32f4-hal/stm32f4xx_hal.o
 .debug_macro   0x0001295b       0x7c ./system/src/stm32f4-hal/stm32f4xx_hal.o
 .debug_macro   0x000129d7      0x31a ./system/src/stm32f4-hal/stm32f4xx_hal.o
 .debug_macro   0x00012cf1      0x409 ./system/src/stm32f4-hal/stm32f4xx_hal.o
 .debug_macro   0x000130fa       0xe4 ./system/src/stm32f4-hal/stm32f4xx_hal.o
 .debug_macro   0x000131de      0x48d ./system/src/stm32f4-hal/stm32f4xx_hal.o
 .debug_macro   0x0001366b      0x22b ./system/src/stm32f4-hal/stm32f4xx_hal.o
 .debug_macro   0x00013896      0x202 ./system/src/stm32f4-hal/stm32f4xx_hal.o
 .debug_macro   0x00013a98      0x6d9 ./system/src/stm32f4-hal/stm32f4xx_hal.o
 .debug_macro   0x00014171       0x59 ./system/src/stm32f4-hal/stm32f4xx_hal.o
 .debug_macro   0x000141ca      0x14d ./system/src/stm32f4-hal/stm32f4xx_hal.o
 .debug_macro   0x00014317      0x287 ./system/src/stm32f4-hal/stm32f4xx_hal.o
 .debug_macro   0x0001459e      0x225 ./system/src/stm32f4-hal/stm32f4xx_hal.o
 .debug_macro   0x000147c3      0x1b5 ./system/src/stm32f4-hal/stm32f4xx_hal.o
 .debug_macro   0x00014978      0x2db ./system/src/stm32f4-hal/stm32f4xx_hal.o
 .debug_macro   0x00014c53       0x94 ./system/src/stm32f4-hal/stm32f4xx_hal.o
 .debug_macro   0x00014ce7      0x1df ./system/src/stm32f4-hal/stm32f4xx_hal.o
 .debug_macro   0x00014ec6      0x10b ./system/src/stm32f4-hal/stm32f4xx_hal.o
 .debug_macro   0x00014fd1       0x75 ./system/src/stm32f4-hal/stm32f4xx_hal.o
 .debug_macro   0x00015046      0x126 ./system/src/stm32f4-hal/stm32f4xx_hal.o
 .debug_macro   0x0001516c      0x426 ./system/src/stm32f4-hal/stm32f4xx_hal_cortex.o
 .debug_macro   0x00015592      0x450 ./system/src/stm32f4-hal/stm32f4xx_hal_rcc.o
 .debug_macro   0x000159e2      0x131 ./system/src/newlib/_exit.o
 .debug_macro   0x00015b13      0x10e ./system/src/newlib/_exit.o
 .debug_macro   0x00015c21       0x86 ./system/src/newlib/_exit.o
 .debug_macro   0x00015ca7       0x35 ./system/src/newlib/_exit.o
 .debug_macro   0x00015cdc       0xda ./system/src/newlib/_sbrk.o
 .debug_macro   0x00015db6       0x19 ./system/src/newlib/_sbrk.o
 .debug_macro   0x00015dcf      0x16d ./system/src/newlib/_sbrk.o
 .debug_macro   0x00015f3c       0x10 ./system/src/newlib/_sbrk.o
 .debug_macro   0x00015f4c      0x23b ./system/src/newlib/_sbrk.o
 .debug_macro   0x00016187       0xe4 ./system/src/newlib/_startup.o
 .debug_macro   0x0001626b      0x892 ./system/src/newlib/_startup.o
 .debug_macro   0x00016afd      0x1ad ./system/src/newlib/_syscalls.o
 .debug_macro   0x00016caa       0x1c ./system/src/newlib/_syscalls.o
 .debug_macro   0x00016cc6       0x10 ./system/src/newlib/_syscalls.o
 .debug_macro   0x00016cd6       0x10 ./system/src/newlib/_syscalls.o
 .debug_macro   0x00016ce6       0x10 ./system/src/newlib/_syscalls.o
 .debug_macro   0x00016cf6       0x10 ./system/src/newlib/_syscalls.o
 .debug_macro   0x00016d06       0x35 ./system/src/newlib/_syscalls.o
 .debug_macro   0x00016d3b      0x122 ./system/src/newlib/_syscalls.o
 .debug_macro   0x00016e5d       0x2e ./system/src/newlib/_syscalls.o
 .debug_macro   0x00016e8b       0x82 ./system/src/newlib/_syscalls.o
 .debug_macro   0x00016f0d       0x2b ./system/src/newlib/_syscalls.o
 .debug_macro   0x00016f38      0x118 ./system/src/newlib/_syscalls.o
 .debug_macro   0x00017050      0x13e ./system/src/newlib/_syscalls.o
 .debug_macro   0x0001718e       0x16 ./system/src/newlib/_syscalls.o
 .debug_macro   0x000171a4      0x14d ./system/src/newlib/assert.o
 .debug_macro   0x000172f1       0x1c ./system/src/newlib/assert.o
 .debug_macro   0x0001730d      0x15e ./system/src/diag/Trace.o
 .debug_macro   0x0001746b       0x52 ./system/src/diag/Trace.o
 .debug_macro   0x000174bd       0x16 ./system/src/diag/Trace.o
 .debug_macro   0x000174d3      0x46c ./system/src/diag/trace_impl.o
 .debug_macro   0x0001793f       0x22 ./system/src/diag/trace_impl.o
 .debug_macro   0x00017961      0x430 ./system/src/cortexm/_initialize_hardware.o
 .debug_macro   0x00017d91      0x48a ./system/src/cortexm/exception_handlers.o
 .debug_macro   0x0001821b      0x42c ./system/src/cmsis/system_stm32f4xx.o
 .debug_macro   0x00018647       0x34 ./system/src/cmsis/vectors_stm32f4xx.o
 .debug_macro   0x0001867b      0x42f ./stm32f4_mylib/src/EXTI.o
 .debug_macro   0x00018aaa       0xa0 ./stm32f4_mylib/src/EXTI.o
 .debug_macro   0x00018b4a      0x42f ./stm32f4_mylib/src/GPIO.o
 .debug_macro   0x00018f79       0xca ./stm32f4_mylib/src/GPIO.o
 .debug_macro   0x00019043      0x47b ./stm32f4_mylib/src/HD44780.o
 .debug_macro   0x000194be       0xc4 ./stm32f4_mylib/src/HD44780.o
 .debug_macro   0x00019582       0x58 ./stm32f4_mylib/src/HD44780.o
 .debug_macro   0x000195da       0x3a ./stm32f4_mylib/src/HD44780.o
 .debug_macro   0x00019614       0x70 ./stm32f4_mylib/src/HD44780.o
 .debug_macro   0x00019684      0x470 ./stm32f4_mylib/src/NEC_remote_controller.o
 .debug_macro   0x00019af4       0x82 ./stm32f4_mylib/src/NEC_remote_controller.o
 .debug_macro   0x00019b76       0x5e ./stm32f4_mylib/src/NEC_remote_controller.o
 .debug_macro   0x00019bd4      0x435 ./stm32f4_mylib/src/RCC.o
 .debug_macro   0x0001a009       0x34 ./stm32f4_mylib/src/RCC.o
 .debug_macro   0x0001a03d      0x442 ./stm32f4_mylib/src/TIM.o
 .debug_macro   0x0001a47f      0x447 ./stm32f4_mylib/src/USART.o
 .debug_macro   0x0001a8c6       0x22 ./stm32f4_mylib/src/USART.o
 .debug_macro   0x0001a8e8       0x16 ./stm32f4_mylib/src/USART.o
 .debug_macro   0x0001a8fe      0x115 ./stm32f4_mylib/src/fifo.o
 .debug_macro   0x0001aa13       0x16 ./stm32f4_mylib/src/fifo.o
 .debug_macro   0x0001aa29      0x43b ./stm32f4_mylib/src/misc.o
 .debug_macro   0x0001ae64       0x79 ./stm32f4_mylib/src/misc.o
 .debug_macro   0x0001aedd      0x4c2 ./stm32f4_mylib/src/sd_card_reader.o
 .debug_macro   0x0001b39f      0x898 ./stm32f4_mylib/src/sd_card_reader.o
 .debug_macro   0x0001bc37       0x64 ./stm32f4_mylib/src/sd_card_reader.o
 .debug_macro   0x0001bc9b      0x167 ./stm32f4_mylib/src/sd_card_reader.o
 .debug_macro   0x0001be02       0x16 ./stm32f4_mylib/src/sd_card_reader.o
 .debug_macro   0x0001be18       0x7c ./stm32f4_mylib/src/sd_card_reader.o
 .debug_macro   0x0001be94      0x46e ./stm32f4_mylib/src/spi.o
 .debug_macro   0x0001c302       0x58 ./stm32f4_mylib/src/spi.o
 .debug_macro   0x0001c35a      0x3fa ./stm32f4_mylib/src/spi.o
 .debug_macro   0x0001c754      0x484 ./stm32f4_mylib/FatFS/diskio.o
 .debug_macro   0x0001cbd8      0x26e ./stm32f4_mylib/FatFS/ff.o
 .debug_macro   0x0001ce46       0xdc ./stm32f4_mylib/FatFS/ff.o
 .debug_macro   0x0001cf22       0xcb ./stm32f4_mylib/FatFS/ff.o
 .debug_macro   0x0001cfed       0x8e ./stm32f4_mylib/FatFS/ff.o
 .debug_macro   0x0001d07b      0x426 ./src/_initialize_hardware.o
 .debug_macro   0x0001d4a1      0x546 ./src/main.o
 .debug_macro   0x0001d9e7       0x7f ./src/main.o
 .debug_macro   0x0001da66       0x6a ./src/main.o
 .debug_macro   0x0001dad0       0x1c ./src/main.o
 .debug_macro   0x0001daec       0xc4 ./src/main.o
