Archive member included because of file (symbol)

d:/gnu_arm/bin/../lib/gcc/arm-none-eabi/4.9.3/armv7e-m/fpu\libgcc.a(_arm_addsubdf3.o)
                              ./stm32f4_mylib/src/USART.o (__aeabi_dadd)
d:/gnu_arm/bin/../lib/gcc/arm-none-eabi/4.9.3/armv7e-m/fpu\libgcc.a(_arm_muldivdf3.o)
                              ./stm32f4_mylib/src/TIM.o (__aeabi_dmul)
d:/gnu_arm/bin/../lib/gcc/arm-none-eabi/4.9.3/armv7e-m/fpu\libgcc.a(_arm_fixdfsi.o)
                              ./stm32f4_mylib/src/TIM.o (__aeabi_d2iz)
d:/gnu_arm/bin/../lib/gcc/arm-none-eabi/4.9.3/armv7e-m/fpu\libgcc.a(_arm_fixunsdfsi.o)
                              ./stm32f4_mylib/src/USART.o (__aeabi_d2uiz)
d:/gnu_arm/bin/../lib/gcc/arm-none-eabi/4.9.3/../../../../arm-none-eabi/lib/armv7e-m/fpu\libg_nano.a(lib_a-errno.o)
                              ./system/src/newlib/_sbrk.o (__errno)
d:/gnu_arm/bin/../lib/gcc/arm-none-eabi/4.9.3/../../../../arm-none-eabi/lib/armv7e-m/fpu\libg_nano.a(lib_a-impure.o)
                              d:/gnu_arm/bin/../lib/gcc/arm-none-eabi/4.9.3/../../../../arm-none-eabi/lib/armv7e-m/fpu\libg_nano.a(lib_a-errno.o) (_impure_ptr)
d:/gnu_arm/bin/../lib/gcc/arm-none-eabi/4.9.3/../../../../arm-none-eabi/lib/armv7e-m/fpu\libg_nano.a(lib_a-memcpy.o)
                              ./stm32f4_mylib/src/TIM.o (memcpy)
d:/gnu_arm/bin/../lib/gcc/arm-none-eabi/4.9.3/../../../../arm-none-eabi/lib/armv7e-m/fpu\libg_nano.a(lib_a-memset.o)
                              ./stm32f4_mylib/src/sd_card_reader.o (memset)
d:/gnu_arm/bin/../lib/gcc/arm-none-eabi/4.9.3/../../../../arm-none-eabi/lib/armv7e-m/fpu\libg_nano.a(lib_a-nano-vfprintf_float.o)
                              (_printf_float)
d:/gnu_arm/bin/../lib/gcc/arm-none-eabi/4.9.3/../../../../arm-none-eabi/lib/armv7e-m/fpu\libg_nano.a(lib_a-nano-vfprintf_i.o)
                              d:/gnu_arm/bin/../lib/gcc/arm-none-eabi/4.9.3/../../../../arm-none-eabi/lib/armv7e-m/fpu\libg_nano.a(lib_a-nano-vfprintf_float.o) (_printf_common)
d:/gnu_arm/bin/../lib/gcc/arm-none-eabi/4.9.3/../../../../arm-none-eabi/lib/armv7e-m/fpu\libg_nano.a(lib_a-nano-vfscanf_float.o)
                              (_scanf_float)
d:/gnu_arm/bin/../lib/gcc/arm-none-eabi/4.9.3/../../../../arm-none-eabi/lib/armv7e-m/fpu\libg_nano.a(lib_a-s_fpclassify.o)
                              d:/gnu_arm/bin/../lib/gcc/arm-none-eabi/4.9.3/../../../../arm-none-eabi/lib/armv7e-m/fpu\libg_nano.a(lib_a-nano-vfprintf_float.o) (__fpclassifyd)
d:/gnu_arm/bin/../lib/gcc/arm-none-eabi/4.9.3/../../../../arm-none-eabi/lib/armv7e-m/fpu\libg_nano.a(lib_a-sf_nan.o)
                              d:/gnu_arm/bin/../lib/gcc/arm-none-eabi/4.9.3/../../../../arm-none-eabi/lib/armv7e-m/fpu\libg_nano.a(lib_a-nano-vfscanf_float.o) (nanf)
d:/gnu_arm/bin/../lib/gcc/arm-none-eabi/4.9.3/../../../../arm-none-eabi/lib/armv7e-m/fpu\libg_nano.a(lib_a-sprintf.o)
                              ./src/wav.o (sprintf)
d:/gnu_arm/bin/../lib/gcc/arm-none-eabi/4.9.3/../../../../arm-none-eabi/lib/armv7e-m/fpu\libg_nano.a(lib_a-strlen.o)
                              ./system/src/diag/Trace.o (strlen)
d:/gnu_arm/bin/../lib/gcc/arm-none-eabi/4.9.3/../../../../arm-none-eabi/lib/armv7e-m/fpu\libg_nano.a(lib_a-strtod.o)
                              d:/gnu_arm/bin/../lib/gcc/arm-none-eabi/4.9.3/../../../../arm-none-eabi/lib/armv7e-m/fpu\libg_nano.a(lib_a-nano-vfscanf_float.o) (_strtod_r)
d:/gnu_arm/bin/../lib/gcc/arm-none-eabi/4.9.3/../../../../arm-none-eabi/lib/armv7e-m/fpu\libg_nano.a(lib_a-strtol.o)
                              d:/gnu_arm/bin/../lib/gcc/arm-none-eabi/4.9.3/../../../../arm-none-eabi/lib/armv7e-m/fpu\libg_nano.a(lib_a-nano-vfscanf_float.o) (_strtol_r)
d:/gnu_arm/bin/../lib/gcc/arm-none-eabi/4.9.3/../../../../arm-none-eabi/lib/armv7e-m/fpu\libg_nano.a(lib_a-vsnprintf.o)
                              ./system/src/diag/Trace.o (vsnprintf)
d:/gnu_arm/bin/../lib/gcc/arm-none-eabi/4.9.3/../../../../arm-none-eabi/lib/armv7e-m/fpu\libg_nano.a(lib_a-ctype_.o)
                              d:/gnu_arm/bin/../lib/gcc/arm-none-eabi/4.9.3/../../../../arm-none-eabi/lib/armv7e-m/fpu\libg_nano.a(lib_a-strtol.o) (__ctype_ptr__)
d:/gnu_arm/bin/../lib/gcc/arm-none-eabi/4.9.3/../../../../arm-none-eabi/lib/armv7e-m/fpu\libg_nano.a(lib_a-dtoa.o)
                              d:/gnu_arm/bin/../lib/gcc/arm-none-eabi/4.9.3/../../../../arm-none-eabi/lib/armv7e-m/fpu\libg_nano.a(lib_a-nano-vfprintf_float.o) (_dtoa_r)
d:/gnu_arm/bin/../lib/gcc/arm-none-eabi/4.9.3/../../../../arm-none-eabi/lib/armv7e-m/fpu\libg_nano.a(lib_a-gdtoa-gethex.o)
                              d:/gnu_arm/bin/../lib/gcc/arm-none-eabi/4.9.3/../../../../arm-none-eabi/lib/armv7e-m/fpu\libg_nano.a(lib_a-strtod.o) (__gethex)
d:/gnu_arm/bin/../lib/gcc/arm-none-eabi/4.9.3/../../../../arm-none-eabi/lib/armv7e-m/fpu\libg_nano.a(lib_a-gdtoa-hexnan.o)
                              d:/gnu_arm/bin/../lib/gcc/arm-none-eabi/4.9.3/../../../../arm-none-eabi/lib/armv7e-m/fpu\libg_nano.a(lib_a-strtod.o) (__hexnan)
[...]
Memory Configuration

Name             Origin             Length             Attributes
RAM              0x20000000         0x00020000         xrw
CCMRAM           0x10000000         0x00010000         xrw
FLASH            0x08000000         0x00100000         xr
FLASHB1          0x00000000         0x00000000         xr
EXTMEMB0         0x00000000         0x00000000         xr
EXTMEMB1         0x00000000         0x00000000         xr
EXTMEMB2         0x00000000         0x00000000         xr
EXTMEMB3         0x00000000         0x00000000         xr
MEMORY_ARRAY     0x20002000         0x00000020         xrw
*default*        0x00000000         0xffffffff

Linker script and memory map

LOAD ./system/src/stm32f4-hal/stm32f4xx_hal.o
LOAD ./system/src/stm32f4-hal/stm32f4xx_hal_cec.o
LOAD ./system/src/stm32f4-hal/stm32f4xx_hal_cortex.o
LOAD ./system/src/stm32f4-hal/stm32f4xx_hal_flash.o
LOAD ./system/src/stm32f4-hal/stm32f4xx_hal_flash_ex.o
LOAD ./system/src/stm32f4-hal/stm32f4xx_hal_flash_ramfunc.o
LOAD ./system/src/stm32f4-hal/stm32f4xx_hal_gpio.o
LOAD ./system/src/stm32f4-hal/stm32f4xx_hal_iwdg.o
LOAD ./system/src/stm32f4-hal/stm32f4xx_hal_pwr.o
LOAD ./system/src/stm32f4-hal/stm32f4xx_hal_pwr_ex.o
LOAD ./system/src/stm32f4-hal/stm32f4xx_hal_rcc.o
LOAD ./system/src/stm32f4-hal/stm32f4xx_hal_rcc_ex.o
LOAD ./system/src/newlib/_cxx.o
LOAD ./system/src/newlib/_exit.o
LOAD ./system/src/newlib/_sbrk.o
LOAD ./system/src/newlib/_startup.o
LOAD ./system/src/newlib/_syscalls.o
LOAD ./system/src/newlib/assert.o
LOAD ./system/src/diag/Trace.o
LOAD ./system/src/diag/trace_impl.o
LOAD ./system/src/cortexm/_initialize_hardware.o
LOAD ./system/src/cortexm/_reset_hardware.o
LOAD ./system/src/cortexm/exception_handlers.o
LOAD ./system/src/cmsis/system_stm32f4xx.o
LOAD ./system/src/cmsis/vectors_stm32f4xx.o
LOAD ./stm32f4_mylib/src/EXTI.o
LOAD ./stm32f4_mylib/src/GPIO.o
LOAD ./stm32f4_mylib/src/HD44780.o
LOAD ./stm32f4_mylib/src/I2C.o
LOAD ./stm32f4_mylib/src/NEC_remote_controller.o
LOAD ./stm32f4_mylib/src/RCC.o
LOAD ./stm32f4_mylib/src/SysTick.o
LOAD ./stm32f4_mylib/src/TIM.o
LOAD ./stm32f4_mylib/src/USART.o
LOAD ./stm32f4_mylib/src/dac.o
LOAD ./stm32f4_mylib/src/fifo.o
LOAD ./stm32f4_mylib/src/misc.o
LOAD ./stm32f4_mylib/src/sd_card_reader.o
LOAD ./stm32f4_mylib/src/spi.o
LOAD ./stm32f4_mylib/SSD1306/Config.o
LOAD ./stm32f4_mylib/SSD1306/Fonts.o
LOAD ./stm32f4_mylib/SSD1306/SSD1306.o
LOAD ./stm32f4_mylib/FatFS/diskio.o
LOAD ./stm32f4_mylib/FatFS/ff.o
LOAD ./src/_initialize_hardware.o
LOAD ./src/_write.o
LOAD ./src/main.o
LOAD ./src/wav.o
LOAD d:/gnu_arm/bin/../lib/gcc/arm-none-eabi/4.9.3/../../../../arm-none-eabi/lib/armv7e-m/fpu\libstdc++_nano.a
LOAD d:/gnu_arm/bin/../lib/gcc/arm-none-eabi/4.9.3/../../../../arm-none-eabi/lib/armv7e-m/fpu\libm.a
START GROUP
LOAD d:/gnu_arm/bin/../lib/gcc/arm-none-eabi/4.9.3/armv7e-m/fpu\libgcc.a
LOAD d:/gnu_arm/bin/../lib/gcc/arm-none-eabi/4.9.3/../../../../arm-none-eabi/lib/armv7e-m/fpu\libg_nano.a
LOAD d:/gnu_arm/bin/../lib/gcc/arm-none-eabi/4.9.3/../../../../arm-none-eabi/lib/armv7e-m/fpu\libc_nano.a
END GROUP
START GROUP
LOAD d:/gnu_arm/bin/../lib/gcc/arm-none-eabi/4.9.3/armv7e-m/fpu\libgcc.a
LOAD d:/gnu_arm/bin/../lib/gcc/arm-none-eabi/4.9.3/../../../../arm-none-eabi/lib/armv7e-m/fpu\libc_nano.a
END GROUP
                0x20020000                __stack = (ORIGIN (RAM) + 0x20000)
                0x20020000                _estack = __stack
                0x00000800                __Main_Stack_Size = 0x800
                0x00000800                PROVIDE (_Main_Stack_Size, __Main_Stack_Size)
                0x2001f800                __Main_Stack_Limit = (__stack - __Main_Stack_Size)
                0x2001f800                PROVIDE (_Main_Stack_Limit, __Main_Stack_Limit)
                0x00000100                _Minimum_Stack_Size = 0x100
                0x20000b1c                PROVIDE (_Heap_Begin, _end_noinit)
                0x2001f800                PROVIDE (_Heap_Limit, (__stack - __Main_Stack_Size))

.isr_vector     0x08000000      0x4cc
 FILL mask 0xff
                0x08000000                __vectors_start = ABSOLUTE (.)
                0x08000000                __vectors_start__ = ABSOLUTE (.)
 *(.isr_vector)
 .isr_vector    0x08000000      0x188 ./system/src/cmsis/vectors_stm32f4xx.o
                0x08000000                __isr_vectors
 *(.cfmconfig)
 *(.after_vectors .after_vectors.*)
 .after_vectors
                0x08000188      0x1c4 ./system/src/newlib/_startup.o
                0x08000188                _start
 .after_vectors
                0x0800034c      0x178 ./system/src/cortexm/exception_handlers.o
                0x0800034c                Reset_Handler
                0x08000354                NMI_Handler
                0x0800035c                HardFault_Handler
                0x08000370                HardFault_Handler_C
                0x080003e4                MemManage_Handler
                0x080003ec                BusFault_Handler
                0x08000400                BusFault_Handler_C
                0x08000440                UsageFault_Handler
                0x08000454                UsageFault_Handler_C
                0x08000494                SVC_Handler
                0x0800049c                DebugMon_Handler
                0x080004a4                PendSV_Handler
 .after_vectors
                0x080004c4        0x8 ./system/src/cmsis/vectors_stm32f4xx.o
                0x080004c4                RTC_Alarm_IRQHandler
                0x080004c4                HASH_RNG_IRQHandler
                0x080004c4                EXTI2_IRQHandler
                0x080004c4                TIM8_CC_IRQHandler
                0x080004c4                TIM1_CC_IRQHandler
                0x080004c4                DMA2_Stream5_IRQHandler
                0x080004c4                DMA1_Stream5_IRQHandler
                0x080004c4                PVD_IRQHandler
                0x080004c4                SDIO_IRQHandler
                0x080004c4                TAMP_STAMP_IRQHandler
                0x080004c4                CAN2_RX1_IRQHandler
                0x080004c4                EXTI3_IRQHandler
                0x080004c4                TIM8_TRG_COM_TIM14_IRQHandler
                0x080004c4                TIM1_UP_TIM10_IRQHandler
                0x080004c4                TIM8_UP_TIM13_IRQHandler
                0x080004c4                I2C3_ER_IRQHandler
                0x080004c4                EXTI0_IRQHandler
                0x080004c4                I2C2_EV_IRQHandler
                0x080004c4                DMA1_Stream2_IRQHandler
                0x080004c4                CAN1_RX0_IRQHandler
                0x080004c4                FPU_IRQHandler
                0x080004c4                OTG_HS_WKUP_IRQHandler
                0x080004c4                CAN2_SCE_IRQHandler
                0x080004c4                DMA2_Stream2_IRQHandler
                0x080004c4                TIM6_DAC_IRQHandler
                0x080004c4                TIM1_BRK_TIM9_IRQHandler
                0x080004c4                DCMI_IRQHandler
                0x080004c4                CAN2_RX0_IRQHandler
                0x080004c4                DMA2_Stream3_IRQHandler
                0x080004c4                USART6_IRQHandler
                0x080004c4                USART3_IRQHandler
                0x080004c4                CAN1_RX1_IRQHandler
                0x080004c4                UART5_IRQHandler
                0x080004c4                DMA2_Stream0_IRQHandler
                0x080004c4                TIM4_IRQHandler
                0x080004c4                I2C1_EV_IRQHandler
                0x080004c4                DMA1_Stream6_IRQHandler
                0x080004c4                DMA1_Stream1_IRQHandler
                0x080004c4                UART4_IRQHandler
                0x080004c4                TIM3_IRQHandler
                0x080004c4                RCC_IRQHandler
                0x080004c4                TIM8_BRK_TIM12_IRQHandler
                0x080004c4                Default_Handler
                0x080004c4                ADC_IRQHandler
                0x080004c4                DMA1_Stream7_IRQHandler
                0x080004c4                CAN2_TX_IRQHandler
                0x080004c4                TIM5_IRQHandler
                0x080004c4                DMA2_Stream7_IRQHandler
                0x080004c4                I2C3_EV_IRQHandler
                0x080004c4                EXTI9_5_IRQHandler
                0x080004c4                RTC_WKUP_IRQHandler
                0x080004c4                ETH_WKUP_IRQHandler
                0x080004c4                OTG_HS_EP1_IN_IRQHandler
                0x080004c4                DMA1_Stream0_IRQHandler
                0x080004c4                CAN1_TX_IRQHandler
                0x080004c4                EXTI4_IRQHandler
                0x080004c4                FSMC_IRQHandler
                0x080004c4                ETH_IRQHandler
                0x080004c4                OTG_HS_EP1_OUT_IRQHandler
                0x080004c4                WWDG_IRQHandler
                0x080004c4                OTG_FS_WKUP_IRQHandler
                0x080004c4                TIM1_TRG_COM_TIM11_IRQHandler
                0x080004c4                OTG_HS_IRQHandler
                0x080004c4                EXTI1_IRQHandler
                0x080004c4                I2C2_ER_IRQHandler
                0x080004c4                DMA2_Stream1_IRQHandler
                0x080004c4                CAN1_SCE_IRQHandler
                0x080004c4                FLASH_IRQHandler
                0x080004c4                DMA2_Stream4_IRQHandler
                0x080004c4                USART1_IRQHandler
                0x080004c4                OTG_FS_IRQHandler
                0x080004c4                SPI3_IRQHandler
                0x080004c4                DMA1_Stream4_IRQHandler
                0x080004c4                I2C1_ER_IRQHandler
                0x080004c4                DMA2_Stream6_IRQHandler
                0x080004c4                DMA1_Stream3_IRQHandler

.inits          0x080004cc       0x28
                0x080004cc                __data_regions_array_start = .
                0x080004cc        0x4 LONG 0x800a870 LOADADDR (.data)
                0x080004d0        0x4 LONG 0x20000000 ADDR (.data)
                0x080004d4        0x4 LONG 0x200000c8 (ADDR (.data) + SIZEOF (.data))
                0x080004d8        0x4 LONG 0x800a870 LOADADDR (.data_CCMRAM)
                0x080004dc        0x4 LONG 0x10000000 ADDR (.data_CCMRAM)
                0x080004e0        0x4 LONG 0x10000000 (ADDR (.data_CCMRAM) + SIZEOF (.data_CCMRAM))
                0x080004e4                __data_regions_array_end = .
                0x080004e4                __bss_regions_array_start = .
                0x080004e4        0x4 LONG 0x200000c8 ADDR (.bss)
                0x080004e8        0x4 LONG 0x20000b1c (ADDR (.bss) + SIZEOF (.bss))
                0x080004ec        0x4 LONG 0x10000000 ADDR (.bss_CCMRAM)
                0x080004f0        0x4 LONG 0x10000000 (ADDR (.bss_CCMRAM) + SIZEOF (.bss_CCMRAM))
                0x080004f4                __bss_regions_array_end = .
 *(.init)
 *(.fini)
                0x080004f4                . = ALIGN (0x4)
                0x080004f4                PROVIDE (__preinit_array_start, .)
 *(.preinit_array_sysinit .preinit_array_sysinit.*)
 *(.preinit_array_platform .preinit_array_platform.*)
 *(.preinit_array .preinit_array.*)
                0x080004f4                PROVIDE (__preinit_array_end, .)
                0x080004f4                . = ALIGN (0x4)
                0x080004f4                PROVIDE (__init_array_start, .)
 *(SORT(.init_array.*))
 *(.init_array)
                0x080004f4                PROVIDE (__init_array_end, .)
                0x080004f4                . = ALIGN (0x4)
                0x080004f4                PROVIDE (__fini_array_start, .)
 *(SORT(.fini_array.*))
 *(.fini_array)
                0x080004f4                PROVIDE (__fini_array_end, .)

.flashtext
 *(.flashtext .flashtext.*)

.text           0x080004f8     0xa378
 *(.text .text.*)
 .text.HAL_Init
                0x080004f8       0x44 ./system/src/stm32f4-hal/stm32f4xx_hal.o
                0x080004f8                HAL_Init
 .text.HAL_MspInit
                0x0800053c        0xc ./system/src/stm32f4-hal/stm32f4xx_hal.o
                0x0800053c                HAL_MspInit
 .text.HAL_InitTick
                0x08000548       0x38 ./system/src/stm32f4-hal/stm32f4xx_hal.o
                0x08000548                HAL_InitTick
 .text.HAL_GetTick
                0x08000580       0x18 ./system/src/stm32f4-hal/stm32f4xx_hal.o
                0x08000580                HAL_GetTick
 .text.NVIC_SetPriorityGrouping
                0x08000598       0x48 ./system/src/stm32f4-hal/stm32f4xx_hal_cortex.o
 .text.NVIC_GetPriorityGrouping
                0x080005e0       0x1c ./system/src/stm32f4-hal/stm32f4xx_hal_cortex.o
 .text.NVIC_SetPriority
                0x080005fc       0x54 ./system/src/stm32f4-hal/stm32f4xx_hal_cortex.o
 .text.NVIC_EncodePriority
                0x08000650       0x68 ./system/src/stm32f4-hal/stm32f4xx_hal_cortex.o
 .text.SysTick_Config
                0x080006b8       0x44 ./system/src/stm32f4-hal/stm32f4xx_hal_cortex.o
 .text.HAL_NVIC_SetPriorityGrouping
                0x080006fc       0x40 ./system/src/stm32f4-hal/stm32f4xx_hal_cortex.o
                0x080006fc                HAL_NVIC_SetPriorityGrouping
 .text.HAL_NVIC_SetPriority
                0x0800073c       0x58 ./system/src/stm32f4-hal/stm32f4xx_hal_cortex.o
                0x0800073c                HAL_NVIC_SetPriority
 .text.HAL_SYSTICK_Config
                0x08000794       0x18 ./system/src/stm32f4-hal/stm32f4xx_hal_cortex.o
                0x08000794                HAL_SYSTICK_Config
 .text.HAL_SYSTICK_CLKSourceConfig
                0x080007ac       0x4c ./system/src/stm32f4-hal/stm32f4xx_hal_cortex.o
                0x080007ac                HAL_SYSTICK_CLKSourceConfig
 .text.HAL_RCC_OscConfig
                0x080007f8      0x61c ./system/src/stm32f4-hal/stm32f4xx_hal_rcc.o
                0x080007f8                HAL_RCC_OscConfig
 .text.HAL_RCC_ClockConfig
                0x08000e14      0x4e4 ./system/src/stm32f4-hal/stm32f4xx_hal_rcc.o
                0x08000e14                HAL_RCC_ClockConfig
 .text.HAL_RCC_GetSysClockFreq
                0x080012f8      0x118 ./system/src/stm32f4-hal/stm32f4xx_hal_rcc.o
                0x080012f8                HAL_RCC_GetSysClockFreq
 .text.HAL_RCC_GetHCLKFreq
                0x08001410       0x58 ./system/src/stm32f4-hal/stm32f4xx_hal_rcc.o
                0x08001410                HAL_RCC_GetHCLKFreq
 .text._exit    0x08001468        0xc ./system/src/newlib/_exit.o
                0x08001468                _exit
 .text.abort    0x08001474       0x14 ./system/src/newlib/_exit.o
                0x08001474                abort
 .text._sbrk    0x08001488       0x68 ./system/src/newlib/_sbrk.o
                0x08001488                _sbrk
 .text.__initialize_args
                0x080014f0       0x28 ./system/src/newlib/_syscalls.o
                0x080014f0                __initialize_args
 .text.assert_failed
                0x08001518       0x1c ./system/src/newlib/assert.o
                0x08001518                assert_failed
 .text.trace_printf
                0x08001534       0x44 ./system/src/diag/Trace.o
                0x08001534                trace_printf
 .text.trace_puts
                0x08001578       0x30 ./system/src/diag/Trace.o
                0x08001578                trace_puts
 .text.trace_write
                0x080015a8       0x1c ./system/src/diag/trace_impl.o
                0x080015a8                trace_write
 .text._trace_write_semihosting_debug
                0x080015c4       0xa4 ./system/src/diag/trace_impl.o
 .text.__initialize_hardware_early
                0x08001668       0x20 ./system/src/cortexm/_initialize_hardware.o
                0x08001668                __initialize_hardware_early
 .text.dumpExceptionStack
                0x08001688      0x12c ./system/src/cortexm/exception_handlers.o
                0x08001688                dumpExceptionStack
 .text.isSemihosting
                0x080017b4       0x54 ./system/src/cortexm/exception_handlers.o
                0x080017b4                isSemihosting
 .text.SystemInit
                0x08001808       0x6c ./system/src/cmsis/system_stm32f4xx.o
                0x08001808                SystemInit
 .text.SystemCoreClockUpdate
                0x08001874       0xf8 ./system/src/cmsis/system_stm32f4xx.o
                0x08001874                SystemCoreClockUpdate
 .text.EXTI_InterruptFallingEdgeConfigure
                0x0800196c       0x30 ./stm32f4_mylib/src/EXTI.o
                0x0800196c                EXTI_InterruptFallingEdgeConfigure
 .text.Convert_Pin32_t_To_Pin16_t
                0x0800199c       0x54 ./stm32f4_mylib/src/GPIO.o
 .text.GPIO_OutputConfigure
                0x080019f0      0x124 ./stm32f4_mylib/src/GPIO.o
                0x080019f0                GPIO_OutputConfigure
 .text.GPIO_InputConfigure
                0x08001b14       0xd8 ./stm32f4_mylib/src/GPIO.o
                0x08001b14                GPIO_InputConfigure
 .text.GPIO_AlternateFunctionPrepare
                0x08001bec      0x114 ./stm32f4_mylib/src/GPIO.o
                0x08001bec                GPIO_AlternateFunctionPrepare
 .text.GPIO_AlternateFunctionSet
                0x08001d00       0xcc ./stm32f4_mylib/src/GPIO.o
                0x08001d00                GPIO_AlternateFunctionSet
 .text.GPIO_Analog_Configure
                0x08001dcc       0x20 ./stm32f4_mylib/src/GPIO.o
                0x08001dcc                GPIO_Analog_Configure
 .text.LCD_WriteNibble
                0x08001dec       0x4c ./stm32f4_mylib/src/HD44780.o
 .text.LCD_WriteCommand
                0x08001e38       0x68 ./stm32f4_mylib/src/HD44780.o
                0x08001e38                LCD_WriteCommand
 .text.LCD_WriteData
                0x08001ea0       0x4c ./stm32f4_mylib/src/HD44780.o
                0x08001ea0                LCD_WriteData
 .text.LCD_GoTo
                0x08001eec       0x30 ./stm32f4_mylib/src/HD44780.o
                0x08001eec                LCD_GoTo
 .text.LCD_WriteText
                0x08001f1c       0x78 ./stm32f4_mylib/src/HD44780.o
                0x08001f1c                LCD_WriteText
 .text.EXTI15_10_IRQHandler
                0x08001f94       0x7c ./stm32f4_mylib/src/NEC_remote_controller.o
                0x08001f94                EXTI15_10_IRQHandler
 .text.NEC_Remote_Init
                0x08002010       0x30 ./stm32f4_mylib/src/NEC_remote_controller.o
                0x08002010                NEC_Remote_Init
 .text.Get_Bit  0x08002040       0x94 ./stm32f4_mylib/src/NEC_remote_controller.o
                0x08002040                Get_Bit
 .text.ResetRCC
                0x080020d4       0x80 ./stm32f4_mylib/src/RCC.o
                0x080020d4                ResetRCC
 .text.RCC_SetClockFrequency
                0x08002154       0xf4 ./stm32f4_mylib/src/RCC.o
                0x08002154                RCC_SetClockFrequency
 .text.SysTick_Delay
                0x08002248       0x3c ./stm32f4_mylib/src/SysTick.o
                0x08002248                SysTick_Delay
 .text.SysTick_Handler
                0x08002284       0x2c ./stm32f4_mylib/src/SysTick.o
                0x08002284                SysTick_Handler
 .text.TIM7_IRQHandler
                0x080022b0      0x210 ./stm32f4_mylib/src/TIM.o
                0x080022b0                TIM7_IRQHandler
 .text.TIM2_IRQHandler
                0x080024c0       0x9c ./stm32f4_mylib/src/TIM.o
                0x080024c0                TIM2_IRQHandler
 .text.TIM_Continuous_Counting
                0x0800255c       0x60 ./stm32f4_mylib/src/TIM.o
                0x0800255c                TIM_Continuous_Counting
 .text.TIM_PWMConfigure
                0x080025bc      0x1f8 ./stm32f4_mylib/src/TIM.o
                0x080025bc                TIM_PWMConfigure
 .text.TIM_Start
                0x080027b4       0x20 ./stm32f4_mylib/src/TIM.o
                0x080027b4                TIM_Start
 .text.TIM_Stop
                0x080027d4       0x20 ./stm32f4_mylib/src/TIM.o
                0x080027d4                TIM_Stop
 .text.TIM_Clear
                0x080027f4       0x18 ./stm32f4_mylib/src/TIM.o
                0x080027f4                TIM_Clear
 .text.TIM_Set_Timer_Max_Count
                0x0800280c       0x1c ./stm32f4_mylib/src/TIM.o
                0x0800280c                TIM_Set_Timer_Max_Count
 .text.TIM_Enable_Update_Interrupt
                0x08002828       0x20 ./stm32f4_mylib/src/TIM.o
                0x08002828                TIM_Enable_Update_Interrupt
 .text.USART2_IRQHandler
                0x08002848       0x48 ./stm32f4_mylib/src/USART.o
                0x08002848                USART2_IRQHandler
 .text.UART_DeInit
                0x08002890       0x2c ./stm32f4_mylib/src/USART.o
                0x08002890                UART_DeInit
 .text.UART_Config
                0x080028bc      0x170 ./stm32f4_mylib/src/USART.o
                0x080028bc                UART_Config
 .text.Log_Uart
                0x08002a2c       0x54 ./stm32f4_mylib/src/USART.o
                0x08002a2c                Log_Uart
 .text.Log_Clear_Terminal
                0x08002a80       0x10 ./stm32f4_mylib/src/USART.o
                0x08002a80                Log_Clear_Terminal
 .text.DAC_Init
                0x08002a90       0xc4 ./stm32f4_mylib/src/dac.o
                0x08002a90                DAC_Init
 .text.DAC_Put_Data_Dual_12bit_L
                0x08002b54       0x20 ./stm32f4_mylib/src/dac.o
                0x08002b54                DAC_Put_Data_Dual_12bit_L
 .text.Fifo_Init
                0x08002b74       0x38 ./stm32f4_mylib/src/fifo.o
                0x08002b74                Fifo_Init
 .text.Fifo_Empty
                0x08002bac       0x24 ./stm32f4_mylib/src/fifo.o
                0x08002bac                Fifo_Empty
 .text.Fifo_Get
                0x08002bd0       0x60 ./stm32f4_mylib/src/fifo.o
                0x08002bd0                Fifo_Get
 .text.Fifo_Put
                0x08002c30       0x54 ./stm32f4_mylib/src/fifo.o
                0x08002c30                Fifo_Put
 .text.SysTick_CLKSourceConfig
                0x08002c84       0x4c ./stm32f4_mylib/src/misc.o
                0x08002c84                SysTick_CLKSourceConfig
 .text.SD_Find_File_Name_Containing
                0x08002cd0       0xcc ./stm32f4_mylib/src/sd_card_reader.o
                0x08002cd0                SD_Find_File_Name_Containing
 .text.SD_Card_Init
                0x08002d9c      0x148 ./stm32f4_mylib/src/sd_card_reader.o
                0x08002d9c                SD_Card_Init
 .text.SD_Read_Single_Block
                0x08002ee4       0xac ./stm32f4_mylib/src/sd_card_reader.o
                0x08002ee4                SD_Read_Single_Block
 .text.SD_Read_Multiple_Blocks
                0x08002f90       0xd8 ./stm32f4_mylib/src/sd_card_reader.o
                0x08002f90                SD_Read_Multiple_Blocks
 .text.SD_Send_Command
                0x08003068      0x13c ./stm32f4_mylib/src/sd_card_reader.o
                0x08003068                SD_Send_Command
 .text.SPI2_IRQHandler
                0x080031a4       0xec ./stm32f4_mylib/src/spi.o
                0x080031a4                SPI2_IRQHandler
 .text.SPI1_IRQHandler
                0x08003290       0xec ./stm32f4_mylib/src/spi.o
                0x08003290                SPI1_IRQHandler
 .text.SPI_De_Init
                0x0800337c       0x30 ./stm32f4_mylib/src/spi.o
                0x0800337c                SPI_De_Init
 .text.SPI_Master_Init
                0x080033ac       0x9c ./stm32f4_mylib/src/spi.o
                0x080033ac                SPI_Master_Init
 .text.SPI_Enable
                0x08003448       0x44 ./stm32f4_mylib/src/spi.o
                0x08003448                SPI_Enable
 .text.SPI_Disable_Periph_Tx_Only
                0x0800348c       0x38 ./stm32f4_mylib/src/spi.o
                0x0800348c                SPI_Disable_Periph_Tx_Only
 .text.SPI_Disable_Periph_Rx_Only
                0x080034c4       0x2c ./stm32f4_mylib/src/spi.o
                0x080034c4                SPI_Disable_Periph_Rx_Only
 .text.SPI_Disable_Tx_Irq
                0x080034f0       0x20 ./stm32f4_mylib/src/spi.o
                0x080034f0                SPI_Disable_Tx_Irq
 .text.SPI_Enable_Tx_Irq
                0x08003510       0x20 ./stm32f4_mylib/src/spi.o
                0x08003510                SPI_Enable_Tx_Irq
 .text.SPI_Disable_Rx_Irq
                0x08003530       0x20 ./stm32f4_mylib/src/spi.o
                0x08003530                SPI_Disable_Rx_Irq
 .text.SPI_Enable_Rx_Irq
                0x08003550       0x20 ./stm32f4_mylib/src/spi.o
                0x08003550                SPI_Enable_Rx_Irq
 .text.SPI_Change_Clock
                0x08003570       0x74 ./stm32f4_mylib/src/spi.o
                0x08003570                SPI_Change_Clock
 .text.SPI_Send_Data_Only
                0x080035e4       0x7c ./stm32f4_mylib/src/spi.o
                0x080035e4                SPI_Send_Data_Only
 .text.SPI_Receive_Data_Only
                0x08003660       0x80 ./stm32f4_mylib/src/spi.o
                0x08003660                SPI_Receive_Data_Only
 .text.SPI_Wait_Until_Busy
                0x080036e0       0x20 ./stm32f4_mylib/src/spi.o
                0x080036e0                SPI_Wait_Until_Busy
 .text.disk_status
                0x08003700       0x28 ./stm32f4_mylib/FatFS/diskio.o
                0x08003700                disk_status
 .text.disk_initialize
                0x08003728       0x38 ./stm32f4_mylib/FatFS/diskio.o
                0x08003728                disk_initialize
 .text.disk_read
                0x08003760       0x40 ./stm32f4_mylib/FatFS/diskio.o
                0x08003760                disk_read
 .text.mem_cpy  0x080037a0       0x3c ./stm32f4_mylib/FatFS/ff.o
 .text.mem_set  0x080037dc       0x34 ./stm32f4_mylib/FatFS/ff.o
 .text.mem_cmp  0x08003810       0x50 ./stm32f4_mylib/FatFS/ff.o
 .text.chk_chr  0x08003860       0x38 ./stm32f4_mylib/FatFS/ff.o
 .text.move_window
                0x08003898       0x54 ./stm32f4_mylib/FatFS/ff.o
 .text.clust2sect
                0x080038ec       0x40 ./stm32f4_mylib/FatFS/ff.o
                0x080038ec                clust2sect
 .text.get_fat  0x0800392c      0x168 ./stm32f4_mylib/FatFS/ff.o
                0x0800392c                get_fat
 .text.dir_sdi  0x08003a94       0xfc ./stm32f4_mylib/FatFS/ff.o
 .text.dir_next
                0x08003b90       0xe8 ./stm32f4_mylib/FatFS/ff.o
 .text.ld_clust
                0x08003c78       0x5c ./stm32f4_mylib/FatFS/ff.o
 .text.dir_find
                0x08003cd4       0x94 ./stm32f4_mylib/FatFS/ff.o
 .text.dir_read
                0x08003d68       0xb0 ./stm32f4_mylib/FatFS/ff.o
 .text.get_fileinfo
                0x08003e18       0xe0 ./stm32f4_mylib/FatFS/ff.o
 .text.get_achar
                0x08003ef8       0x38 ./stm32f4_mylib/FatFS/ff.o
 .text.pattern_matching
                0x08003f30      0x108 ./stm32f4_mylib/FatFS/ff.o
 .text.create_name
                0x08004038      0x178 ./stm32f4_mylib/FatFS/ff.o
 .text.follow_path
                0x080041b0       0xd4 ./stm32f4_mylib/FatFS/ff.o
 .text.get_ldnumber
                0x08004284       0x90 ./stm32f4_mylib/FatFS/ff.o
 .text.check_fs
                0x08004314       0xc4 ./stm32f4_mylib/FatFS/ff.o
 .text.find_volume
                0x080043d8      0x418 ./stm32f4_mylib/FatFS/ff.o
 .text.validate
                0x080047f0       0x5c ./stm32f4_mylib/FatFS/ff.o
 .text.f_mount  0x0800484c       0x88 ./stm32f4_mylib/FatFS/ff.o
                0x0800484c                f_mount
 .text.f_open   0x080048d4      0x108 ./stm32f4_mylib/FatFS/ff.o
                0x080048d4                f_open
 .text.f_read   0x080049dc      0x1fc ./stm32f4_mylib/FatFS/ff.o
                0x080049dc                f_read
 .text.f_close  0x08004bd8       0x28 ./stm32f4_mylib/FatFS/ff.o
                0x08004bd8                f_close
 .text.f_lseek  0x08004c00      0x198 ./stm32f4_mylib/FatFS/ff.o
                0x08004c00                f_lseek
 .text.f_opendir
                0x08004d98       0xbc ./stm32f4_mylib/FatFS/ff.o
                0x08004d98                f_opendir
 .text.f_readdir
                0x08004e54       0x88 ./stm32f4_mylib/FatFS/ff.o
                0x08004e54                f_readdir
 .text.f_findnext
                0x08004edc       0x54 ./stm32f4_mylib/FatFS/ff.o
                0x08004edc                f_findnext
 .text.f_findfirst
                0x08004f30       0x3c ./stm32f4_mylib/FatFS/ff.o
                0x08004f30                f_findfirst
 .text.__initialize_hardware
                0x08004f6c       0x14 ./src/_initialize_hardware.o
                0x08004f6c                __initialize_hardware
 .text.SystemClock_Config
                0x08004f80       0xb4 ./src/_initialize_hardware.o
                0x08004f80                SystemClock_Config
 .text.NVIC_SetPriorityGrouping
                0x08005034       0x48 ./src/main.o
 .text.NVIC_EnableIRQ
                0x0800507c       0x30 ./src/main.o
 .text.NVIC_SetPriority
                0x080050ac       0x54 ./src/main.o
 .text.SysTick_Config
                0x08005100       0x44 ./src/main.o
 .text.NVIC_Enable_Interrupts
                0x08005144       0x5c ./src/main.o
                0x08005144                NVIC_Enable_Interrupts
 .text.main     0x080051a0      0x544 ./src/main.o
                0x080051a0                main
 .text.WAV_List_Songs
                0x080056e4       0x8c ./src/wav.o
                0x080056e4                WAV_List_Songs
 .text.WAV_Get_File_Header
                0x08005770      0x130 ./src/wav.o
                0x08005770                WAV_Get_File_Header
 .text.WAV_Calculate_Length_To_Secs
                0x080058a0       0x24 ./src/wav.o
                0x080058a0                WAV_Calculate_Length_To_Secs
 .text.WAV_Convert_Seconds_To_String
                0x080058c4       0x78 ./src/wav.o
                0x080058c4                WAV_Convert_Seconds_To_String
 .text          0x0800593c      0x370 d:/gnu_arm/bin/../lib/gcc/arm-none-eabi/4.9.3/armv7e-m/fpu\libgcc.a(_arm_addsubdf3.o)
                0x0800593c                __aeabi_drsub
                0x08005944                __aeabi_dsub
                0x08005944                __subdf3
                0x08005948                __aeabi_dadd
                0x08005948                __adddf3
                0x08005bc0                __floatunsidf
                0x08005bc0                __aeabi_ui2d
                0x08005be0                __floatsidf
                0x08005be0                __aeabi_i2d
                0x08005c04                __aeabi_f2d
                0x08005c04                __extendsfdf2
                0x08005c40                __floatundidf
                0x08005c40                __aeabi_ul2d
                0x08005c50                __floatdidf
                0x08005c50                __aeabi_l2d
 .text          0x08005cac      0x424 d:/gnu_arm/bin/../lib/gcc/arm-none-eabi/4.9.3/armv7e-m/fpu\libgcc.a(_arm_muldivdf3.o)
                0x08005cac                __aeabi_dmul
                0x08005cac                __muldf3
                0x08005f00                __divdf3
                0x08005f00                __aeabi_ddiv
 .text          0x080060d0       0x50 d:/gnu_arm/bin/../lib/gcc/arm-none-eabi/4.9.3/armv7e-m/fpu\libgcc.a(_arm_fixdfsi.o)
                0x080060d0                __aeabi_d2iz
                0x080060d0                __fixdfsi
 .text          0x08006120       0x40 d:/gnu_arm/bin/../lib/gcc/arm-none-eabi/4.9.3/armv7e-m/fpu\libgcc.a(_arm_fixunsdfsi.o)
                0x08006120                __aeabi_d2uiz
                0x08006120                __fixunsdfsi
 .text.__errno  0x08006160        0xc d:/gnu_arm/bin/../lib/gcc/arm-none-eabi/4.9.3/../../../../arm-none-eabi/lib/armv7e-m/fpu\libg_nano.a(lib_a-errno.o)
                0x08006160                __errno
 .text.memcpy   0x0800616c       0x16 d:/gnu_arm/bin/../lib/gcc/arm-none-eabi/4.9.3/../../../../arm-none-eabi/lib/armv7e-m/fpu\libg_nano.a(lib_a-memcpy.o)
                0x0800616c                memcpy
 .text.memset   0x08006182       0x10 d:/gnu_arm/bin/../lib/gcc/arm-none-eabi/4.9.3/../../../../arm-none-eabi/lib/armv7e-m/fpu\libg_nano.a(lib_a-memset.o)
                0x08006182                memset
 .text.__cvt    0x08006192       0xc4 d:/gnu_arm/bin/../lib/gcc/arm-none-eabi/4.9.3/../../../../arm-none-eabi/lib/armv7e-m/fpu\libg_nano.a(lib_a-nano-vfprintf_float.o)
                0x08006192                __cvt
 .text.__exponent
                0x08006256       0x60 d:/gnu_arm/bin/../lib/gcc/arm-none-eabi/4.9.3/../../../../arm-none-eabi/lib/armv7e-m/fpu\libg_nano.a(lib_a-nano-vfprintf_float.o)
                0x08006256                __exponent
 *fill*         0x080062b6        0x2 
 .text._printf_float
                0x080062b8      0x47c d:/gnu_arm/bin/../lib/gcc/arm-none-eabi/4.9.3/../../../../arm-none-eabi/lib/armv7e-m/fpu\libg_nano.a(lib_a-nano-vfprintf_float.o)
                0x080062b8                _printf_float
 .text._printf_common
                0x08006734       0xea d:/gnu_arm/bin/../lib/gcc/arm-none-eabi/4.9.3/../../../../arm-none-eabi/lib/armv7e-m/fpu\libg_nano.a(lib_a-nano-vfprintf_i.o)
                0x08006734                _printf_common
 *fill*         0x0800681e        0x2 
 .text._printf_i
                0x08006820      0x240 d:/gnu_arm/bin/../lib/gcc/arm-none-eabi/4.9.3/../../../../arm-none-eabi/lib/armv7e-m/fpu\libg_nano.a(lib_a-nano-vfprintf_i.o)
                0x08006820                _printf_i
 .text._scanf_float
                0x08006a60      0x3d0 d:/gnu_arm/bin/../lib/gcc/arm-none-eabi/4.9.3/../../../../arm-none-eabi/lib/armv7e-m/fpu\libg_nano.a(lib_a-nano-vfscanf_float.o)
                0x08006a60                _scanf_float
 .text.__fpclassifyd
                0x08006e30       0x58 d:/gnu_arm/bin/../lib/gcc/arm-none-eabi/4.9.3/../../../../arm-none-eabi/lib/armv7e-m/fpu\libg_nano.a(lib_a-s_fpclassify.o)
                0x08006e30                __fpclassifyd
 .text.nanf     0x08006e88        0xc d:/gnu_arm/bin/../lib/gcc/arm-none-eabi/4.9.3/../../../../arm-none-eabi/lib/armv7e-m/fpu\libg_nano.a(lib_a-sf_nan.o)
                0x08006e88                nanf
 .text.sprintf  0x08006e94       0x48 d:/gnu_arm/bin/../lib/gcc/arm-none-eabi/4.9.3/../../../../arm-none-eabi/lib/armv7e-m/fpu\libg_nano.a(lib_a-sprintf.o)
                0x08006e94                siprintf
                0x08006e94                sprintf
 .text.strlen   0x08006edc       0x10 d:/gnu_arm/bin/../lib/gcc/arm-none-eabi/4.9.3/../../../../arm-none-eabi/lib/armv7e-m/fpu\libg_nano.a(lib_a-strlen.o)
                0x08006edc                strlen
 .text.match    0x08006eec       0x26 d:/gnu_arm/bin/../lib/gcc/arm-none-eabi/4.9.3/../../../../arm-none-eabi/lib/armv7e-m/fpu\libg_nano.a(lib_a-strtod.o)
 .text.sulp     0x08006f12       0x38 d:/gnu_arm/bin/../lib/gcc/arm-none-eabi/4.9.3/../../../../arm-none-eabi/lib/armv7e-m/fpu\libg_nano.a(lib_a-strtod.o)
 *fill*         0x08006f4a        0x6 
 .text._strtod_r
                0x08006f50      0xc44 d:/gnu_arm/bin/../lib/gcc/arm-none-eabi/4.9.3/../../../../arm-none-eabi/lib/armv7e-m/fpu\libg_nano.a(lib_a-strtod.o)
                0x08006f50                _strtod_r
 .text._strtol_r
                0x08007b94      0x10c d:/gnu_arm/bin/../lib/gcc/arm-none-eabi/4.9.3/../../../../arm-none-eabi/lib/armv7e-m/fpu\libg_nano.a(lib_a-strtol.o)
                0x08007b94                _strtol_r
 .text._vsnprintf_r
                0x08007ca0       0x52 d:/gnu_arm/bin/../lib/gcc/arm-none-eabi/4.9.3/../../../../arm-none-eabi/lib/armv7e-m/fpu\libg_nano.a(lib_a-vsnprintf.o)
                0x08007ca0                _vsniprintf_r
                0x08007ca0                _vsnprintf_r
 *fill*         0x08007cf2        0x2 
 .text.vsnprintf
                0x08007cf4       0x20 d:/gnu_arm/bin/../lib/gcc/arm-none-eabi/4.9.3/../../../../arm-none-eabi/lib/armv7e-m/fpu\libg_nano.a(lib_a-vsnprintf.o)
                0x08007cf4                vsniprintf
                0x08007cf4                vsnprintf
 .text.quorem   0x08007d14      0x11a d:/gnu_arm/bin/../lib/gcc/arm-none-eabi/4.9.3/../../../../arm-none-eabi/lib/armv7e-m/fpu\libg_nano.a(lib_a-dtoa.o)
 *fill*         0x08007e2e        0x2 
 .text._dtoa_r  0x08007e30      0xb80 d:/gnu_arm/bin/../lib/gcc/arm-none-eabi/4.9.3/../../../../arm-none-eabi/lib/armv7e-m/fpu\libg_nano.a(lib_a-dtoa.o)
                0x08007e30                _dtoa_r
 .text.rshift   0x080089b0       0x6c d:/gnu_arm/bin/../lib/gcc/arm-none-eabi/4.9.3/../../../../arm-none-eabi/lib/armv7e-m/fpu\libg_nano.a(lib_a-gdtoa-gethex.o)
 .text.__hexdig_fun
                0x08008a1c       0x2a d:/gnu_arm/bin/../lib/gcc/arm-none-eabi/4.9.3/../../../../arm-none-eabi/lib/armv7e-m/fpu\libg_nano.a(lib_a-gdtoa-gethex.o)
                0x08008a1c                __hexdig_fun
 .text.__gethex
                0x08008a46      0x44a d:/gnu_arm/bin/../lib/gcc/arm-none-eabi/4.9.3/../../../../arm-none-eabi/lib/armv7e-m/fpu\libg_nano.a(lib_a-gdtoa-gethex.o)
                0x08008a46                __gethex
 .text.L_shift  0x08008e90       0x24 d:/gnu_arm/bin/../lib/gcc/arm-none-eabi/4.9.3/../../../../arm-none-eabi/lib/armv7e-m/fpu\libg_nano.a(lib_a-gdtoa-hexnan.o)
 .text.__hexnan
                0x08008eb4      0x114 d:/gnu_arm/bin/../lib/gcc/arm-none-eabi/4.9.3/../../../../arm-none-eabi/lib/armv7e-m/fpu\libg_nano.a(lib_a-gdtoa-hexnan.o)
                0x08008eb4                __hexnan
 .text._localeconv_r
                0x08008fc8        0x8 d:/gnu_arm/bin/../lib/gcc/arm-none-eabi/4.9.3/../../../../arm-none-eabi/lib/armv7e-m/fpu\libg_nano.a(lib_a-locale.o)
                0x08008fc8                _localeconv_r
 .text.malloc   0x08008fd0       0x10 d:/gnu_arm/bin/../lib/gcc/arm-none-eabi/4.9.3/../../../../arm-none-eabi/lib/armv7e-m/fpu\libg_nano.a(lib_a-malloc.o)
                0x08008fd0                malloc
 .text.memchr   0x08008fe0       0x1e d:/gnu_arm/bin/../lib/gcc/arm-none-eabi/4.9.3/../../../../arm-none-eabi/lib/armv7e-m/fpu\libg_nano.a(lib_a-memchr.o)
                0x08008fe0                memchr
 .text._Balloc  0x08008ffe       0x6a d:/gnu_arm/bin/../lib/gcc/arm-none-eabi/4.9.3/../../../../arm-none-eabi/lib/armv7e-m/fpu\libg_nano.a(lib_a-mprec.o)
                0x08008ffe                _Balloc
 .text._Bfree   0x08009068       0x2e d:/gnu_arm/bin/../lib/gcc/arm-none-eabi/4.9.3/../../../../arm-none-eabi/lib/armv7e-m/fpu\libg_nano.a(lib_a-mprec.o)
                0x08009068                _Bfree
 .text.__multadd
                0x08009096       0x7c d:/gnu_arm/bin/../lib/gcc/arm-none-eabi/4.9.3/../../../../arm-none-eabi/lib/armv7e-m/fpu\libg_nano.a(lib_a-mprec.o)
                0x08009096                __multadd
 .text.__s2b    0x08009112       0x80 d:/gnu_arm/bin/../lib/gcc/arm-none-eabi/4.9.3/../../../../arm-none-eabi/lib/armv7e-m/fpu\libg_nano.a(lib_a-mprec.o)
                0x08009112                __s2b
 .text.__hi0bits
                0x08009192       0x40 d:/gnu_arm/bin/../lib/gcc/arm-none-eabi/4.9.3/../../../../arm-none-eabi/lib/armv7e-m/fpu\libg_nano.a(lib_a-mprec.o)
                0x08009192                __hi0bits
 .text.__lo0bits
                0x080091d2       0x5a d:/gnu_arm/bin/../lib/gcc/arm-none-eabi/4.9.3/../../../../arm-none-eabi/lib/armv7e-m/fpu\libg_nano.a(lib_a-mprec.o)
                0x080091d2                __lo0bits
 .text.__i2b    0x0800922c       0x12 d:/gnu_arm/bin/../lib/gcc/arm-none-eabi/4.9.3/../../../../arm-none-eabi/lib/armv7e-m/fpu\libg_nano.a(lib_a-mprec.o)
                0x0800922c                __i2b
 .text.__multiply
                0x0800923e      0x122 d:/gnu_arm/bin/../lib/gcc/arm-none-eabi/4.9.3/../../../../arm-none-eabi/lib/armv7e-m/fpu\libg_nano.a(lib_a-mprec.o)
                0x0800923e                __multiply
 .text.__pow5mult
                0x08009360       0x9c d:/gnu_arm/bin/../lib/gcc/arm-none-eabi/4.9.3/../../../../arm-none-eabi/lib/armv7e-m/fpu\libg_nano.a(lib_a-mprec.o)
                0x08009360                __pow5mult
 .text.__lshift
                0x080093fc       0xa6 d:/gnu_arm/bin/../lib/gcc/arm-none-eabi/4.9.3/../../../../arm-none-eabi/lib/armv7e-m/fpu\libg_nano.a(lib_a-mprec.o)
                0x080093fc                __lshift
 .text.__mcmp   0x080094a2       0x38 d:/gnu_arm/bin/../lib/gcc/arm-none-eabi/4.9.3/../../../../arm-none-eabi/lib/armv7e-m/fpu\libg_nano.a(lib_a-mprec.o)
                0x080094a2                __mcmp
 .text.__mdiff  0x080094da       0xbe d:/gnu_arm/bin/../lib/gcc/arm-none-eabi/4.9.3/../../../../arm-none-eabi/lib/armv7e-m/fpu\libg_nano.a(lib_a-mprec.o)
                0x080094da                __mdiff
 .text.__ulp    0x08009598       0x50 d:/gnu_arm/bin/../lib/gcc/arm-none-eabi/4.9.3/../../../../arm-none-eabi/lib/armv7e-m/fpu\libg_nano.a(lib_a-mprec.o)
                0x08009598                __ulp
 .text.__b2d    0x080095e8       0x9e d:/gnu_arm/bin/../lib/gcc/arm-none-eabi/4.9.3/../../../../arm-none-eabi/lib/armv7e-m/fpu\libg_nano.a(lib_a-mprec.o)
                0x080095e8                __b2d
 .text.__d2b    0x08009686       0xa4 d:/gnu_arm/bin/../lib/gcc/arm-none-eabi/4.9.3/../../../../arm-none-eabi/lib/armv7e-m/fpu\libg_nano.a(lib_a-mprec.o)
                0x08009686                __d2b
 .text.__ratio  0x0800972a       0x54 d:/gnu_arm/bin/../lib/gcc/arm-none-eabi/4.9.3/../../../../arm-none-eabi/lib/armv7e-m/fpu\libg_nano.a(lib_a-mprec.o)
                0x0800972a                __ratio
 .text.__copybits
                0x0800977e       0x34 d:/gnu_arm/bin/../lib/gcc/arm-none-eabi/4.9.3/../../../../arm-none-eabi/lib/armv7e-m/fpu\libg_nano.a(lib_a-mprec.o)
                0x0800977e                __copybits
 .text.__any_on
                0x080097b2       0x44 d:/gnu_arm/bin/../lib/gcc/arm-none-eabi/4.9.3/../../../../arm-none-eabi/lib/armv7e-m/fpu\libg_nano.a(lib_a-mprec.o)
                0x080097b2                __any_on
 .text._calloc_r
                0x080097f6       0x1c d:/gnu_arm/bin/../lib/gcc/arm-none-eabi/4.9.3/../../../../arm-none-eabi/lib/armv7e-m/fpu\libg_nano.a(lib_a-nano-callocr.o)
                0x080097f6                _calloc_r
 *fill*         0x08009812        0x2 
 .text._free_r  0x08009814       0x88 d:/gnu_arm/bin/../lib/gcc/arm-none-eabi/4.9.3/../../../../arm-none-eabi/lib/armv7e-m/fpu\libg_nano.a(lib_a-nano-freer.o)
                0x08009814                _free_r
 .text._malloc_r
                0x0800989c       0xac d:/gnu_arm/bin/../lib/gcc/arm-none-eabi/4.9.3/../../../../arm-none-eabi/lib/armv7e-m/fpu\libg_nano.a(lib_a-nano-mallocr.o)
                0x0800989c                _malloc_r
 .text.__ssputs_r
                0x08009948       0xb2 d:/gnu_arm/bin/../lib/gcc/arm-none-eabi/4.9.3/../../../../arm-none-eabi/lib/armv7e-m/fpu\libg_nano.a(lib_a-nano-svfprintf.o)
                0x08009948                __ssputs_r
 *fill*         0x080099fa        0x2 
 .text._svfprintf_r
                0x080099fc      0x1e4 d:/gnu_arm/bin/../lib/gcc/arm-none-eabi/4.9.3/../../../../arm-none-eabi/lib/armv7e-m/fpu\libg_nano.a(lib_a-nano-svfprintf.o)
                0x080099fc                _svfiprintf_r
                0x080099fc                _svfprintf_r
 .text._sbrk_r  0x08009be0       0x20 d:/gnu_arm/bin/../lib/gcc/arm-none-eabi/4.9.3/../../../../arm-none-eabi/lib/armv7e-m/fpu\libg_nano.a(lib_a-sbrkr.o)
                0x08009be0                _sbrk_r
 .text.strncmp  0x08009c00       0x34 d:/gnu_arm/bin/../lib/gcc/arm-none-eabi/4.9.3/../../../../arm-none-eabi/lib/armv7e-m/fpu\libg_nano.a(lib_a-strncmp.o)
                0x08009c00                strncmp
 .text.memmove  0x08009c34       0x36 d:/gnu_arm/bin/../lib/gcc/arm-none-eabi/4.9.3/../../../../arm-none-eabi/lib/armv7e-m/fpu\libg_nano.a(lib_a-memmove.o)
                0x08009c34                memmove
 .text._realloc_r
                0x08009c6a       0x4c d:/gnu_arm/bin/../lib/gcc/arm-none-eabi/4.9.3/../../../../arm-none-eabi/lib/armv7e-m/fpu\libg_nano.a(lib_a-nano-reallocr.o)
                0x08009c6a                _realloc_r
 .text._malloc_usable_size_r
                0x08009cb6       0x14 d:/gnu_arm/bin/../lib/gcc/arm-none-eabi/4.9.3/../../../../arm-none-eabi/lib/armv7e-m/fpu\libg_nano.a(lib_a-nano-msizer.o)
                0x08009cb6                _malloc_usable_size_r
 *fill*         0x08009cca        0x2 
 .text          0x08009ccc      0x110 d:/gnu_arm/bin/../lib/gcc/arm-none-eabi/4.9.3/armv7e-m/fpu\libgcc.a(_arm_cmpdf2.o)
                0x08009ccc                __gtdf2
                0x08009ccc                __gedf2
                0x08009cd4                __ltdf2
                0x08009cd4                __ledf2
                0x08009cdc                __nedf2
                0x08009cdc                __eqdf2
                0x08009cdc                __cmpdf2
                0x08009d58                __aeabi_cdrcmple
                0x08009d68                __aeabi_cdcmpeq
                0x08009d68                __aeabi_cdcmple
                0x08009d78                __aeabi_dcmpeq
                0x08009d8c                __aeabi_dcmplt
                0x08009da0                __aeabi_dcmple
                0x08009db4                __aeabi_dcmpge
                0x08009dc8                __aeabi_dcmpgt
 .text          0x08009ddc       0xa0 d:/gnu_arm/bin/../lib/gcc/arm-none-eabi/4.9.3/armv7e-m/fpu\libgcc.a(_arm_truncdfsf2.o)
                0x08009ddc                __truncdfsf2
                0x08009ddc                __aeabi_d2f
 *(.rodata .rodata.* .constdata .constdata.*)
 .rodata        0x08009e7c       0x31 ./system/src/stm32f4-hal/stm32f4xx_hal_cortex.o
 *fill*         0x08009ead        0x3 
 .rodata.APBAHBPrescTable
                0x08009eb0       0x10 ./system/src/stm32f4-hal/stm32f4xx_hal_rcc.o
                0x08009eb0                APBAHBPrescTable
 .rodata        0x08009ec0       0x2e ./system/src/stm32f4-hal/stm32f4xx_hal_rcc.o
 *fill*         0x08009eee        0x2 
 .rodata        0x08009ef0       0x14 ./system/src/newlib/_exit.o
 .rodata        0x08009f04       0x6f ./system/src/newlib/assert.o
 *fill*         0x08009f73        0x1 
 .rodata        0x08009f74       0x2d ./system/src/diag/Trace.o
 *fill*         0x08009fa1        0x3 
 .rodata        0x08009fa4      0x146 ./system/src/cortexm/exception_handlers.o
 *fill*         0x0800a0ea        0x2 
 .rodata        0x0800a0ec       0x11 ./stm32f4_mylib/src/TIM.o
 *fill*         0x0800a0fd        0x3 
 .rodata        0x0800a100        0x7 ./stm32f4_mylib/src/USART.o
 *fill*         0x0800a107        0x1 
 .rodata        0x0800a108       0x2e ./stm32f4_mylib/src/misc.o
 *fill*         0x0800a136        0x2 
 .rodata        0x0800a138      0x282 ./stm32f4_mylib/src/sd_card_reader.o
 *fill*         0x0800a3ba        0x2 
 .rodata        0x0800a3bc        0xf ./stm32f4_mylib/FatFS/ff.o
 *fill*         0x0800a3cb        0x1 
 .rodata        0x0800a3cc      0x175 ./src/main.o
 *fill*         0x0800a541        0x3 
 .rodata        0x0800a544       0x73 ./src/wav.o
 .rodata.str1.1
                0x0800a5b7        0x2 d:/gnu_arm/bin/../lib/gcc/arm-none-eabi/4.9.3/../../../../arm-none-eabi/lib/armv7e-m/fpu\libg_nano.a(lib_a-impure.o)
 .rodata.str1.1
                0x0800a5b9       0x12 d:/gnu_arm/bin/../lib/gcc/arm-none-eabi/4.9.3/../../../../arm-none-eabi/lib/armv7e-m/fpu\libg_nano.a(lib_a-nano-vfprintf_float.o)
 .rodata.str1.1
                0x0800a5cb       0x22 d:/gnu_arm/bin/../lib/gcc/arm-none-eabi/4.9.3/../../../../arm-none-eabi/lib/armv7e-m/fpu\libg_nano.a(lib_a-nano-vfprintf_i.o)
 .rodata.str1.1
                0x0800a5ed        0x5 d:/gnu_arm/bin/../lib/gcc/arm-none-eabi/4.9.3/../../../../arm-none-eabi/lib/armv7e-m/fpu\libg_nano.a(lib_a-nano-vfscanf_float.o)
 .rodata.str1.1
                0x00000000        0x5 d:/gnu_arm/bin/../lib/gcc/arm-none-eabi/4.9.3/../../../../arm-none-eabi/lib/armv7e-m/fpu\libg_nano.a(lib_a-strtod.o)
                                  0xc (size before relaxing)
 *fill*         0x0800a5f2        0x2 
 .rodata.fpinan.5315
                0x0800a5f4       0x14 d:/gnu_arm/bin/../lib/gcc/arm-none-eabi/4.9.3/../../../../arm-none-eabi/lib/armv7e-m/fpu\libg_nano.a(lib_a-strtod.o)
 .rodata.tinytens
                0x0800a608       0x28 d:/gnu_arm/bin/../lib/gcc/arm-none-eabi/4.9.3/../../../../arm-none-eabi/lib/armv7e-m/fpu\libg_nano.a(lib_a-strtod.o)
 .rodata.fpi.5279
                0x0800a630       0x14 d:/gnu_arm/bin/../lib/gcc/arm-none-eabi/4.9.3/../../../../arm-none-eabi/lib/armv7e-m/fpu\libg_nano.a(lib_a-strtod.o)
 .rodata._ctype_
                0x0800a644      0x101 d:/gnu_arm/bin/../lib/gcc/arm-none-eabi/4.9.3/../../../../arm-none-eabi/lib/armv7e-m/fpu\libg_nano.a(lib_a-ctype_.o)
                0x0800a644                _ctype_
 .rodata.str1.1
                0x0800a745        0xd d:/gnu_arm/bin/../lib/gcc/arm-none-eabi/4.9.3/../../../../arm-none-eabi/lib/armv7e-m/fpu\libg_nano.a(lib_a-dtoa.o)
                                  0xf (size before relaxing)
 .rodata.str1.1
                0x0800a752        0x8 d:/gnu_arm/bin/../lib/gcc/arm-none-eabi/4.9.3/../../../../arm-none-eabi/lib/armv7e-m/fpu\libg_nano.a(lib_a-locale.o)
                                  0xb (size before relaxing)
 *fill*         0x0800a75a        0x6 
 .rodata.__mprec_tens
                0x0800a760       0xc8 d:/gnu_arm/bin/../lib/gcc/arm-none-eabi/4.9.3/../../../../arm-none-eabi/lib/armv7e-m/fpu\libg_nano.a(lib_a-mprec.o)
                0x0800a760                __mprec_tens
 .rodata.__mprec_bigtens
                0x0800a828       0x28 d:/gnu_arm/bin/../lib/gcc/arm-none-eabi/4.9.3/../../../../arm-none-eabi/lib/armv7e-m/fpu\libg_nano.a(lib_a-mprec.o)
                0x0800a828                __mprec_bigtens
 .rodata.p05.5314
                0x0800a850        0xc d:/gnu_arm/bin/../lib/gcc/arm-none-eabi/4.9.3/../../../../arm-none-eabi/lib/armv7e-m/fpu\libg_nano.a(lib_a-mprec.o)
 .rodata.str1.1
                0x0800a85c       0x11 d:/gnu_arm/bin/../lib/gcc/arm-none-eabi/4.9.3/../../../../arm-none-eabi/lib/armv7e-m/fpu\libg_nano.a(lib_a-nano-svfprintf.o)
 *(vtable)
 *(.eh_frame*)
 *fill*         0x0800a86d        0x3 
 .eh_frame      0x0800a870        0x0 d:/gnu_arm/bin/../lib/gcc/arm-none-eabi/4.9.3/../../../../arm-none-eabi/lib/armv7e-m/fpu\libg_nano.a(lib_a-strcmp.o)
                                 0x28 (size before relaxing)
 *(.glue_7)
 .glue_7        0x00000000        0x0 linker stubs
 *(.glue_7t)
 .glue_7t       0x00000000        0x0 linker stubs

.vfp11_veneer   0x0800a870        0x0
 .vfp11_veneer  0x00000000        0x0 linker stubs

.v4_bx          0x0800a870        0x0
 .v4_bx         0x00000000        0x0 linker stubs

.iplt           0x0800a870        0x0
 .iplt          0x00000000        0x0 ./system/src/stm32f4-hal/stm32f4xx_hal.o

.rel.dyn        0x0800a870        0x0
 .rel.iplt      0x00000000        0x0 ./system/src/stm32f4-hal/stm32f4xx_hal.o

.ARM.extab
 *(.ARM.extab* .gnu.linkonce.armextab.*)
                0x0800a870                . = ALIGN (0x4)
                0x0800a870                __exidx_start = .

.ARM.exidx
 *(.ARM.exidx* .gnu.linkonce.armexidx.*)
                0x0800a870                __exidx_end = .
                0x0800a870                . = ALIGN (0x4)
                0x0800a870                _etext = .
                0x0800a870                __etext = .

.data_CCMRAM    0x10000000        0x0 load address 0x0800a870
 FILL mask 0xff
 *(.data.CCMRAM .data.CCMRAM.*)
                0x10000000                . = ALIGN (0x4)
                0x0800a870                _sidata = LOADADDR (.data)

.data           0x20000000       0xc8 load address 0x0800a870
 FILL mask 0xff
                0x20000000                _sdata = .
                0x20000000                __data_start__ = .
 *(.data_begin .data_begin.*)
 .data_begin    0x20000000        0x4 ./system/src/newlib/_startup.o
 *(.data .data.*)
 .data.argv.4157
                0x20000004        0x8 ./system/src/newlib/_syscalls.o
 .data.SystemCoreClock
                0x2000000c        0x4 ./system/src/cmsis/system_stm32f4xx.o
                0x2000000c                SystemCoreClock
 .data.AHBPrescTable
                0x20000010       0x10 ./system/src/cmsis/system_stm32f4xx.o
                0x20000010                AHBPrescTable
 .data.spi_clock_generating_char
                0x20000020        0x1 ./stm32f4_mylib/src/spi.o
                0x20000020                spi_clock_generating_char
 *fill*         0x20000021        0x3 
 .data.impure_data
                0x20000024       0x60 d:/gnu_arm/bin/../lib/gcc/arm-none-eabi/4.9.3/../../../../arm-none-eabi/lib/armv7e-m/fpu\libg_nano.a(lib_a-impure.o)
 .data._impure_ptr
                0x20000084        0x4 d:/gnu_arm/bin/../lib/gcc/arm-none-eabi/4.9.3/../../../../arm-none-eabi/lib/armv7e-m/fpu\libg_nano.a(lib_a-impure.o)
                0x20000084                _impure_ptr
 .data.__ctype_ptr__
                0x20000088        0x4 d:/gnu_arm/bin/../lib/gcc/arm-none-eabi/4.9.3/../../../../arm-none-eabi/lib/armv7e-m/fpu\libg_nano.a(lib_a-ctype_.o)
                0x20000088                __ctype_ptr__
 .data.lconv    0x2000008c       0x38 d:/gnu_arm/bin/../lib/gcc/arm-none-eabi/4.9.3/../../../../arm-none-eabi/lib/armv7e-m/fpu\libg_nano.a(lib_a-locale.o)
 *(.data_end .data_end.*)
 .data_end      0x200000c4        0x4 ./system/src/newlib/_startup.o
                0x200000c8                . = ALIGN (0x4)
                0x200000c8                _edata = .
                0x200000c8                __data_end__ = .

.igot.plt       0x200000c8        0x0 load address 0x0800a938
 .igot.plt      0x00000000        0x0 ./system/src/stm32f4-hal/stm32f4xx_hal.o

.bss_CCMRAM     0x10000000        0x0
 *(.bss.CCMRAM .bss.CCMRAM.*)

.bss            0x200000c8      0xa54
                0x200000c8                __bss_start__ = .
                0x200000c8                _sbss = .
 *(.bss_begin .bss_begin.*)
 .bss_begin     0x200000c8        0x4 ./system/src/newlib/_startup.o
 *(.bss .bss.*)
 .bss.uwTick    0x200000cc        0x4 ./system/src/stm32f4-hal/stm32f4xx_hal.o
 .bss.current_heap_end.3862
                0x200000d0        0x4 ./system/src/newlib/_sbrk.o
 .bss.name.4156
                0x200000d4        0x1 ./system/src/newlib/_syscalls.o
 *fill*         0x200000d5        0x3 
 .bss.buf.4998  0x200000d8       0x80 ./system/src/diag/Trace.o
 .bss.starting_edge_timer_counter
                0x20000158        0x2 ./stm32f4_mylib/src/NEC_remote_controller.o
 .bss.ending_edge_timer_counter
                0x2000015a        0x2 ./stm32f4_mylib/src/NEC_remote_controller.o
 .bss.bit_counter
                0x2000015c        0x1 ./stm32f4_mylib/src/NEC_remote_controller.o
 *fill*         0x2000015d        0x3 
 .bss.NEC_transmitted_message
                0x20000160        0x4 ./stm32f4_mylib/src/NEC_remote_controller.o
 .bss.decoded_command
                0x20000164        0x1 ./stm32f4_mylib/src/NEC_remote_controller.o
 *fill*         0x20000165        0x3 
 .bss.samples   0x20000168        0x4 ./stm32f4_mylib/src/TIM.o
                0x20000168                samples
 .bss.buffer_index.10162
                0x2000016c        0x4 ./stm32f4_mylib/src/TIM.o
 .bss.uart_transmission_in_progress
                0x20000170        0x1 ./stm32f4_mylib/src/USART.o
                0x20000170                uart_transmission_in_progress
 *fill*         0x20000171        0x1 
 .bss.read_data_byte_counter
                0x20000172        0x2 ./stm32f4_mylib/src/sd_card_reader.o
                0x20000172                read_data_byte_counter
 .bss.tx_byte_counter
                0x20000174        0x2 ./stm32f4_mylib/src/spi.o
 .bss.rx_byte_counter
                0x20000176        0x2 ./stm32f4_mylib/src/spi.o
 .bss.FatFs     0x20000178        0x4 ./stm32f4_mylib/FatFS/ff.o
 .bss.Fsid      0x2000017c        0x2 ./stm32f4_mylib/FatFS/ff.o
 *fill*         0x2000017e        0x2 
 .bss.wav_song_time_duration
                0x20000180        0x4 ./src/wav.o
 .bss.file_index
                0x20000184        0x1 ./src/wav.o
                0x20000184                file_index
 *fill*         0x20000185        0x3 
 .bss.__malloc_sbrk_start
                0x20000188        0x4 d:/gnu_arm/bin/../lib/gcc/arm-none-eabi/4.9.3/../../../../arm-none-eabi/lib/armv7e-m/fpu\libg_nano.a(lib_a-nano-mallocr.o)
                0x20000188                __malloc_sbrk_start
 .bss.__malloc_free_list
                0x2000018c        0x4 d:/gnu_arm/bin/../lib/gcc/arm-none-eabi/4.9.3/../../../../arm-none-eabi/lib/armv7e-m/fpu\libg_nano.a(lib_a-nano-mallocr.o)
                0x2000018c                __malloc_free_list
 *(COMMON)
 COMMON         0x20000190        0x4 ./system/src/newlib/_syscalls.o
                0x20000190                errno
 COMMON         0x20000194        0x8 ./stm32f4_mylib/src/SysTick.o
                0x20000194                systick_delay_completed
                0x20000198                systick_delay
 COMMON         0x2000019c       0x14 ./stm32f4_mylib/src/TIM.o
                0x2000019c                right
                0x2000019e                left
                0x200001a0                data_ptr
                0x200001a4                index
                0x200001a6                ret_val
                0x200001a8                diff
                0x200001ac                empty_data_buf_ptr
 COMMON         0x200001b0        0x4 ./stm32f4_mylib/src/USART.o
                0x200001b0                uart_debug_log_buffer
 COMMON         0x200001b4      0x8f4 ./stm32f4_mylib/src/sd_card_reader.o
                0x200001b4                sd_current_file
                0x200003d0                sd_files_list
                0x20000650                sd_data_buffer_additional
                0x20000850                sd_current_file_information
                0x20000868                r1_response
                0x2000086a                sd_number_of_files_in_dir
                0x2000086c                error_token
                0x20000870                r3_response
                0x20000878                sd_data_buffer
                0x20000a78                sd_card_csd_configuration_buffer
                0x20000a88                sd_current_directory
 COMMON         0x20000aa8       0x15 ./stm32f4_mylib/src/spi.o
                0x20000aa8                spi_rx_buffer
                0x20000ab0                spi_clock_still_used
                0x20000ab4                spi_tx_buffer
                0x20000abc                spi_transmission_in_progress
 COMMON         0x20000abd        0x1 ./stm32f4_mylib/FatFS/diskio.o
                0x20000abd                status
 *fill*         0x20000abe        0x2 
 COMMON         0x20000ac0       0x18 ./src/main.o
                0x20000ac0                remote_command_fifo
                0x20000acc                prev_state
                0x20000acd                state
                0x20000ad0                remote_command_queue
 COMMON         0x20000ad8       0x40 ./src/wav.o
                0x20000ad8                wav_current_song_time_string
                0x20000ade                wav_file_header_size
                0x20000ae0                wav_eof
                0x20000ae4                wav_song_time_duration_string
                0x20000aea                wav_file_chosen
                0x20000aeb                wav_file_playing
                0x20000aec                wav_current_file_header
 *(.bss_end .bss_end.*)
 .bss_end       0x20000b18        0x4 ./system/src/newlib/_startup.o
                0x20000b1c                . = ALIGN (0x4)
                0x20000b1c                __bss_end__ = .
                0x20000b1c                _ebss = .

.noinit_CCMRAM
 *(.noinit.CCMRAM .noinit.CCMRAM.*)

.noinit         0x20000b1c        0x0
                0x20000b1c                _noinit = .
 *(.noinit .noinit.*)
                0x20000b1c                . = ALIGN (0x4)
                0x20000b1c                _end_noinit = .
                0x20000b1c                PROVIDE (end, _end_noinit)
                0x20000b1c                PROVIDE (_end, _end_noinit)
                0x20000b1c                PROVIDE (__end, _end_noinit)
                0x20000b1c                PROVIDE (__end__, _end_noinit)

._check_stack   0x20000b1c      0x100
                0x20000c1c                . = (. + _Minimum_Stack_Size)
 *fill*         0x20000b1c      0x100 

.b1text
 *(.b1text)
 *(.b1rodata)
 *(.b1rodata.*)

.eb0text
 *(.eb0text)
 *(.eb0rodata)
 *(.eb0rodata.*)

.eb1text
 *(.eb1text)
 *(.eb1rodata)
 *(.eb1rodata.*)

.eb2text
 *(.eb2text)
 *(.eb2rodata)
 *(.eb2rodata.*)

.eb3text
 *(.eb3text)
 *(.eb3rodata)
 *(.eb3rodata.*)

.stab
 *(.stab)

.stabstr
 *(.stabstr)

.stab.excl
 *(.stab.excl)

.stab.exclstr
 *(.stab.exclstr)

.stab.index
 *(.stab.index)

.stab.indexstr
 *(.stab.indexstr)

.comment        0x00000000       0x70
 *(.comment)
 .comment       0x00000000       0x70 ./system/src/stm32f4-hal/stm32f4xx_hal.o
                                 0x71 (size before relaxing)
 .comment       0x00000000       0x71 ./system/src/stm32f4-hal/stm32f4xx_hal_cortex.o
 .comment       0x00000000       0x71 ./system/src/stm32f4-hal/stm32f4xx_hal_rcc.o
 .comment       0x00000000       0x71 ./system/src/newlib/_exit.o
 .comment       0x00000000       0x71 ./system/src/newlib/_sbrk.o
 .comment       0x00000000       0x71 ./system/src/newlib/_startup.o
 .comment       0x00000000       0x71 ./system/src/newlib/_syscalls.o
 .comment       0x00000000       0x71 ./system/src/newlib/assert.o
 .comment       0x00000000       0x71 ./system/src/diag/Trace.o
 .comment       0x00000000       0x71 ./system/src/diag/trace_impl.o
 .comment       0x00000000       0x71 ./system/src/cortexm/_initialize_hardware.o
 .comment       0x00000000       0x71 ./system/src/cortexm/exception_handlers.o
 .comment       0x00000000       0x71 ./system/src/cmsis/system_stm32f4xx.o
 .comment       0x00000000       0x71 ./system/src/cmsis/vectors_stm32f4xx.o
 .comment       0x00000000       0x71 ./stm32f4_mylib/src/EXTI.o
 .comment       0x00000000       0x71 ./stm32f4_mylib/src/GPIO.o
 .comment       0x00000000       0x71 ./stm32f4_mylib/src/HD44780.o
 .comment       0x00000000       0x71 ./stm32f4_mylib/src/NEC_remote_controller.o
 .comment       0x00000000       0x71 ./stm32f4_mylib/src/RCC.o
 .comment       0x00000000       0x71 ./stm32f4_mylib/src/SysTick.o
 .comment       0x00000000       0x71 ./stm32f4_mylib/src/TIM.o
 .comment       0x00000000       0x71 ./stm32f4_mylib/src/USART.o
 .comment       0x00000000       0x71 ./stm32f4_mylib/src/dac.o
 .comment       0x00000000       0x71 ./stm32f4_mylib/src/fifo.o
 .comment       0x00000000       0x71 ./stm32f4_mylib/src/misc.o
 .comment       0x00000000       0x71 ./stm32f4_mylib/src/sd_card_reader.o
 .comment       0x00000000       0x71 ./stm32f4_mylib/src/spi.o
 .comment       0x00000000       0x71 ./stm32f4_mylib/FatFS/diskio.o
 .comment       0x00000000       0x71 ./stm32f4_mylib/FatFS/ff.o
 .comment       0x00000000       0x71 ./src/_initialize_hardware.o
 .comment       0x00000000       0x71 ./src/main.o
 .comment       0x00000000       0x71 ./src/wav.o

.ARM.attributes
                0x00000000       0x37
 .ARM.attributes
                0x00000000       0x39 ./system/src/stm32f4-hal/stm32f4xx_hal.o
 .ARM.attributes
                0x00000039       0x39 ./system/src/stm32f4-hal/stm32f4xx_hal_cortex.o
 .ARM.attributes
                0x00000072       0x39 ./system/src/stm32f4-hal/stm32f4xx_hal_rcc.o
 .ARM.attributes
                0x000000ab       0x39 ./system/src/newlib/_exit.o
 .ARM.attributes
                0x000000e4       0x39 ./system/src/newlib/_sbrk.o
 .ARM.attributes
                0x0000011d       0x39 ./system/src/newlib/_startup.o
 .ARM.attributes
                0x00000156       0x39 ./system/src/newlib/_syscalls.o
 .ARM.attributes
                0x0000018f       0x39 ./system/src/newlib/assert.o
 .ARM.attributes
                0x000001c8       0x39 ./system/src/diag/Trace.o
 .ARM.attributes
                0x00000201       0x39 ./system/src/diag/trace_impl.o
 .ARM.attributes
                0x0000023a       0x39 ./system/src/cortexm/_initialize_hardware.o
 .ARM.attributes
                0x00000273       0x39 ./system/src/cortexm/exception_handlers.o
 .ARM.attributes
                0x000002ac       0x39 ./system/src/cmsis/system_stm32f4xx.o
 .ARM.attributes
                0x000002e5       0x39 ./system/src/cmsis/vectors_stm32f4xx.o
 .ARM.attributes
                0x0000031e       0x39 ./stm32f4_mylib/src/EXTI.o
 .ARM.attributes
                0x00000357       0x39 ./stm32f4_mylib/src/GPIO.o
 .ARM.attributes
                0x00000390       0x39 ./stm32f4_mylib/src/HD44780.o
 .ARM.attributes
                0x000003c9       0x39 ./stm32f4_mylib/src/NEC_remote_controller.o
 .ARM.attributes
                0x00000402       0x39 ./stm32f4_mylib/src/RCC.o
 .ARM.attributes
                0x0000043b       0x39 ./stm32f4_mylib/src/SysTick.o
 .ARM.attributes
                0x00000474       0x39 ./stm32f4_mylib/src/TIM.o
 .ARM.attributes
                0x000004ad       0x39 ./stm32f4_mylib/src/USART.o
 .ARM.attributes
                0x000004e6       0x39 ./stm32f4_mylib/src/dac.o
 .ARM.attributes
                0x0000051f       0x39 ./stm32f4_mylib/src/fifo.o
 .ARM.attributes
                0x00000558       0x39 ./stm32f4_mylib/src/misc.o
 .ARM.attributes
                0x00000591       0x39 ./stm32f4_mylib/src/sd_card_reader.o
 .ARM.attributes
                0x000005ca       0x39 ./stm32f4_mylib/src/spi.o
 .ARM.attributes
                0x00000603       0x39 ./stm32f4_mylib/FatFS/diskio.o
 .ARM.attributes
                0x0000063c       0x39 ./stm32f4_mylib/FatFS/ff.o
 .ARM.attributes
                0x00000675       0x39 ./src/_initialize_hardware.o
 .ARM.attributes
                0x000006ae       0x39 ./src/main.o
 .ARM.attributes
                0x000006e7       0x39 ./src/wav.o
 .ARM.attributes
                0x00000720       0x22 d:/gnu_arm/bin/../lib/gcc/arm-none-eabi/4.9.3/armv7e-m/fpu\libgcc.a(_arm_addsubdf3.o)
 .ARM.attributes
                0x00000742       0x22 d:/gnu_arm/bin/../lib/gcc/arm-none-eabi/4.9.3/armv7e-m/fpu\libgcc.a(_arm_muldivdf3.o)
 .ARM.attributes
                0x00000764       0x22 d:/gnu_arm/bin/../lib/gcc/arm-none-eabi/4.9.3/armv7e-m/fpu\libgcc.a(_arm_fixdfsi.o)
 .ARM.attributes
                0x00000786       0x22 d:/gnu_arm/bin/../lib/gcc/arm-none-eabi/4.9.3/armv7e-m/fpu\libgcc.a(_arm_fixunsdfsi.o)
 .ARM.attributes
                0x000007a8       0x34 d:/gnu_arm/bin/../lib/gcc/arm-none-eabi/4.9.3/../../../../arm-none-eabi/lib/armv7e-m/fpu\libg_nano.a(lib_a-errno.o)
 .ARM.attributes
                0x000007dc       0x34 d:/gnu_arm/bin/../lib/gcc/arm-none-eabi/4.9.3/../../../../arm-none-eabi/lib/armv7e-m/fpu\libg_nano.a(lib_a-impure.o)
 .ARM.attributes
                0x00000810       0x34 d:/gnu_arm/bin/../lib/gcc/arm-none-eabi/4.9.3/../../../../arm-none-eabi/lib/armv7e-m/fpu\libg_nano.a(lib_a-memcpy.o)
 .ARM.attributes
                0x00000844       0x34 d:/gnu_arm/bin/../lib/gcc/arm-none-eabi/4.9.3/../../../../arm-none-eabi/lib/armv7e-m/fpu\libg_nano.a(lib_a-memset.o)
 .ARM.attributes
                0x00000878       0x34 d:/gnu_arm/bin/../lib/gcc/arm-none-eabi/4.9.3/../../../../arm-none-eabi/lib/armv7e-m/fpu\libg_nano.a(lib_a-nano-vfprintf_float.o)
 .ARM.attributes
                0x000008ac       0x34 d:/gnu_arm/bin/../lib/gcc/arm-none-eabi/4.9.3/../../../../arm-none-eabi/lib/armv7e-m/fpu\libg_nano.a(lib_a-nano-vfprintf_i.o)
 .ARM.attributes
                0x000008e0       0x34 d:/gnu_arm/bin/../lib/gcc/arm-none-eabi/4.9.3/../../../../arm-none-eabi/lib/armv7e-m/fpu\libg_nano.a(lib_a-nano-vfscanf_float.o)
 .ARM.attributes
                0x00000914       0x34 d:/gnu_arm/bin/../lib/gcc/arm-none-eabi/4.9.3/../../../../arm-none-eabi/lib/armv7e-m/fpu\libg_nano.a(lib_a-s_fpclassify.o)
 .ARM.attributes
                0x00000948       0x34 d:/gnu_arm/bin/../lib/gcc/arm-none-eabi/4.9.3/../../../../arm-none-eabi/lib/armv7e-m/fpu\libg_nano.a(lib_a-sf_nan.o)
 .ARM.attributes
                0x0000097c       0x34 d:/gnu_arm/bin/../lib/gcc/arm-none-eabi/4.9.3/../../../../arm-none-eabi/lib/armv7e-m/fpu\libg_nano.a(lib_a-sprintf.o)
 .ARM.attributes
                0x000009b0       0x34 d:/gnu_arm/bin/../lib/gcc/arm-none-eabi/4.9.3/../../../../arm-none-eabi/lib/armv7e-m/fpu\libg_nano.a(lib_a-strlen.o)
 .ARM.attributes
                0x000009e4       0x34 d:/gnu_arm/bin/../lib/gcc/arm-none-eabi/4.9.3/../../../../arm-none-eabi/lib/armv7e-m/fpu\libg_nano.a(lib_a-strtod.o)
 .ARM.attributes
                0x00000a18       0x34 d:/gnu_arm/bin/../lib/gcc/arm-none-eabi/4.9.3/../../../../arm-none-eabi/lib/armv7e-m/fpu\libg_nano.a(lib_a-strtol.o)
 .ARM.attributes
                0x00000a4c       0x34 d:/gnu_arm/bin/../lib/gcc/arm-none-eabi/4.9.3/../../../../arm-none-eabi/lib/armv7e-m/fpu\libg_nano.a(lib_a-vsnprintf.o)
 .ARM.attributes
                0x00000a80       0x34 d:/gnu_arm/bin/../lib/gcc/arm-none-eabi/4.9.3/../../../../arm-none-eabi/lib/armv7e-m/fpu\libg_nano.a(lib_a-ctype_.o)
 .ARM.attributes
                0x00000ab4       0x34 d:/gnu_arm/bin/../lib/gcc/arm-none-eabi/4.9.3/../../../../arm-none-eabi/lib/armv7e-m/fpu\libg_nano.a(lib_a-dtoa.o)
 .ARM.attributes
                0x00000ae8       0x34 d:/gnu_arm/bin/../lib/gcc/arm-none-eabi/4.9.3/../../../../arm-none-eabi/lib/armv7e-m/fpu\libg_nano.a(lib_a-gdtoa-gethex.o)
 .ARM.attributes
                0x00000b1c       0x34 d:/gnu_arm/bin/../lib/gcc/arm-none-eabi/4.9.3/../../../../arm-none-eabi/lib/armv7e-m/fpu\libg_nano.a(lib_a-gdtoa-hexnan.o)
 .ARM.attributes
                0x00000b50       0x34 d:/gnu_arm/bin/../lib/gcc/arm-none-eabi/4.9.3/../../../../arm-none-eabi/lib/armv7e-m/fpu\libg_nano.a(lib_a-locale.o)
 .ARM.attributes
                0x00000b84       0x34 d:/gnu_arm/bin/../lib/gcc/arm-none-eabi/4.9.3/../../../../arm-none-eabi/lib/armv7e-m/fpu\libg_nano.a(lib_a-malloc.o)
 .ARM.attributes
                0x00000bb8       0x34 d:/gnu_arm/bin/../lib/gcc/arm-none-eabi/4.9.3/../../../../arm-none-eabi/lib/armv7e-m/fpu\libg_nano.a(lib_a-memchr.o)
 .ARM.attributes
                0x00000bec       0x34 d:/gnu_arm/bin/../lib/gcc/arm-none-eabi/4.9.3/../../../../arm-none-eabi/lib/armv7e-m/fpu\libg_nano.a(lib_a-mprec.o)
 .ARM.attributes
                0x00000c20       0x34 d:/gnu_arm/bin/../lib/gcc/arm-none-eabi/4.9.3/../../../../arm-none-eabi/lib/armv7e-m/fpu\libg_nano.a(lib_a-nano-callocr.o)
 .ARM.attributes
                0x00000c54       0x34 d:/gnu_arm/bin/../lib/gcc/arm-none-eabi/4.9.3/../../../../arm-none-eabi/lib/armv7e-m/fpu\libg_nano.a(lib_a-nano-freer.o)
 .ARM.attributes
                0x00000c88       0x34 d:/gnu_arm/bin/../lib/gcc/arm-none-eabi/4.9.3/../../../../arm-none-eabi/lib/armv7e-m/fpu\libg_nano.a(lib_a-nano-mallocr.o)
 .ARM.attributes
                0x00000cbc       0x34 d:/gnu_arm/bin/../lib/gcc/arm-none-eabi/4.9.3/../../../../arm-none-eabi/lib/armv7e-m/fpu\libg_nano.a(lib_a-nano-svfprintf.o)
 .ARM.attributes
                0x00000cf0       0x34 d:/gnu_arm/bin/../lib/gcc/arm-none-eabi/4.9.3/../../../../arm-none-eabi/lib/armv7e-m/fpu\libg_nano.a(lib_a-sbrkr.o)
 .ARM.attributes
                0x00000d24       0x20 d:/gnu_arm/bin/../lib/gcc/arm-none-eabi/4.9.3/../../../../arm-none-eabi/lib/armv7e-m/fpu\libg_nano.a(lib_a-strcmp.o)
 .ARM.attributes
                0x00000d44       0x34 d:/gnu_arm/bin/../lib/gcc/arm-none-eabi/4.9.3/../../../../arm-none-eabi/lib/armv7e-m/fpu\libg_nano.a(lib_a-strncmp.o)
 .ARM.attributes
                0x00000d78       0x34 d:/gnu_arm/bin/../lib/gcc/arm-none-eabi/4.9.3/../../../../arm-none-eabi/lib/armv7e-m/fpu\libg_nano.a(lib_a-memmove.o)
 .ARM.attributes
                0x00000dac       0x34 d:/gnu_arm/bin/../lib/gcc/arm-none-eabi/4.9.3/../../../../arm-none-eabi/lib/armv7e-m/fpu\libg_nano.a(lib_a-nano-reallocr.o)
 .ARM.attributes
                0x00000de0       0x34 d:/gnu_arm/bin/../lib/gcc/arm-none-eabi/4.9.3/../../../../arm-none-eabi/lib/armv7e-m/fpu\libg_nano.a(lib_a-nano-msizer.o)
 .ARM.attributes
                0x00000e14       0x22 d:/gnu_arm/bin/../lib/gcc/arm-none-eabi/4.9.3/armv7e-m/fpu\libgcc.a(_arm_cmpdf2.o)
 .ARM.attributes
                0x00000e36       0x22 d:/gnu_arm/bin/../lib/gcc/arm-none-eabi/4.9.3/armv7e-m/fpu\libgcc.a(_arm_truncdfsf2.o)

.debug
 *(.debug)

.line
 *(.line)

.debug_srcinfo
 *(.debug_srcinfo)

.debug_sfnames
 *(.debug_sfnames)

.debug_aranges  0x00000000      0xaa8
 *(.debug_aranges)
 .debug_aranges
                0x00000000       0xc0 ./system/src/stm32f4-hal/stm32f4xx_hal.o
 .debug_aranges
                0x000000c0      0x100 ./system/src/stm32f4-hal/stm32f4xx_hal_cortex.o
 .debug_aranges
                0x000001c0       0x88 ./system/src/stm32f4-hal/stm32f4xx_hal_rcc.o
 .debug_aranges
                0x00000248       0x28 ./system/src/newlib/_exit.o
 .debug_aranges
                0x00000270       0x20 ./system/src/newlib/_sbrk.o
 .debug_aranges
                0x00000290       0x40 ./system/src/newlib/_startup.o
 .debug_aranges
                0x000002d0       0x30 ./system/src/newlib/_syscalls.o
 .debug_aranges
                0x00000300       0x28 ./system/src/newlib/assert.o
 .debug_aranges
                0x00000328       0x38 ./system/src/diag/Trace.o
 .debug_aranges
                0x00000360       0x30 ./system/src/diag/trace_impl.o
 .debug_aranges
                0x00000390       0x28 ./system/src/cortexm/_initialize_hardware.o
 .debug_aranges
                0x000003b8       0x90 ./system/src/cortexm/exception_handlers.o
 .debug_aranges
                0x00000448       0x28 ./system/src/cmsis/system_stm32f4xx.o
 .debug_aranges
                0x00000470       0x20 ./system/src/cmsis/vectors_stm32f4xx.o
 .debug_aranges
                0x00000490       0x48 ./stm32f4_mylib/src/EXTI.o
 .debug_aranges
                0x000004d8       0x58 ./stm32f4_mylib/src/GPIO.o
 .debug_aranges
                0x00000530       0x48 ./stm32f4_mylib/src/HD44780.o
 .debug_aranges
                0x00000578       0x38 ./stm32f4_mylib/src/NEC_remote_controller.o
 .debug_aranges
                0x000005b0       0x28 ./stm32f4_mylib/src/RCC.o
 .debug_aranges
                0x000005d8       0x28 ./stm32f4_mylib/src/SysTick.o
 .debug_aranges
                0x00000600       0x78 ./stm32f4_mylib/src/TIM.o
 .debug_aranges
                0x00000678       0x40 ./stm32f4_mylib/src/USART.o
 .debug_aranges
                0x000006b8       0x58 ./stm32f4_mylib/src/dac.o
 .debug_aranges
                0x00000710       0x40 ./stm32f4_mylib/src/fifo.o
 .debug_aranges
                0x00000750       0x40 ./stm32f4_mylib/src/misc.o
 .debug_aranges
                0x00000790       0x60 ./stm32f4_mylib/src/sd_card_reader.o
 .debug_aranges
                0x000007f0       0xc8 ./stm32f4_mylib/src/spi.o
 .debug_aranges
                0x000008b8       0x30 ./stm32f4_mylib/FatFS/diskio.o
 .debug_aranges
                0x000008e8      0x118 ./stm32f4_mylib/FatFS/ff.o
 .debug_aranges
                0x00000a00       0x28 ./src/_initialize_hardware.o
 .debug_aranges
                0x00000a28       0x48 ./src/main.o
 .debug_aranges
                0x00000a70       0x38 ./src/wav.o

.debug_pubnames
 *(.debug_pubnames)

.debug_info     0x00000000     0xaa0c
 *(.debug_info .gnu.linkonce.wi.*)
 .debug_info    0x00000000      0x8db ./system/src/stm32f4-hal/stm32f4xx_hal.o
 .debug_info    0x000008db      0xb73 ./system/src/stm32f4-hal/stm32f4xx_hal_cortex.o
 .debug_info    0x0000144e      0xe07 ./system/src/stm32f4-hal/stm32f4xx_hal_rcc.o
 .debug_info    0x00002255       0xba ./system/src/newlib/_exit.o
 .debug_info    0x0000230f      0x109 ./system/src/newlib/_sbrk.o
 .debug_info    0x00002418      0x45c ./system/src/newlib/_startup.o
 .debug_info    0x00002874      0x18b ./system/src/newlib/_syscalls.o
 .debug_info    0x000029ff      0x12c ./system/src/newlib/assert.o
 .debug_info    0x00002b2b      0x1cf ./system/src/diag/Trace.o
 .debug_info    0x00002cfa      0x2ee ./system/src/diag/trace_impl.o
 .debug_info    0x00002fe8      0x26d ./system/src/cortexm/_initialize_hardware.o
 .debug_info    0x00003255      0x62c ./system/src/cortexm/exception_handlers.o
 .debug_info    0x00003881      0x4a5 ./system/src/cmsis/system_stm32f4xx.o
 .debug_info    0x00003d26       0xd4 ./system/src/cmsis/vectors_stm32f4xx.o
 .debug_info    0x00003dfa      0x1f7 ./stm32f4_mylib/src/EXTI.o
 .debug_info    0x00003ff1      0x430 ./stm32f4_mylib/src/GPIO.o
 .debug_info    0x00004421      0x2ae ./stm32f4_mylib/src/HD44780.o
 .debug_info    0x000046cf      0x4d2 ./stm32f4_mylib/src/NEC_remote_controller.o
 .debug_info    0x00004ba1      0x335 ./stm32f4_mylib/src/RCC.o
 .debug_info    0x00004ed6      0x127 ./stm32f4_mylib/src/SysTick.o
 .debug_info    0x00004ffd      0xaa6 ./stm32f4_mylib/src/TIM.o
 .debug_info    0x00005aa3      0x253 ./stm32f4_mylib/src/USART.o
 .debug_info    0x00005cf6      0x392 ./stm32f4_mylib/src/dac.o
 .debug_info    0x00006088      0x1f2 ./stm32f4_mylib/src/fifo.o
 .debug_info    0x0000627a      0x546 ./stm32f4_mylib/src/misc.o
 .debug_info    0x000067c0      0xbb3 ./stm32f4_mylib/src/sd_card_reader.o
 .debug_info    0x00007373      0x78f ./stm32f4_mylib/src/spi.o
 .debug_info    0x00007b02      0x1f2 ./stm32f4_mylib/FatFS/diskio.o
 .debug_info    0x00007cf4     0x113e ./stm32f4_mylib/FatFS/ff.o
 .debug_info    0x00008e32      0x434 ./src/_initialize_hardware.o
 .debug_info    0x00009266     0x112b ./src/main.o
 .debug_info    0x0000a391      0x67b ./src/wav.o

.debug_abbrev   0x00000000     0x29d6
 *(.debug_abbrev)
 .debug_abbrev  0x00000000      0x202 ./system/src/stm32f4-hal/stm32f4xx_hal.o
 .debug_abbrev  0x00000202      0x282 ./system/src/stm32f4-hal/stm32f4xx_hal_cortex.o
 .debug_abbrev  0x00000484      0x25d ./system/src/stm32f4-hal/stm32f4xx_hal_rcc.o
 .debug_abbrev  0x000006e1       0x6e ./system/src/newlib/_exit.o
 .debug_abbrev  0x0000074f       0x8e ./system/src/newlib/_sbrk.o
 .debug_abbrev  0x000007dd      0x16a ./system/src/newlib/_startup.o
 .debug_abbrev  0x00000947       0xc9 ./system/src/newlib/_syscalls.o
 .debug_abbrev  0x00000a10       0x73 ./system/src/newlib/assert.o
 .debug_abbrev  0x00000a83       0xf0 ./system/src/diag/Trace.o
 .debug_abbrev  0x00000b73      0x192 ./system/src/diag/trace_impl.o
 .debug_abbrev  0x00000d05       0xbb ./system/src/cortexm/_initialize_hardware.o
 .debug_abbrev  0x00000dc0      0x1db ./system/src/cortexm/exception_handlers.o
 .debug_abbrev  0x00000f9b      0x104 ./system/src/cmsis/system_stm32f4xx.o
 .debug_abbrev  0x0000109f       0x9d ./system/src/cmsis/vectors_stm32f4xx.o
 .debug_abbrev  0x0000113c       0xb3 ./stm32f4_mylib/src/EXTI.o
 .debug_abbrev  0x000011ef      0x134 ./stm32f4_mylib/src/GPIO.o
 .debug_abbrev  0x00001323      0x12a ./stm32f4_mylib/src/HD44780.o
 .debug_abbrev  0x0000144d      0x148 ./stm32f4_mylib/src/NEC_remote_controller.o
 .debug_abbrev  0x00001595       0xdb ./stm32f4_mylib/src/RCC.o
 .debug_abbrev  0x00001670       0xc0 ./stm32f4_mylib/src/SysTick.o
 .debug_abbrev  0x00001730      0x22e ./stm32f4_mylib/src/TIM.o
 .debug_abbrev  0x0000195e      0x129 ./stm32f4_mylib/src/USART.o
 .debug_abbrev  0x00001a87      0x10b ./stm32f4_mylib/src/dac.o
 .debug_abbrev  0x00001b92       0xd8 ./stm32f4_mylib/src/fifo.o
 .debug_abbrev  0x00001c6a      0x14a ./stm32f4_mylib/src/misc.o
 .debug_abbrev  0x00001db4      0x251 ./stm32f4_mylib/src/sd_card_reader.o
 .debug_abbrev  0x00002005      0x214 ./stm32f4_mylib/src/spi.o
 .debug_abbrev  0x00002219       0xf2 ./stm32f4_mylib/FatFS/diskio.o
 .debug_abbrev  0x0000230b      0x197 ./stm32f4_mylib/FatFS/ff.o
 .debug_abbrev  0x000024a2      0x11c ./src/_initialize_hardware.o
 .debug_abbrev  0x000025be      0x25a ./src/main.o
 .debug_abbrev  0x00002818      0x1be ./src/wav.o

.debug_line     0x00000000     0xf98a
 *(.debug_line)
 .debug_line    0x00000000      0x9f5 ./system/src/stm32f4-hal/stm32f4xx_hal.o
 .debug_line    0x000009f5      0xb93 ./system/src/stm32f4-hal/stm32f4xx_hal_cortex.o
 .debug_line    0x00001588      0xdb2 ./system/src/stm32f4-hal/stm32f4xx_hal_rcc.o
 .debug_line    0x0000233a      0x216 ./system/src/newlib/_exit.o
 .debug_line    0x00002550      0x1b9 ./system/src/newlib/_sbrk.o
 .debug_line    0x00002709      0x293 ./system/src/newlib/_startup.o
 .debug_line    0x0000299c      0x2c8 ./system/src/newlib/_syscalls.o
 .debug_line    0x00002c64      0x260 ./system/src/newlib/assert.o
 .debug_line    0x00002ec4      0x274 ./system/src/diag/Trace.o
 .debug_line    0x00003138      0x914 ./system/src/diag/trace_impl.o
 .debug_line    0x00003a4c      0x87e ./system/src/cortexm/_initialize_hardware.o
 .debug_line    0x000042ca      0x9c5 ./system/src/cortexm/exception_handlers.o
 .debug_line    0x00004c8f      0x87f ./system/src/cmsis/system_stm32f4xx.o
 .debug_line    0x0000550e       0xda ./system/src/cmsis/vectors_stm32f4xx.o
 .debug_line    0x000055e8      0x8ec ./stm32f4_mylib/src/EXTI.o
 .debug_line    0x00005ed4      0x98f ./stm32f4_mylib/src/GPIO.o
 .debug_line    0x00006863      0x96d ./stm32f4_mylib/src/HD44780.o
 .debug_line    0x000071d0      0x95e ./stm32f4_mylib/src/NEC_remote_controller.o
 .debug_line    0x00007b2e      0x8c2 ./stm32f4_mylib/src/RCC.o
 .debug_line    0x000083f0      0x8c6 ./stm32f4_mylib/src/SysTick.o
 .debug_line    0x00008cb6      0xa78 ./stm32f4_mylib/src/TIM.o
 .debug_line    0x0000972e      0x908 ./stm32f4_mylib/src/USART.o
 .debug_line    0x0000a036      0x928 ./stm32f4_mylib/src/dac.o
 .debug_line    0x0000a95e      0x26b ./stm32f4_mylib/src/fifo.o
 .debug_line    0x0000abc9      0x95e ./stm32f4_mylib/src/misc.o
 .debug_line    0x0000b527      0xb4f ./stm32f4_mylib/src/sd_card_reader.o
 .debug_line    0x0000c076      0xaea ./stm32f4_mylib/src/spi.o
 .debug_line    0x0000cb60      0x920 ./stm32f4_mylib/FatFS/diskio.o
 .debug_line    0x0000d480      0x800 ./stm32f4_mylib/FatFS/ff.o
 .debug_line    0x0000dc80      0x874 ./src/_initialize_hardware.o
 .debug_line    0x0000e4f4      0xb16 ./src/main.o
 .debug_line    0x0000f00a      0x980 ./src/wav.o

.debug_frame    0x00000000     0x2e60
 *(.debug_frame)
 .debug_frame   0x00000000      0x2c0 ./system/src/stm32f4-hal/stm32f4xx_hal.o
 .debug_frame   0x000002c0      0x424 ./system/src/stm32f4-hal/stm32f4xx_hal_cortex.o
 .debug_frame   0x000006e4      0x204 ./system/src/stm32f4-hal/stm32f4xx_hal_rcc.o
 .debug_frame   0x000008e8       0x48 ./system/src/newlib/_exit.o
 .debug_frame   0x00000930       0x34 ./system/src/newlib/_sbrk.o
 .debug_frame   0x00000964       0xc8 ./system/src/newlib/_startup.o
 .debug_frame   0x00000a2c       0x80 ./system/src/newlib/_syscalls.o
 .debug_frame   0x00000aac       0x50 ./system/src/newlib/assert.o
 .debug_frame   0x00000afc       0xb8 ./system/src/diag/Trace.o
 .debug_frame   0x00000bb4       0x7c ./system/src/diag/trace_impl.o
 .debug_frame   0x00000c30       0x48 ./system/src/cortexm/_initialize_hardware.o
 .debug_frame   0x00000c78      0x1a4 ./system/src/cortexm/exception_handlers.o
 .debug_frame   0x00000e1c       0x58 ./system/src/cmsis/system_stm32f4xx.o
 .debug_frame   0x00000e74       0x28 ./system/src/cmsis/vectors_stm32f4xx.o
 .debug_frame   0x00000e9c      0x100 ./stm32f4_mylib/src/EXTI.o
 .debug_frame   0x00000f9c      0x148 ./stm32f4_mylib/src/GPIO.o
 .debug_frame   0x000010e4       0xf0 ./stm32f4_mylib/src/HD44780.o
 .debug_frame   0x000011d4       0xa0 ./stm32f4_mylib/src/NEC_remote_controller.o
 .debug_frame   0x00001274       0x54 ./stm32f4_mylib/src/RCC.o
 .debug_frame   0x000012c8       0x58 ./stm32f4_mylib/src/SysTick.o
 .debug_frame   0x00001320      0x1dc ./stm32f4_mylib/src/TIM.o
 .debug_frame   0x000014fc       0xc4 ./stm32f4_mylib/src/USART.o
 .debug_frame   0x000015c0      0x144 ./stm32f4_mylib/src/dac.o
 .debug_frame   0x00001704       0xd4 ./stm32f4_mylib/src/fifo.o
 .debug_frame   0x000017d8       0xc4 ./stm32f4_mylib/src/misc.o
 .debug_frame   0x0000189c      0x154 ./stm32f4_mylib/src/sd_card_reader.o
 .debug_frame   0x000019f0      0x368 ./stm32f4_mylib/src/spi.o
 .debug_frame   0x00001d58       0x80 ./stm32f4_mylib/FatFS/diskio.o
 .debug_frame   0x00001dd8      0x4b8 ./stm32f4_mylib/FatFS/ff.o
 .debug_frame   0x00002290       0x50 ./src/_initialize_hardware.o
 .debug_frame   0x000022e0       0xe8 ./src/main.o
 .debug_frame   0x000023c8       0xa4 ./src/wav.o
 .debug_frame   0x0000246c       0x20 d:/gnu_arm/bin/../lib/gcc/arm-none-eabi/4.9.3/../../../../arm-none-eabi/lib/armv7e-m/fpu\libg_nano.a(lib_a-errno.o)
 .debug_frame   0x0000248c       0x28 d:/gnu_arm/bin/../lib/gcc/arm-none-eabi/4.9.3/../../../../arm-none-eabi/lib/armv7e-m/fpu\libg_nano.a(lib_a-memcpy.o)
 .debug_frame   0x000024b4       0x20 d:/gnu_arm/bin/../lib/gcc/arm-none-eabi/4.9.3/../../../../arm-none-eabi/lib/armv7e-m/fpu\libg_nano.a(lib_a-memset.o)
 .debug_frame   0x000024d4       0x88 d:/gnu_arm/bin/../lib/gcc/arm-none-eabi/4.9.3/../../../../arm-none-eabi/lib/armv7e-m/fpu\libg_nano.a(lib_a-nano-vfprintf_float.o)
 .debug_frame   0x0000255c       0x58 d:/gnu_arm/bin/../lib/gcc/arm-none-eabi/4.9.3/../../../../arm-none-eabi/lib/armv7e-m/fpu\libg_nano.a(lib_a-nano-vfprintf_i.o)
 .debug_frame   0x000025b4       0x40 d:/gnu_arm/bin/../lib/gcc/arm-none-eabi/4.9.3/../../../../arm-none-eabi/lib/armv7e-m/fpu\libg_nano.a(lib_a-nano-vfscanf_float.o)
 .debug_frame   0x000025f4       0x28 d:/gnu_arm/bin/../lib/gcc/arm-none-eabi/4.9.3/../../../../arm-none-eabi/lib/armv7e-m/fpu\libg_nano.a(lib_a-s_fpclassify.o)
 .debug_frame   0x0000261c       0x20 d:/gnu_arm/bin/../lib/gcc/arm-none-eabi/4.9.3/../../../../arm-none-eabi/lib/armv7e-m/fpu\libg_nano.a(lib_a-sf_nan.o)
 .debug_frame   0x0000263c       0x70 d:/gnu_arm/bin/../lib/gcc/arm-none-eabi/4.9.3/../../../../arm-none-eabi/lib/armv7e-m/fpu\libg_nano.a(lib_a-sprintf.o)
 .debug_frame   0x000026ac       0x20 d:/gnu_arm/bin/../lib/gcc/arm-none-eabi/4.9.3/../../../../arm-none-eabi/lib/armv7e-m/fpu\libg_nano.a(lib_a-strlen.o)
 .debug_frame   0x000026cc       0xb0 d:/gnu_arm/bin/../lib/gcc/arm-none-eabi/4.9.3/../../../../arm-none-eabi/lib/armv7e-m/fpu\libg_nano.a(lib_a-strtod.o)
 .debug_frame   0x0000277c       0x54 d:/gnu_arm/bin/../lib/gcc/arm-none-eabi/4.9.3/../../../../arm-none-eabi/lib/armv7e-m/fpu\libg_nano.a(lib_a-strtol.o)
 .debug_frame   0x000027d0       0x50 d:/gnu_arm/bin/../lib/gcc/arm-none-eabi/4.9.3/../../../../arm-none-eabi/lib/armv7e-m/fpu\libg_nano.a(lib_a-vsnprintf.o)
 .debug_frame   0x00002820       0x6c d:/gnu_arm/bin/../lib/gcc/arm-none-eabi/4.9.3/../../../../arm-none-eabi/lib/armv7e-m/fpu\libg_nano.a(lib_a-dtoa.o)
 .debug_frame   0x0000288c       0x70 d:/gnu_arm/bin/../lib/gcc/arm-none-eabi/4.9.3/../../../../arm-none-eabi/lib/armv7e-m/fpu\libg_nano.a(lib_a-gdtoa-gethex.o)
 .debug_frame   0x000028fc       0x58 d:/gnu_arm/bin/../lib/gcc/arm-none-eabi/4.9.3/../../../../arm-none-eabi/lib/armv7e-m/fpu\libg_nano.a(lib_a-gdtoa-hexnan.o)
 .debug_frame   0x00002954       0x98 d:/gnu_arm/bin/../lib/gcc/arm-none-eabi/4.9.3/../../../../arm-none-eabi/lib/armv7e-m/fpu\libg_nano.a(lib_a-locale.o)
 .debug_frame   0x000029ec       0x30 d:/gnu_arm/bin/../lib/gcc/arm-none-eabi/4.9.3/../../../../arm-none-eabi/lib/armv7e-m/fpu\libg_nano.a(lib_a-malloc.o)
 .debug_frame   0x00002a1c       0x28 d:/gnu_arm/bin/../lib/gcc/arm-none-eabi/4.9.3/../../../../arm-none-eabi/lib/armv7e-m/fpu\libg_nano.a(lib_a-memchr.o)
 .debug_frame   0x00002a44      0x230 d:/gnu_arm/bin/../lib/gcc/arm-none-eabi/4.9.3/../../../../arm-none-eabi/lib/armv7e-m/fpu\libg_nano.a(lib_a-mprec.o)
 .debug_frame   0x00002c74       0x2c d:/gnu_arm/bin/../lib/gcc/arm-none-eabi/4.9.3/../../../../arm-none-eabi/lib/armv7e-m/fpu\libg_nano.a(lib_a-nano-callocr.o)
 .debug_frame   0x00002ca0       0x2c d:/gnu_arm/bin/../lib/gcc/arm-none-eabi/4.9.3/../../../../arm-none-eabi/lib/armv7e-m/fpu\libg_nano.a(lib_a-nano-freer.o)
 .debug_frame   0x00002ccc       0x2c d:/gnu_arm/bin/../lib/gcc/arm-none-eabi/4.9.3/../../../../arm-none-eabi/lib/armv7e-m/fpu\libg_nano.a(lib_a-nano-mallocr.o)
 .debug_frame   0x00002cf8       0x8c d:/gnu_arm/bin/../lib/gcc/arm-none-eabi/4.9.3/../../../../arm-none-eabi/lib/armv7e-m/fpu\libg_nano.a(lib_a-nano-svfprintf.o)
 .debug_frame   0x00002d84       0x2c d:/gnu_arm/bin/../lib/gcc/arm-none-eabi/4.9.3/../../../../arm-none-eabi/lib/armv7e-m/fpu\libg_nano.a(lib_a-sbrkr.o)
 .debug_frame   0x00002db0       0x2c d:/gnu_arm/bin/../lib/gcc/arm-none-eabi/4.9.3/../../../../arm-none-eabi/lib/armv7e-m/fpu\libg_nano.a(lib_a-strncmp.o)
 .debug_frame   0x00002ddc       0x28 d:/gnu_arm/bin/../lib/gcc/arm-none-eabi/4.9.3/../../../../arm-none-eabi/lib/armv7e-m/fpu\libg_nano.a(lib_a-memmove.o)
 .debug_frame   0x00002e04       0x3c d:/gnu_arm/bin/../lib/gcc/arm-none-eabi/4.9.3/../../../../arm-none-eabi/lib/armv7e-m/fpu\libg_nano.a(lib_a-nano-reallocr.o)
 .debug_frame   0x00002e40       0x20 d:/gnu_arm/bin/../lib/gcc/arm-none-eabi/4.9.3/../../../../arm-none-eabi/lib/armv7e-m/fpu\libg_nano.a(lib_a-nano-msizer.o)

.debug_str      0x00000000    0xa17e6
 *(.debug_str)
 .debug_str     0x00000000    0x98abd ./system/src/stm32f4-hal/stm32f4xx_hal.o
                              0x98ed9 (size before relaxing)
 .debug_str     0x00098abd      0x2d7 ./system/src/stm32f4-hal/stm32f4xx_hal_cortex.o
                              0x98c80 (size before relaxing)
 .debug_str     0x00098d94      0x411 ./system/src/stm32f4-hal/stm32f4xx_hal_rcc.o
                              0x98920 (size before relaxing)
 .debug_str     0x000991a5      0xedb ./system/src/newlib/_exit.o
                               0x5e95 (size before relaxing)
 .debug_str     0x0009a080      0x4d6 ./system/src/newlib/_sbrk.o
                               0x460a (size before relaxing)
 .debug_str     0x0009a556      0x27d ./system/src/newlib/_startup.o
                               0x41d8 (size before relaxing)
 .debug_str     0x0009a7d3     0x118c ./system/src/newlib/_syscalls.o
                               0x6604 (size before relaxing)
 .debug_str     0x0009b95f       0xd1 ./system/src/newlib/assert.o
                               0x6996 (size before relaxing)
 .debug_str     0x0009ba30      0x16f ./system/src/diag/Trace.o
                               0x6793 (size before relaxing)
 .debug_str     0x0009bb9f      0x387 ./system/src/diag/trace_impl.o
                              0x9949e (size before relaxing)
 .debug_str     0x0009bf26       0x5f ./system/src/cortexm/_initialize_hardware.o
                              0x98419 (size before relaxing)
 .debug_str     0x0009bf85      0x197 ./system/src/cortexm/exception_handlers.o
                              0x99611 (size before relaxing)
 .debug_str     0x0009c11c       0x67 ./system/src/cmsis/system_stm32f4xx.o
                              0x9853e (size before relaxing)
 .debug_str     0x0009c183       0x57 ./system/src/cmsis/vectors_stm32f4xx.o
                               0x30a4 (size before relaxing)
 .debug_str     0x0009c1da      0x3e4 ./stm32f4_mylib/src/EXTI.o
                              0x9872a (size before relaxing)
 .debug_str     0x0009c5be      0x42f ./stm32f4_mylib/src/GPIO.o
                              0x987bc (size before relaxing)
 .debug_str     0x0009c9ed      0x874 ./stm32f4_mylib/src/HD44780.o
                              0x98efa (size before relaxing)
 .debug_str     0x0009d261      0x476 ./stm32f4_mylib/src/NEC_remote_controller.o
                              0x9951c (size before relaxing)
 .debug_str     0x0009d6d7       0x4c ./stm32f4_mylib/src/RCC.o
                              0x98544 (size before relaxing)
 .debug_str     0x0009d723       0x74 ./stm32f4_mylib/src/SysTick.o
                              0x9853f (size before relaxing)
 .debug_str     0x0009d797     0x14df ./stm32f4_mylib/src/TIM.o
                              0x9a3dc (size before relaxing)
 .debug_str     0x0009ec76      0x1a4 ./stm32f4_mylib/src/USART.o
                              0x985e6 (size before relaxing)
 .debug_str     0x0009ee1a      0x1bb ./stm32f4_mylib/src/dac.o
                              0x9888a (size before relaxing)
 .debug_str     0x0009efd5       0x76 ./stm32f4_mylib/src/fifo.o
                               0x57e3 (size before relaxing)
 .debug_str     0x0009f04b      0x5e1 ./stm32f4_mylib/src/misc.o
                              0x98a1c (size before relaxing)
 .debug_str     0x0009f62c      0x5c2 ./stm32f4_mylib/src/sd_card_reader.o
                              0x9a21e (size before relaxing)
 .debug_str     0x0009fbee     0x1059 ./stm32f4_mylib/src/spi.o
                              0x99afb (size before relaxing)
 .debug_str     0x000a0c47       0x86 ./stm32f4_mylib/FatFS/diskio.o
                              0x998e6 (size before relaxing)
 .debug_str     0x000a0ccd      0x742 ./stm32f4_mylib/FatFS/ff.o
                               0x362e (size before relaxing)
 .debug_str     0x000a140f       0x31 ./src/_initialize_hardware.o
                              0x985b4 (size before relaxing)
 .debug_str     0x000a1440      0x297 ./src/main.o
                              0x9c30d (size before relaxing)
 .debug_str     0x000a16d7      0x10f ./src/wav.o
                              0x99cc8 (size before relaxing)

.debug_loc
 *(.debug_loc)

.debug_macinfo
 *(.debug_macinfo)

.debug_weaknames
 *(.debug_weaknames)

.debug_funcnames
 *(.debug_funcnames)

.debug_typenames
 *(.debug_typenames)

.debug_varnames
 *(.debug_varnames)
OUTPUT(Eclipse_Wav.elf elf32-littlearm)

.debug_ranges   0x00000000      0x8a8
 .debug_ranges  0x00000000       0xb0 ./system/src/stm32f4-hal/stm32f4xx_hal.o
 .debug_ranges  0x000000b0       0xf0 ./system/src/stm32f4-hal/stm32f4xx_hal_cortex.o
 .debug_ranges  0x000001a0       0x78 ./system/src/stm32f4-hal/stm32f4xx_hal_rcc.o
 .debug_ranges  0x00000218       0x18 ./system/src/newlib/_exit.o
 .debug_ranges  0x00000230       0x10 ./system/src/newlib/_sbrk.o
 .debug_ranges  0x00000240       0x30 ./system/src/newlib/_startup.o
 .debug_ranges  0x00000270       0x20 ./system/src/newlib/_syscalls.o
 .debug_ranges  0x00000290       0x18 ./system/src/newlib/assert.o
 .debug_ranges  0x000002a8       0x28 ./system/src/diag/Trace.o
 .debug_ranges  0x000002d0       0x20 ./system/src/diag/trace_impl.o
 .debug_ranges  0x000002f0       0x18 ./system/src/cortexm/_initialize_hardware.o